Component: ARM Compiler 5.06 update 7 (build 960) Tool: armlink [4d3601]

==============================================================================

Section Cross References

    startup_stm32f407xx.o(RESET) refers to startup_stm32f407xx.o(STACK) for __initial_sp
    startup_stm32f407xx.o(RESET) refers to startup_stm32f407xx.o(.text) for Reset_Handler
    startup_stm32f407xx.o(RESET) refers to stm32f4xx_it.o(i.NMI_Handler) for NMI_Handler
    startup_stm32f407xx.o(RESET) refers to stm32f4xx_it.o(i.HardFault_Handler) for HardFault_Handler
    startup_stm32f407xx.o(RESET) refers to stm32f4xx_it.o(i.MemManage_Handler) for MemManage_Handler
    startup_stm32f407xx.o(RESET) refers to stm32f4xx_it.o(i.BusFault_Handler) for BusFault_Handler
    startup_stm32f407xx.o(RESET) refers to stm32f4xx_it.o(i.UsageFault_Handler) for UsageFault_Handler
    startup_stm32f407xx.o(RESET) refers to port.o(.emb_text) for SVC_Handler
    startup_stm32f407xx.o(RESET) refers to stm32f4xx_it.o(i.DebugMon_Handler) for DebugMon_Handler
    startup_stm32f407xx.o(RESET) refers to port.o(i.SysTick_Handler) for SysTick_Handler
    startup_stm32f407xx.o(RESET) refers to stm32f4xx_it.o(i.DMA1_Stream0_IRQHandler) for DMA1_Stream0_IRQHandler
    startup_stm32f407xx.o(RESET) refers to stm32f4xx_it.o(i.DMA1_Stream2_IRQHandler) for DMA1_Stream2_IRQHandler
    startup_stm32f407xx.o(RESET) refers to stm32f4xx_it.o(i.DMA1_Stream5_IRQHandler) for DMA1_Stream5_IRQHandler
    startup_stm32f407xx.o(RESET) refers to stm32f4xx_it.o(i.CAN1_RX0_IRQHandler) for CAN1_RX0_IRQHandler
    startup_stm32f407xx.o(RESET) refers to stm32f4xx_it.o(i.TIM2_IRQHandler) for TIM2_IRQHandler
    startup_stm32f407xx.o(RESET) refers to stm32f4xx_it.o(i.USART1_IRQHandler) for USART1_IRQHandler
    startup_stm32f407xx.o(RESET) refers to stm32f4xx_it.o(i.USART2_IRQHandler) for USART2_IRQHandler
    startup_stm32f407xx.o(RESET) refers to stm32f4xx_it.o(i.DMA1_Stream7_IRQHandler) for DMA1_Stream7_IRQHandler
    startup_stm32f407xx.o(RESET) refers to stm32f4xx_it.o(i.UART4_IRQHandler) for UART4_IRQHandler
    startup_stm32f407xx.o(RESET) refers to stm32f4xx_it.o(i.UART5_IRQHandler) for UART5_IRQHandler
    startup_stm32f407xx.o(RESET) refers to stm32f4xx_it.o(i.DMA2_Stream2_IRQHandler) for DMA2_Stream2_IRQHandler
    startup_stm32f407xx.o(RESET) refers to stm32f4xx_it.o(i.CAN2_RX0_IRQHandler) for CAN2_RX0_IRQHandler
    startup_stm32f407xx.o(.text) refers to system_stm32f4xx.o(i.SystemInit) for SystemInit
    startup_stm32f407xx.o(.text) refers to entry.o(.ARM.Collect$$$$00000000) for __main
    drv_can.o(i.CAN1_Init) refers to drv_can.o(i.CAN_Filter_ParamsInit) for CAN_Filter_ParamsInit
    drv_can.o(i.CAN1_Init) refers to stm32f4xx_hal_can.o(i.HAL_CAN_ConfigFilter) for HAL_CAN_ConfigFilter
    drv_can.o(i.CAN1_Init) refers to stm32f4xx_hal_can.o(i.HAL_CAN_ActivateNotification) for HAL_CAN_ActivateNotification
    drv_can.o(i.CAN1_Init) refers to stm32f4xx_hal_can.o(i.HAL_CAN_Start) for HAL_CAN_Start
    drv_can.o(i.CAN1_Init) refers to can.o(.bss) for hcan1
    drv_can.o(i.CAN1_SendData) refers to drv_can.o(i.CAN_SendData) for CAN_SendData
    drv_can.o(i.CAN1_SendData) refers to can.o(.bss) for hcan1
    drv_can.o(i.CAN1_rxDataHandler) refers to main.o(.bss) for MOTOR
    drv_can.o(i.CAN2_Init) refers to drv_can.o(i.CAN_Filter_ParamsInit) for CAN_Filter_ParamsInit
    drv_can.o(i.CAN2_Init) refers to stm32f4xx_hal_can.o(i.HAL_CAN_ConfigFilter) for HAL_CAN_ConfigFilter
    drv_can.o(i.CAN2_Init) refers to stm32f4xx_hal_can.o(i.HAL_CAN_ActivateNotification) for HAL_CAN_ActivateNotification
    drv_can.o(i.CAN2_Init) refers to stm32f4xx_hal_can.o(i.HAL_CAN_Start) for HAL_CAN_Start
    drv_can.o(i.CAN2_Init) refers to can.o(.bss) for hcan2
    drv_can.o(i.CAN2_SendData) refers to drv_can.o(i.CAN_SendData) for CAN_SendData
    drv_can.o(i.CAN2_SendData) refers to can.o(.bss) for hcan2
    drv_can.o(i.CAN2_rxDataHandler) refers to main.o(.bss) for MOTOR
    drv_can.o(i.CAN_Rx_Callback) refers to stm32f4xx_hal_can.o(i.HAL_CAN_GetRxMessage) for HAL_CAN_GetRxMessage
    drv_can.o(i.CAN_Rx_Callback) refers to drv_can.o(i.CAN1_rxDataHandler) for CAN1_rxDataHandler
    drv_can.o(i.CAN_Rx_Callback) refers to drv_can.o(i.CAN2_rxDataHandler) for CAN2_rxDataHandler
    drv_can.o(i.CAN_Rx_Callback) refers to drv_can.o(.bss) for .bss
    drv_can.o(i.CAN_SendData) refers to stm32f4xx_hal_can.o(i.HAL_CAN_AddTxMessage) for HAL_CAN_AddTxMessage
    drv_can.o(i.CAN_SendData) refers to drv_can.o(.bss) for .bss
    drv_can.o(i.HAL_CAN_RxFifo0MsgPendingCallback) refers to drv_can.o(i.CAN_Rx_Callback) for CAN_Rx_Callback
    drv_tim.o(i.PWM_Init) refers to stm32f4xx_hal_tim.o(i.HAL_TIM_PWM_Start) for HAL_TIM_PWM_Start
    drv_tim.o(i.PWM_Init) refers to drv_tim.o(i.FRICTION_PwmOut) for FRICTION_PwmOut
    drv_tim.o(i.PWM_Init) refers to tim.o(.bss) for htim3
    drv_adda.o(i.ADC_GetValue) refers to stm32f4xx_hal_adc.o(i.HAL_ADC_Start) for HAL_ADC_Start
[...]
    DAC_Init                                 0x080011b9   Thumb Code     8  drv_adda.o(i.DAC_Init)
    DEV_Init                                 0x080011c5   Thumb Code    38  device.o(i.DEV_Init)
    DMA1_Stream0_IRQHandler                  0x080011f1   Thumb Code     6  stm32f4xx_it.o(i.DMA1_Stream0_IRQHandler)
    DMA1_Stream2_IRQHandler                  0x080011fd   Thumb Code     6  stm32f4xx_it.o(i.DMA1_Stream2_IRQHandler)
    DMA1_Stream5_IRQHandler                  0x08001209   Thumb Code     6  stm32f4xx_it.o(i.DMA1_Stream5_IRQHandler)
    DMA1_Stream7_IRQHandler                  0x08001215   Thumb Code     6  stm32f4xx_it.o(i.DMA1_Stream7_IRQHandler)
    DMA2_Stream2_IRQHandler                  0x08001221   Thumb Code     6  stm32f4xx_it.o(i.DMA2_Stream2_IRQHandler)
    DRIVER_Init                              0x0800154f   Thumb Code    42  driver.o(i.DRIVER_Init)
    DRV_UART_IRQHandler                      0x08001579   Thumb Code    20  drv_uart.o(i.DRV_UART_IRQHandler)
    DebugMon_Handler                         0x0800158d   Thumb Code     2  stm32f4xx_it.o(i.DebugMon_Handler)
    Determine_ID                             0x08001591   Thumb Code   258  judge_infantrypotocol.o(i.Determine_ID)
    Error_Handler                            0x08001699   Thumb Code     2  main.o(i.Error_Handler)
    FRICTION_PwmOut                          0x0800169d   Thumb Code    18  drv_tim.o(i.FRICTION_PwmOut)
    Get_CRC16_Check_Sum                      0x080016b5   Thumb Code    38  crc.o(i.Get_CRC16_Check_Sum)
    Get_CRC8_Check_Sum                       0x080016e1   Thumb Code    26  crc.o(i.Get_CRC8_Check_Sum)
    HAL_ADC_ConfigChannel                    0x08001701   Thumb Code   316  stm32f4xx_hal_adc.o(i.HAL_ADC_ConfigChannel)
    HAL_ADC_Init                             0x0800184d   Thumb Code    84  stm32f4xx_hal_adc.o(i.HAL_ADC_Init)
    HAL_ADC_MspInit                          0x080018a1   Thumb Code    84  adc.o(i.HAL_ADC_MspInit)
    HAL_CAN_ActivateNotification             0x08001901   Thumb Code    36  stm32f4xx_hal_can.o(i.HAL_CAN_ActivateNotification)
    HAL_CAN_AddTxMessage                     0x08001925   Thumb Code   220  stm32f4xx_hal_can.o(i.HAL_CAN_AddTxMessage)
    HAL_CAN_ConfigFilter                     0x08001a01   Thumb Code   262  stm32f4xx_hal_can.o(i.HAL_CAN_ConfigFilter)
    HAL_CAN_ErrorCallback                    0x08001b0d   Thumb Code     2  stm32f4xx_hal_can.o(i.HAL_CAN_ErrorCallback)
    HAL_CAN_GetRxMessage                     0x08001b0f   Thumb Code   232  stm32f4xx_hal_can.o(i.HAL_CAN_GetRxMessage)
    HAL_CAN_IRQHandler                       0x08001bf7   Thumb Code   508  stm32f4xx_hal_can.o(i.HAL_CAN_IRQHandler)
    HAL_CAN_Init                             0x08001df3   Thumb Code   282  stm32f4xx_hal_can.o(i.HAL_CAN_Init)
    HAL_CAN_MspInit                          0x08001f0d   Thumb Code   226  can.o(i.HAL_CAN_MspInit)
    HAL_CAN_RxFifo0FullCallback              0x08002009   Thumb Code     2  stm32f4xx_hal_can.o(i.HAL_CAN_RxFifo0FullCallback)
    HAL_CAN_RxFifo0MsgPendingCallback        0x0800200d   Thumb Code    20  drv_can.o(i.HAL_CAN_RxFifo0MsgPendingCallback)
    HAL_CAN_RxFifo1FullCallback              0x08002029   Thumb Code     2  stm32f4xx_hal_can.o(i.HAL_CAN_RxFifo1FullCallback)
    HAL_CAN_RxFifo1MsgPendingCallback        0x0800202b   Thumb Code     2  stm32f4xx_hal_can.o(i.HAL_CAN_RxFifo1MsgPendingCallback)
    HAL_CAN_SleepCallback                    0x0800202d   Thumb Code     2  stm32f4xx_hal_can.o(i.HAL_CAN_SleepCallback)
    HAL_CAN_Start                            0x08002031   Thumb Code    88  stm32f4xx_hal_can.o(i.HAL_CAN_Start)
    HAL_CAN_TxMailbox0AbortCallback          0x08002089   Thumb Code     2  stm32f4xx_hal_can.o(i.HAL_CAN_TxMailbox0AbortCallback)
    HAL_CAN_TxMailbox0CompleteCallback       0x0800208b   Thumb Code     2  stm32f4xx_hal_can.o(i.HAL_CAN_TxMailbox0CompleteCallback)
    HAL_CAN_TxMailbox1AbortCallback          0x0800208d   Thumb Code     2  stm32f4xx_hal_can.o(i.HAL_CAN_TxMailbox1AbortCallback)
    HAL_CAN_TxMailbox1CompleteCallback       0x0800208f   Thumb Code     2  stm32f4xx_hal_can.o(i.HAL_CAN_TxMailbox1CompleteCallback)
    HAL_CAN_TxMailbox2AbortCallback          0x08002091   Thumb Code     2  stm32f4xx_hal_can.o(i.HAL_CAN_TxMailbox2AbortCallback)
    HAL_CAN_TxMailbox2CompleteCallback       0x08002093   Thumb Code     2  stm32f4xx_hal_can.o(i.HAL_CAN_TxMailbox2CompleteCallback)
    HAL_CAN_WakeUpFromRxMsgCallback          0x08002095   Thumb Code     2  stm32f4xx_hal_can.o(i.HAL_CAN_WakeUpFromRxMsgCallback)
    HAL_DAC_ConfigChannel                    0x08002097   Thumb Code    66  stm32f4xx_hal_dac.o(i.HAL_DAC_ConfigChannel)
    HAL_DAC_Init                             0x080020d9   Thumb Code    40  stm32f4xx_hal_dac.o(i.HAL_DAC_Init)
    HAL_DAC_MspInit                          0x08002101   Thumb Code    84  dac.o(i.HAL_DAC_MspInit)
    HAL_DAC_Start                            0x08002161   Thumb Code   108  stm32f4xx_hal_dac.o(i.HAL_DAC_Start)
    HAL_DMA_Abort_IT                         0x080021cd   Thumb Code    36  stm32f4xx_hal_dma.o(i.HAL_DMA_Abort_IT)
    HAL_DMA_IRQHandler                       0x080021f1   Thumb Code   412  stm32f4xx_hal_dma.o(i.HAL_DMA_IRQHandler)
    HAL_DMA_Init                             0x08002391   Thumb Code   206  stm32f4xx_hal_dma.o(i.HAL_DMA_Init)
    HAL_Delay                                0x08002465   Thumb Code    32  stm32f4xx_hal.o(i.HAL_Delay)
    HAL_GPIO_Init                            0x08002489   Thumb Code   394  stm32f4xx_hal_gpio.o(i.HAL_GPIO_Init)
    HAL_GPIO_WritePin                        0x08002641   Thumb Code    10  stm32f4xx_hal_gpio.o(i.HAL_GPIO_WritePin)
    HAL_GetTick                              0x0800264d   Thumb Code     6  stm32f4xx_hal.o(i.HAL_GetTick)
    HAL_IncTick                              0x08002659   Thumb Code    12  stm32f4xx_hal.o(i.HAL_IncTick)
    HAL_Init                                 0x08002669   Thumb Code    48  stm32f4xx_hal.o(i.HAL_Init)
    HAL_InitTick                             0x0800269d   Thumb Code   102  stm32f4xx_hal_timebase_tim.o(i.HAL_InitTick)
    HAL_MspInit                              0x08002711   Thumb Code    52  stm32f4xx_hal_msp.o(i.HAL_MspInit)
    HAL_NVIC_EnableIRQ                       0x08002749   Thumb Code    26  stm32f4xx_hal_cortex.o(i.HAL_NVIC_EnableIRQ)
    HAL_NVIC_SetPriority                     0x08002765   Thumb Code    60  stm32f4xx_hal_cortex.o(i.HAL_NVIC_SetPriority)
    HAL_NVIC_SetPriorityGrouping             0x080027a5   Thumb Code    26  stm32f4xx_hal_cortex.o(i.HAL_NVIC_SetPriorityGrouping)
    HAL_RCC_ClockConfig                      0x080027c9   Thumb Code   288  stm32f4xx_hal_rcc.o(i.HAL_RCC_ClockConfig)
    HAL_RCC_GetClockConfig                   0x080028fd   Thumb Code    54  stm32f4xx_hal_rcc.o(i.HAL_RCC_GetClockConfig)
    HAL_RCC_GetPCLK1Freq                     0x0800293d   Thumb Code    20  stm32f4xx_hal_rcc.o(i.HAL_RCC_GetPCLK1Freq)
    HAL_RCC_GetPCLK2Freq                     0x0800295d   Thumb Code    20  stm32f4xx_hal_rcc.o(i.HAL_RCC_GetPCLK2Freq)
    HAL_RCC_GetSysClockFreq                  0x0800297d   Thumb Code    88  stm32f4xx_hal_rcc.o(i.HAL_RCC_GetSysClockFreq)
    HAL_RCC_OscConfig                        0x080029e1   Thumb Code   840  stm32f4xx_hal_rcc.o(i.HAL_RCC_OscConfig)
    HAL_TIMEx_BreakCallback                  0x08002d3d   Thumb Code     2  stm32f4xx_hal_tim_ex.o(i.HAL_TIMEx_BreakCallback)
    HAL_TIMEx_CommutCallback                 0x08002d3f   Thumb Code     2  stm32f4xx_hal_tim_ex.o(i.HAL_TIMEx_CommutCallback)
    HAL_TIMEx_ConfigBreakDeadTime            0x08002d41   Thumb Code    84  stm32f4xx_hal_tim_ex.o(i.HAL_TIMEx_ConfigBreakDeadTime)
    HAL_TIMEx_MasterConfigSynchronization    0x08002d95   Thumb Code   116  stm32f4xx_hal_tim_ex.o(i.HAL_TIMEx_MasterConfigSynchronization)
    HAL_TIM_Base_Init                        0x08002e25   Thumb Code    54  stm32f4xx_hal_tim.o(i.HAL_TIM_Base_Init)
    HAL_TIM_Base_MspInit                     0x08002e5d   Thumb Code    56  tim.o(i.HAL_TIM_Base_MspInit)
    HAL_TIM_Base_Start_IT                    0x08002ea1   Thumb Code    34  stm32f4xx_hal_tim.o(i.HAL_TIM_Base_Start_IT)
    HAL_TIM_ConfigClockSource                0x08002ec3   Thumb Code   214  stm32f4xx_hal_tim.o(i.HAL_TIM_ConfigClockSource)
    HAL_TIM_IC_CaptureCallback               0x08002f99   Thumb Code     2  stm32f4xx_hal_tim.o(i.HAL_TIM_IC_CaptureCallback)
    HAL_TIM_IRQHandler                       0x08002f9b   Thumb Code   358  stm32f4xx_hal_tim.o(i.HAL_TIM_IRQHandler)
    HAL_TIM_MspPostInit                      0x08003101   Thumb Code   110  tim.o(i.HAL_TIM_MspPostInit)
    HAL_TIM_OC_DelayElapsedCallback          0x08003185   Thumb Code     2  stm32f4xx_hal_tim.o(i.HAL_TIM_OC_DelayElapsedCallback)
    HAL_TIM_PWM_ConfigChannel                0x08003187   Thumb Code   208  stm32f4xx_hal_tim.o(i.HAL_TIM_PWM_ConfigChannel)
    HAL_TIM_PWM_Init                         0x08003257   Thumb Code    54  stm32f4xx_hal_tim.o(i.HAL_TIM_PWM_Init)
    HAL_TIM_PWM_MspInit                      0x0800328d   Thumb Code     2  stm32f4xx_hal_tim.o(i.HAL_TIM_PWM_MspInit)
    HAL_TIM_PWM_PulseFinishedCallback        0x0800328f   Thumb Code     2  stm32f4xx_hal_tim.o(i.HAL_TIM_PWM_PulseFinishedCallback)
    HAL_TIM_PWM_Start                        0x08003291   Thumb Code    58  stm32f4xx_hal_tim.o(i.HAL_TIM_PWM_Start)
    HAL_TIM_PeriodElapsedCallback            0x080032d5   Thumb Code    14  main.o(i.HAL_TIM_PeriodElapsedCallback)
    HAL_TIM_TriggerCallback                  0x080032e3   Thumb Code     2  stm32f4xx_hal_tim.o(i.HAL_TIM_TriggerCallback)
    HAL_UART_ErrorCallback                   0x080032e5   Thumb Code     2  stm32f4xx_hal_uart.o(i.HAL_UART_ErrorCallback)
    HAL_UART_IRQHandler                      0x080032e9   Thumb Code   270  stm32f4xx_hal_uart.o(i.HAL_UART_IRQHandler)
    HAL_UART_Init                            0x080033fd   Thumb Code    98  stm32f4xx_hal_uart.o(i.HAL_UART_Init)
    HAL_UART_MspInit                         0x08003461   Thumb Code   772  usart.o(i.HAL_UART_MspInit)
    HAL_UART_RxCpltCallback                  0x08003795   Thumb Code     2  stm32f4xx_hal_uart.o(i.HAL_UART_RxCpltCallback)
    HAL_UART_TxCpltCallback                  0x08003797   Thumb Code     2  stm32f4xx_hal_uart.o(i.HAL_UART_TxCpltCallback)
    HardFault_Handler                        0x08003799   Thumb Code     2  stm32f4xx_it.o(i.HardFault_Handler)
    IIC_Ack                                  0x0800379d   Thumb Code    56  soft_iic.o(i.IIC_Ack)
    IIC_NAck                                 0x080037dd   Thumb Code    56  soft_iic.o(i.IIC_NAck)
    IIC_Read_Byte                            0x0800381d   Thumb Code    96  soft_iic.o(i.IIC_Read_Byte)
    IIC_Send_Byte                            0x08003885   Thumb Code    86  soft_iic.o(i.IIC_Send_Byte)
    IIC_Start                                0x080038e5   Thumb Code    56  soft_iic.o(i.IIC_Start)
    IIC_Stop                                 0x08003925   Thumb Code    58  soft_iic.o(i.IIC_Stop)
    IIC_Wait_Ack                             0x08003969   Thumb Code    74  soft_iic.o(i.IIC_Wait_Ack)
    MPU_Read_Byte                            0x080039bd   Thumb Code    72  bmi2_common.o(i.MPU_Read_Byte)
    MPU_Read_all                             0x08003a09   Thumb Code    92  bmi2_common.o(i.MPU_Read_all)
    MX_ADC1_Init                             0x08003a69   Thumb Code    88  adc.o(i.MX_ADC1_Init)
    MX_CAN1_Init                             0x08003acd   Thumb Code    62  can.o(i.MX_CAN1_Init)
    MX_CAN2_Init                             0x08003b15   Thumb Code    62  can.o(i.MX_CAN2_Init)
    MX_DAC_Init                              0x08003b5d   Thumb Code    52  dac.o(i.MX_DAC_Init)
    MX_DMA_Init                              0x08003b99   Thumb Code   120  dma.o(i.MX_DMA_Init)
    MX_GPIO_Init                             0x08003c15   Thumb Code   284  gpio.o(i.MX_GPIO_Init)
    MX_TIM1_Init                             0x08003d45   Thumb Code   194  tim.o(i.MX_TIM1_Init)
    MX_TIM3_Init                             0x08003e11   Thumb Code   160  tim.o(i.MX_TIM3_Init)
    MX_UART4_Init                            0x08003eb9   Thumb Code    48  usart.o(i.MX_UART4_Init)
    MX_UART5_Init                            0x08003ef1   Thumb Code    48  usart.o(i.MX_UART5_Init)
    MX_USART1_UART_Init                      0x08003f29   Thumb Code    48  usart.o(i.MX_USART1_UART_Init)
    MX_USART2_UART_Init                      0x08003f61   Thumb Code    46  usart.o(i.MX_USART2_UART_Init)
    MemManage_Handler                        0x08003f9d   Thumb Code     2  stm32f4xx_it.o(i.MemManage_Handler)
    NMI_Handler                              0x08003f9f   Thumb Code     2  stm32f4xx_it.o(i.NMI_Handler)
    PWM_Init                                 0x08003fa1   Thumb Code    42  drv_tim.o(i.PWM_Init)
    Set_accel                                0x08003fef   Thumb Code    84  bmi.o(i.Set_accel)
    Set_gyro                                 0x08004043   Thumb Code    88  bmi.o(i.Set_gyro)
    SysTick_Handler                          0x0800409d   Thumb Code    38  port.o(i.SysTick_Handler)
    SystemClock_Config                       0x080040c9   Thumb Code   126  main.o(i.SystemClock_Config)
    SystemInit                               0x08004151   Thumb Code    22  system_stm32f4xx.o(i.SystemInit)
    TIM2_IRQHandler                          0x0800416d   Thumb Code     6  stm32f4xx_it.o(i.TIM2_IRQHandler)
    TIM_Base_SetConfig                       0x08004179   Thumb Code   156  stm32f4xx_hal_tim.o(i.TIM_Base_SetConfig)
    TIM_CCxChannelCmd                        0x08004241   Thumb Code    26  stm32f4xx_hal_tim.o(i.TIM_CCxChannelCmd)
    TIM_ETR_SetConfig                        0x0800425b   Thumb Code    20  stm32f4xx_hal_tim.o(i.TIM_ETR_SetConfig)
    TIM_OC2_SetConfig                        0x080042e1   Thumb Code    98  stm32f4xx_hal_tim.o(i.TIM_OC2_SetConfig)
    UART4_IRQHandler                         0x0800444d   Thumb Code    18  stm32f4xx_it.o(i.UART4_IRQHandler)
    UART5_IRQHandler                         0x08004465   Thumb Code    18  stm32f4xx_it.o(i.UART5_IRQHandler)
    USART1_IRQHandler                        0x080046cd   Thumb Code    18  stm32f4xx_it.o(i.USART1_IRQHandler)
    USART1_Init                              0x080046e5   Thumb Code    48  drv_uart.o(i.USART1_Init)
    USART1_rxDataHandler                     0x0800471d   Thumb Code    22  vision_potocol.o(i.USART1_rxDataHandler)
    USART2_IRQHandler                        0x08004739   Thumb Code    18  stm32f4xx_it.o(i.USART2_IRQHandler)
    USART2_Init                              0x08004751   Thumb Code    52  drv_uart.o(i.USART2_Init)
    USART2_rxDataHandler                     0x0800478d   Thumb Code    22  rc_potocol.o(i.USART2_rxDataHandler)
    USART4_Init                              0x080047a9   Thumb Code    46  drv_uart.o(i.USART4_Init)
    USART4_rxDataHandler                     0x080047e1   Thumb Code     2  drv_uart.o(i.USART4_rxDataHandler)
    USART5_Init                              0x080047e5   Thumb Code    46  drv_uart.o(i.USART5_Init)
    USART5_rxDataHandler                     0x0800481d   Thumb Code    22  judge_infantrypotocol.o(i.USART5_rxDataHandler)
    UsageFault_Handler                       0x08004839   Thumb Code     2  stm32f4xx_it.o(i.UsageFault_Handler)
    Verify_CRC16_Check_Sum                   0x0800483d   Thumb Code    54  crc.o(i.Verify_CRC16_Check_Sum)
    Verify_CRC8_Check_Sum                    0x08004879   Thumb Code    42  crc.o(i.Verify_CRC8_Check_Sum)
    __ARM_fpclassify                         0x080048a3   Thumb Code    48  fpclassify.o(i.__ARM_fpclassify)
    __hardfp_asin                            0x080048f9   Thumb Code   770  asin.o(i.__hardfp_asin)
    __hardfp_atan                            0x08004c59   Thumb Code   622  atan.o(i.__hardfp_atan)
    __hardfp_atan2                           0x08004f31   Thumb Code   448  atan2.o(i.__hardfp_atan2)
    __kernel_poly                            0x08005131   Thumb Code   248  poly.o(i.__kernel_poly)
    __mathlib_dbl_infnan                     0x08005229   Thumb Code    20  dunder.o(i.__mathlib_dbl_infnan)
    __mathlib_dbl_infnan2                    0x0800523d   Thumb Code    20  dunder.o(i.__mathlib_dbl_infnan2)
    __mathlib_dbl_invalid                    0x08005251   Thumb Code    24  dunder.o(i.__mathlib_dbl_invalid)
    __mathlib_dbl_underflow                  0x08005271   Thumb Code    24  dunder.o(i.__mathlib_dbl_underflow)
    __scatterload_copy                       0x08005291   Thumb Code    14  handlers.o(i.__scatterload_copy)
    __scatterload_null                       0x0800529f   Thumb Code     2  handlers.o(i.__scatterload_null)
    __scatterload_zeroinit                   0x080052a1   Thumb Code    14  handlers.o(i.__scatterload_zeroinit)
    __set_errno                              0x080052b1   Thumb Code     6  errno.o(i.__set_errno)
    atan                                     0x080052bd   Thumb Code    16  atan.o(i.atan)
    bmi270_init                              0x080052cd   Thumb Code   110  bmi270.o(i.bmi270_init)
    bmi2_error_codes_print_result            0x08005345   Thumb Code     2  bmi2_common.o(i.bmi2_error_codes_print_result)
    bmi2_extract_input_feat_config           0x08005347   Thumb Code    54  bmi2.o(i.bmi2_extract_input_feat_config)
    bmi2_get_feat_config                     0x0800537d   Thumb Code   160  bmi2.o(i.bmi2_get_feat_config)
    bmi2_get_gyro_cross_sense                0x0800541d   Thumb Code    60  bmi2.o(i.bmi2_get_gyro_cross_sense)
    bmi2_get_internal_status                 0x08005459   Thumb Code    48  bmi2.o(i.bmi2_get_internal_status)
    bmi2_get_regs                            0x08005489   Thumb Code   146  bmi2.o(i.bmi2_get_regs)
    bmi2_get_sensor_config                   0x0800551d   Thumb Code   570  bmi2.o(i.bmi2_get_sensor_config)
    bmi2_get_sensor_data                     0x08005757   Thumb Code   734  bmi2.o(i.bmi2_get_sensor_data)
    bmi2_get_status                          0x08005a35   Thumb Code    38  bmi2.o(i.bmi2_get_status)
    bmi2_interface_selection                 0x08005a5d   Thumb Code    48  bmi2_common.o(i.bmi2_interface_selection)
    bmi2_map_data_int                        0x08005a9d   Thumb Code   118  bmi2.o(i.bmi2_map_data_int)
    bmi2_sec_init                            0x08005b15   Thumb Code    96  bmi2.o(i.bmi2_sec_init)
    bmi2_sensor_enable                       0x08005b79   Thumb Code    56  bmi2.o(i.bmi2_sensor_enable)
    bmi2_set_adv_power_save                  0x08005bb1   Thumb Code    98  bmi2.o(i.bmi2_set_adv_power_save)
    bmi2_set_regs                            0x08005c15   Thumb Code   156  bmi2.o(i.bmi2_set_regs)
    bmi2_set_sensor_config                   0x08005cb1   Thumb Code   486  bmi2.o(i.bmi2_set_sensor_config)
    bmi2_soft_reset                          0x08005e97   Thumb Code    96  bmi2.o(i.bmi2_soft_reset)
    bmi2_write_config_file                   0x08005ef7   Thumb Code    86  bmi2.o(i.bmi2_write_config_file)
    can_rx_buff                              0x08005f4d   Thumb Code    44  motor.o(i.can_rx_buff)
    can_tx_buff                              0x08005f79   Thumb Code     2  motor.o(i.can_tx_buff)
    chassis_motor_init                       0x08006023   Thumb Code    62  can_potocol.o(i.chassis_motor_init)
    chassis_motor_update                     0x08006061   Thumb Code    26  can_potocol.o(i.chassis_motor_update)
    delay_us                                 0x080061a1   Thumb Code    24  drv_haltick.o(i.delay_us)
    fabs                                     0x0800621f   Thumb Code    24  fabs.o(i.fabs)
    free                                     0x08006239   Thumb Code    76  malloc.o(i.free)
    get_kt_9025_info                         0x080068b1   Thumb Code   396  motor.o(i.get_kt_9025_info)
    get_rm_can_drvie                         0x08006d65   Thumb Code    76  motor.o(i.get_rm_can_drvie)
    get_rm_info                              0x08006db9   Thumb Code    84  motor.o(i.get_rm_info)
    imu_sensor_init                          0x080074f1   Thumb Code   156  imu_potocol.o(i.imu_sensor_init)
    imu_sensor_update                        0x08007591   Thumb Code    86  imu_potocol.o(i.imu_sensor_update)
    inVSqrt                                  0x080075ed   Thumb Code    40  bmi.o(i.inVSqrt)
    judge_sensor_init                        0x08007649   Thumb Code    34  judge_infantrypotocol.o(i.judge_sensor_init)
    judge_sensor_update                      0x0800766b   Thumb Code   500  judge_infantrypotocol.o(i.judge_sensor_update)
    main                                     0x080078b9   Thumb Code   258  main.o(i.main)
    malloc                                   0x080079cd   Thumb Code    92  malloc.o(i.malloc)
    micros                                   0x08007a39   Thumb Code    30  drv_haltick.o(i.micros)
    motor_class_heartbeat                    0x08007a5d   Thumb Code    42  motor.o(i.motor_class_heartbeat)
    motor_class_init                         0x08007a89   Thumb Code   102  motor.o(i.motor_class_init)
    motor_class_pid_init                     0x08007b11   Thumb Code   112  motor.o(i.motor_class_pid_init)
    motor_class_stucking_flag                0x08007b85   Thumb Code    44  motor.o(i.motor_class_stucking_flag)
    motor_cycle                              0x08007bb1   Thumb Code    32  motor.o(i.motor_cycle)
    motor_half_cycle                         0x08007bd1   Thumb Code    60  motor.o(i.motor_half_cycle)
    motor_judge_dir                          0x08007c0d   Thumb Code    50  motor.o(i.motor_judge_dir)
    motor_offset                             0x08007c3f   Thumb Code    72  motor.o(i.motor_offset)
    motor_pid_angle                          0x08007c89   Thumb Code    60  motor.o(i.motor_pid_angle)
    motor_pid_cal                            0x08007cc9   Thumb Code   274  motor.o(i.motor_pid_cal)
    motor_pid_ctrl                           0x08007de1   Thumb Code   184  motor.o(i.motor_pid_ctrl)
    motor_pid_err                            0x08007ea5   Thumb Code    30  motor.o(i.motor_pid_err)
    motor_pid_position                       0x08007ec9   Thumb Code    56  motor.o(i.motor_pid_position)
    motor_pid_speed                          0x08007f05   Thumb Code    46  motor.o(i.motor_pid_speed)
    radar_Info_store                         0x08007f71   Thumb Code   234  judge_infantrypotocol.o(i.radar_Info_store)
    rc_sensor_init                           0x080080e3   Thumb Code    22  rc_potocol.o(i.rc_sensor_init)
    rc_sensor_update                         0x080080f9   Thumb Code   136  rc_potocol.o(i.rc_sensor_update)
    sqrt                                     0x0800a0f9   Thumb Code   110  sqrt.o(i.sqrt)
    user_delay_us                            0x0800a275   Thumb Code     4  bmi2_common.o(i.user_delay_us)
    user_i2c_reg_read                        0x0800a279   Thumb Code    36  bmi2_common.o(i.user_i2c_reg_read)
    user_i2c_reg_write                       0x0800a29d   Thumb Code    70  bmi2_common.o(i.user_i2c_reg_write)
    uxListRemove                             0x0800a2e9   Thumb Code    38  list.o(i.uxListRemove)
    vListInsertEnd                           0x0800a30f   Thumb Code    24  list.o(i.vListInsertEnd)
    vPortValidateInterruptPriority           0x0800a329   Thumb Code    74  port.o(i.vPortValidateInterruptPriority)
    vTaskSwitchContext                       0x0800a37d   Thumb Code    82  tasks.o(i.vTaskSwitchContext)
    vision_init                              0x0800a405   Thumb Code    28  vision_potocol.o(i.vision_init)
    vision_update                            0x0800a421   Thumb Code   146  vision_potocol.o(i.vision_update)
    xTaskGetTickCountFromISR                 0x0800a599   Thumb Code    12  tasks.o(i.xTaskGetTickCountFromISR)
    xTaskIncrementTick                       0x0800a5a9   Thumb Code   192  tasks.o(i.xTaskIncrementTick)
    bmi270_config_file                       0x0800a676   Data        8192  bmi270.o(.constdata)
    bmi270_feat_in                           0x0800c676   Data          48  bmi270.o(.constdata)
    bmi270_feat_out                          0x0800c6a6   Data          21  bmi270.o(.constdata)
    CRC8_TAB                                 0x0800c6bc   Data         256  crc.o(.constdata)
    wCRC_Table                               0x0800c7bc   Data         512  crc.o(.constdata)
    AHBPrescTable                            0x0800c9c4   Data          16  system_stm32f4xx.o(.constdata)
    APBPrescTable                            0x0800c9d4   Data           8  system_stm32f4xx.o(.constdata)
    __mathlib_zero                           0x0800cac8   Data           8  qnan.o(.constdata)
    Region$$Table$$Base                      0x0800cad0   Number         0  anon$$obj.o(Region$$Table)
    Region$$Table$$Limit                     0x0800caf0   Number         0  anon$$obj.o(Region$$Table)
    haltick                                  0x20000000   Data           4  drv_haltick.o(.data)
    Kp                                       0x20000004   Data           4  bmi.o(.data)
    Ki                                       0x20000008   Data           4  bmi.o(.data)
    halfT                                    0x2000000c   Data           4  bmi.o(.data)
    q0                                       0x20000010   Data           4  bmi.o(.data)
    q1                                       0x20000014   Data           4  bmi.o(.data)
    q2                                       0x20000018   Data           4  bmi.o(.data)
    q3                                       0x2000001c   Data           4  bmi.o(.data)
    norm                                     0x20000020   Data           4  bmi.o(.data)
    vx                                       0x20000024   Data           4  bmi.o(.data)
    vy                                       0x20000028   Data           4  bmi.o(.data)
    vz                                       0x2000002c   Data           4  bmi.o(.data)
    ex                                       0x20000030   Data           4  bmi.o(.data)
    ey                                       0x20000034   Data           4  bmi.o(.data)
    ez                                       0x20000038   Data           4  bmi.o(.data)
    gx                                       0x2000003c   Data           4  bmi.o(.data)
    gy                                       0x20000040   Data           4  bmi.o(.data)
    gz                                       0x20000044   Data           4  bmi.o(.data)
    ax                                       0x20000048   Data           4  bmi.o(.data)
    ay                                       0x2000004c   Data           4  bmi.o(.data)
    az                                       0x20000050   Data           4  bmi.o(.data)
    exInt                                    0x20000054   Data           4  bmi.o(.data)
    eyInt                                    0x20000058   Data           4  bmi.o(.data)
    ezInt                                    0x2000005c   Data           4  bmi.o(.data)
    q0temp                                   0x20000060   Data           4  bmi.o(.data)
    q1temp                                   0x20000064   Data           4  bmi.o(.data)
    q2temp                                   0x20000068   Data           4  bmi.o(.data)
    q3temp                                   0x2000006c   Data           4  bmi.o(.data)
    MPU_ADDR                                 0x20000070   Data           1  bmi2_common.o(.data)
    rc_sensor_info                           0x20000072   Data          26  rc_sensor.o(.data)
    rc_sensor                                0x2000008c   Data          28  rc_sensor.o(.data)
    imu_sensor_driver                        0x200000a8   Data           1  imu_sensor.o(.data)
    imu_sensor_info                          0x200000ac   Data          56  imu_sensor.o(.data)
    imu_sensor                               0x200000e4   Data          28  imu_sensor.o(.data)
    chassis_motor_driver                     0x20000104   Data          80  chassis_motor.o(.data)
    chassis_motor_info                       0x20000154   Data          64  chassis_motor.o(.data)
    chassis_motor                            0x20000194   Data         112  chassis_motor.o(.data)
    dev_list                                 0x20000204   Data          24  device.o(.data)
    judge_info                               0x2000021c   Data         190  judge_sensor.o(.data)
    judge_sensor                             0x200002dc   Data          36  judge_sensor.o(.data)
    CRC_INIT                                 0x20000300   Data           2  crc.o(.data)
    gyrox                                    0x20000302   Data           2  imu_potocol.o(.data)
    gyroy                                    0x20000304   Data           2  imu_potocol.o(.data)
    gyroz                                    0x20000306   Data           2  imu_potocol.o(.data)
    accx                                     0x20000308   Data           2  imu_potocol.o(.data)
    accy                                     0x2000030a   Data           2  imu_potocol.o(.data)
    accz                                     0x2000030c   Data           2  imu_potocol.o(.data)
    speed                                    0x20000310   Data           2  main.o(.data)
    data                                     0x20000312   Data           8  main.o(.data)
    pid_param                                0x2000031c   Data          28  main.o(.data)
    uwTickFreq                               0x2000033c   Data           1  stm32f4xx_hal.o(.data)
    uwTickPrio                               0x20000340   Data           4  stm32f4xx_hal.o(.data)
    uwTick                                   0x20000344   Data           4  stm32f4xx_hal.o(.data)
    SystemCoreClock                          0x20000348   Data           4  system_stm32f4xx.o(.data)
    pxCurrentTCB                             0x2000034c   Data           4  tasks.o(.data)
    enemy_radar_target                       0x20000395   Data           1  judge_infantrypotocol.o(.data)
    engineer_bool_updateflag                 0x20000396   Data           1  judge_infantrypotocol.o(.data)
    engineer_condition_updateflag            0x20000397   Data           1  judge_infantrypotocol.o(.data)
    global_engineer_comp_2                   0x20000398   Data           1  judge_infantrypotocol.o(.data)
    global_engineer_comp_3                   0x20000399   Data           1  judge_infantrypotocol.o(.data)
    global_engineer_orientation              0x2000039a   Data           1  judge_infantrypotocol.o(.data)
    global_engineer_mine_color               0x2000039b   Data           1  judge_infantrypotocol.o(.data)
    global_miner                             0x2000039c   Data           1  judge_infantrypotocol.o(.data)
    global_angle                             0x2000039d   Data           1  judge_infantrypotocol.o(.data)
    global_liner                             0x2000039e   Data           1  judge_infantrypotocol.o(.data)
    anglegg                                  0x200003a0   Data           4  judge_infantrypotocol.o(.data)
    global_engineer_task                     0x200003a4   Data           4  judge_infantrypotocol.o(.data)
    temp_ID                                  0x200003a8   Data          20  judge_infantrypotocol.o(.data)
    task_line_1                              0x200003bc   Data           9  judge_infantrypotocol.o(.data)
    vision_sensor_info                       0x200003c8   Data         688  vision_sensor.o(.data)
    vision_sensor                            0x20000678   Data          28  vision_sensor.o(.data)
    __microlib_freelist                      0x20000694   Data           4  mvars.o(.data)
    __microlib_freelist_initialised          0x20000698   Data           4  mvars.o(.data)
    hcan1RxFrame                             0x200006a0   Data          36  drv_can.o(.bss)
    hcan2RxFrame                             0x200006c4   Data          36  drv_can.o(.bss)
    hcan1TxFrame                             0x200006e8   Data          32  drv_can.o(.bss)
    hcan2TxFrame                             0x20000708   Data          32  drv_can.o(.bss)
    usart1_dma_rxbuf                         0x20000728   Data         350  drv_uart.o(.bss)
    usart2_dma_rxbuf                         0x20000886   Data          48  drv_uart.o(.bss)
    usart4_dma_rxbuf                         0x200008b6   Data         200  drv_uart.o(.bss)
    usart5_dma_rxbuf                         0x2000097e   Data         200  drv_uart.o(.bss)
    bmi2_dev                                 0x20000a48   Data         104  bmi.o(.bss)
    MOTOR                                    0x20000ab0   Data         500  main.o(.bss)
    hadc1                                    0x20000ca4   Data          72  adc.o(.bss)
    hcan1                                    0x20000cec   Data          40  can.o(.bss)
    hcan2                                    0x20000d14   Data          40  can.o(.bss)
    hdac                                     0x20000d3c   Data          20  dac.o(.bss)
    htim1                                    0x20000d50   Data          64  tim.o(.bss)
    htim3                                    0x20000d90   Data          64  tim.o(.bss)
    huart4                                   0x20000dd0   Data          64  usart.o(.bss)
    huart5                                   0x20000e10   Data          64  usart.o(.bss)
    huart1                                   0x20000e50   Data          64  usart.o(.bss)
    huart2                                   0x20000e90   Data          64  usart.o(.bss)
    hdma_uart4_rx                            0x20000ed0   Data          96  usart.o(.bss)
    hdma_uart5_rx                            0x20000f30   Data          96  usart.o(.bss)
    hdma_uart5_tx                            0x20000f90   Data          96  usart.o(.bss)
    hdma_usart1_rx                           0x20000ff0   Data          96  usart.o(.bss)
    hdma_usart2_rx                           0x20001050   Data          96  usart.o(.bss)
    htim2                                    0x200010b0   Data          64  stm32f4xx_hal_timebase_tim.o(.bss)
    storage_radar_detection                  0x200011e0   Data          80  judge_infantrypotocol.o(.bss)
    CliendTxBuffer                           0x20001230   Data         200  judge_infantrypotocol.o(.bss)
    radar_send_place                         0x200012f8   Data          23  judge_infantrypotocol.o(.bss)
    engineer_tx_client_char                  0x2000130f   Data          60  judge_infantrypotocol.o(.bss)
    engineer_tx_client_Redgreen              0x2000134b   Data          90  judge_infantrypotocol.o(.bss)
    engineer_tx_client_Redgreen_2            0x200013a5   Data          45  judge_infantrypotocol.o(.bss)
    engineer_tx_client_condition             0x200013d2   Data          90  judge_infantrypotocol.o(.bss)
    __heap_base                              0x20001430   Data           0  startup_stm32f407xx.o(HEAP)
    __heap_limit                             0x20001630   Data           0  startup_stm32f407xx.o(HEAP)
    __initial_sp                             0x20001a30   Data           0  startup_stm32f407xx.o(STACK)



==============================================================================

Memory Map of the image

  Image Entry point : 0x08000189

  Load Region LR_IROM1 (Base: 0x08000000, Size: 0x0000d190, Max: 0x00080000, ABSOLUTE, COMPRESSED[0x0000cbfc])

    Execution Region ER_IROM1 (Exec base: 0x08000000, Load base: 0x08000000, Size: 0x0000caf0, Max: 0x00080000, ABSOLUTE)

    Exec Addr    Load Addr    Size         Type   Attr      Idx    E Section Name        Object

    0x08000000   0x08000000   0x00000188   Data   RO            3    RESET               startup_stm32f407xx.o
    0x08000188   0x08000188   0x00000000   Code   RO         9012  * .ARM.Collect$$$$00000000  mc_w.l(entry.o)
    0x08000188   0x08000188   0x00000004   Code   RO         9130    .ARM.Collect$$$$00000001  mc_w.l(entry2.o)
    0x0800018c   0x0800018c   0x00000004   Code   RO         9133    .ARM.Collect$$$$00000004  mc_w.l(entry5.o)
    0x08000190   0x08000190   0x00000000   Code   RO         9135    .ARM.Collect$$$$00000008  mc_w.l(entry7b.o)
    0x08000190   0x08000190   0x00000000   Code   RO         9137    .ARM.Collect$$$$0000000A  mc_w.l(entry8b.o)
    0x08000190   0x08000190   0x00000008   Code   RO         9138    .ARM.Collect$$$$0000000B  mc_w.l(entry9a.o)
    0x08000198   0x08000198   0x00000004   Code   RO         9145    .ARM.Collect$$$$0000000E  mc_w.l(entry12b.o)
    0x0800019c   0x0800019c   0x00000000   Code   RO         9140    .ARM.Collect$$$$0000000F  mc_w.l(entry10a.o)
    0x0800019c   0x0800019c   0x00000000   Code   RO         9142    .ARM.Collect$$$$00000011  mc_w.l(entry11a.o)
    0x0800019c   0x0800019c   0x00000004   Code   RO         9131    .ARM.Collect$$$$00002712  mc_w.l(entry2.o)
    0x080001a0   0x080001a0   0x000000be   Code   RO         8291    .emb_text           port.o
    0x0800025e   0x0800025e   0x00000002   PAD
    0x08000260   0x08000260   0x00000024   Code   RO            4    .text               startup_stm32f407xx.o
    0x08000284   0x08000284   0x00000062   Code   RO         9015    .text               mc_w.l(uldiv.o)
    0x080002e6   0x080002e6   0x00000024   Code   RO         9017    .text               mc_w.l(memcpya.o)
    0x0800030a   0x0800030a   0x00000024   Code   RO         9021    .text               mc_w.l(memseta.o)
    0x0800032e   0x0800032e   0x0000014e   Code   RO         9055    .text               mf_w.l(dadd.o)
    0x0800047c   0x0800047c   0x000000e4   Code   RO         9057    .text               mf_w.l(dmul.o)
    0x08000560   0x08000560   0x00000026   Code   RO         9061    .text               mf_w.l(f2d.o)
    0x08000586   0x08000586   0x00000038   Code   RO         9063    .text               mf_w.l(d2f.o)
    0x080005be   0x080005be   0x0000001e   Code   RO         9146    .text               mc_w.l(llshl.o)
    0x080005dc   0x080005dc   0x00000020   Code   RO         9148    .text               mc_w.l(llushr.o)
    0x080005fc   0x080005fc   0x00000024   Code   RO         9150    .text               mc_w.l(llsshr.o)
    0x08000620   0x08000620   0x00000000   Code   RO         9161    .text               mc_w.l(iusefp.o)
    0x08000620   0x08000620   0x0000006e   Code   RO         9162    .text               mf_w.l(fepilogue.o)
    0x0800068e   0x0800068e   0x000000ba   Code   RO         9164    .text               mf_w.l(depilogue.o)
    0x08000748   0x08000748   0x000000de   Code   RO         9166    .text               mf_w.l(ddiv.o)
    0x08000826   0x08000826   0x00000002   PAD
    0x08000828   0x08000828   0x00000030   Code   RO         9170    .text               mf_w.l(cdcmple.o)
    0x08000858   0x08000858   0x00000024   Code   RO         9172    .text               mc_w.l(init.o)
    0x0800087c   0x0800087c   0x000000a2   Code   RO         9174    .text               mf_w.l(dsqrt.o)
    0x0800091e   0x0800091e   0x00000056   Code   RO         9188    .text               mc_w.l(__dczerorl2.o)
    0x08000974   0x08000974   0x00000002   Code   RO          389    i.ADC_Init          drv_adda.o
    0x08000976   0x08000976   0x00000002   PAD
    0x08000978   0x08000978   0x00000128   Code   RO         3790    i.ADC_Init          stm32f4xx_hal_adc.o
    0x08000aa0   0x08000aa0   0x0000045c   Code   RO          677    i.BMI_Get_EulerAngle  bmi.o
    0x08000efc   0x08000efc   0x0000004e   Code   RO          678    i.BMI_Get_GRO       bmi.o
    0x08000f4a   0x08000f4a   0x00000048   Code   RO          679    i.BMI_Get_RawData   bmi.o
    0x08000f92   0x08000f92   0x00000002   PAD
    0x08000f94   0x08000f94   0x0000006c   Code   RO          680    i.BMI_Init          bmi.o
    0x08001000   0x08001000   0x00000002   Code   RO         3594    i.BusFault_Handler  stm32f4xx_it.o
    0x08001002   0x08001002   0x00000002   PAD
    0x08001004   0x08001004   0x00000028   Code   RO          146    i.CAN1_Init         drv_can.o
    0x0800102c   0x0800102c   0x0000000c   Code   RO         3595    i.CAN1_RX0_IRQHandler  stm32f4xx_it.o
    0x08001038   0x08001038   0x00000010   Code   RO          147    i.CAN1_SendData     drv_can.o
    0x08001048   0x08001048   0x00000010   Code   RO          148    i.CAN1_rxDataHandler  drv_can.o
    0x08001058   0x08001058   0x00000028   Code   RO          149    i.CAN2_Init         drv_can.o
    0x08001080   0x08001080   0x0000000c   Code   RO         3596    i.CAN2_RX0_IRQHandler  stm32f4xx_it.o
    0x0800108c   0x0800108c   0x00000010   Code   RO          150    i.CAN2_SendData     drv_can.o
    0x0800109c   0x0800109c   0x00000010   Code   RO          151    i.CAN2_rxDataHandler  drv_can.o
    0x080010ac   0x080010ac   0x0000001a   Code   RO          152    i.CAN_Filter_ParamsInit  drv_can.o
    0x080010c6   0x080010c6   0x00000002   PAD
    0x080010c8   0x080010c8   0x00000058   Code   RO          153    i.CAN_Rx_Callback   drv_can.o
    0x08001120   0x08001120   0x0000006c   Code   RO          154    i.CAN_SendData      drv_can.o
    0x0800118c   0x0800118c   0x0000002c   Code   RO         3038    i.CAN_SendSingleData  can_potocol.o
    0x080011b8   0x080011b8   0x0000000c   Code   RO          390    i.DAC_Init          drv_adda.o
    0x080011c4   0x080011c4   0x0000002c   Code   RO         2222    i.DEV_Init          device.o
    0x080011f0   0x080011f0   0x0000000c   Code   RO         3597    i.DMA1_Stream0_IRQHandler  stm32f4xx_it.o
    0x080011fc   0x080011fc   0x0000000c   Code   RO         3598    i.DMA1_Stream2_IRQHandler  stm32f4xx_it.o
    0x08001208   0x08001208   0x0000000c   Code   RO         3599    i.DMA1_Stream5_IRQHandler  stm32f4xx_it.o
    0x08001214   0x08001214   0x0000000c   Code   RO         3600    i.DMA1_Stream7_IRQHandler  stm32f4xx_it.o
    0x08001220   0x08001220   0x0000000c   Code   RO         3601    i.DMA2_Stream2_IRQHandler  stm32f4xx_it.o
    0x0800122c   0x0800122c   0x00000244   Code   RO          469    i.DMAEx_MultiBufferStart_NoIT  drv_uart.o
    0x08001470   0x08001470   0x00000028   Code   RO         4521    i.DMA_CalcBaseAndBitshift  stm32f4xx_hal_dma.o
    0x08001498   0x08001498   0x00000054   Code   RO         4522    i.DMA_CheckFifoParam  stm32f4xx_hal_dma.o
    0x080014ec   0x080014ec   0x00000062   Code   RO          470    i.DMA_Start         drv_uart.o
    0x0800154e   0x0800154e   0x0000002a   Code   RO          582    i.DRIVER_Init       driver.o
    0x08001578   0x08001578   0x00000014   Code   RO          471    i.DRV_UART_IRQHandler  drv_uart.o
    0x0800158c   0x0800158c   0x00000002   Code   RO         3602    i.DebugMon_Handler  stm32f4xx_it.o
    0x0800158e   0x0800158e   0x00000002   PAD
    0x08001590   0x08001590   0x00000108   Code   RO         8376    i.Determine_ID      judge_infantrypotocol.o
    0x08001698   0x08001698   0x00000002   Code   RO         3091    i.Error_Handler     main.o
    0x0800169a   0x0800169a   0x00000002   PAD
    0x0800169c   0x0800169c   0x00000018   Code   RO          351    i.FRICTION_PwmOut   drv_tim.o
    0x080016b4   0x080016b4   0x0000002c   Code   RO         2791    i.Get_CRC16_Check_Sum  crc.o
    0x080016e0   0x080016e0   0x00000020   Code   RO         2792    i.Get_CRC8_Check_Sum  crc.o
    0x08001700   0x08001700   0x0000014c   Code   RO         3792    i.HAL_ADC_ConfigChannel  stm32f4xx_hal_adc.o
    0x0800184c   0x0800184c   0x00000054   Code   RO         3801    i.HAL_ADC_Init      stm32f4xx_hal_adc.o
    0x080018a0   0x080018a0   0x00000060   Code   RO         3321    i.HAL_ADC_MspInit   adc.o
    0x08001900   0x08001900   0x00000024   Code   RO         5195    i.HAL_CAN_ActivateNotification  stm32f4xx_hal_can.o
    0x08001924   0x08001924   0x000000dc   Code   RO         5196    i.HAL_CAN_AddTxMessage  stm32f4xx_hal_can.o
    0x08001a00   0x08001a00   0x0000010c   Code   RO         5197    i.HAL_CAN_ConfigFilter  stm32f4xx_hal_can.o
    0x08001b0c   0x08001b0c   0x00000002   Code   RO         5200    i.HAL_CAN_ErrorCallback  stm32f4xx_hal_can.o
    0x08001b0e   0x08001b0e   0x000000e8   Code   RO         5203    i.HAL_CAN_GetRxMessage  stm32f4xx_hal_can.o
    0x08001bf6   0x08001bf6   0x000001fc   Code   RO         5207    i.HAL_CAN_IRQHandler  stm32f4xx_hal_can.o
    0x08001df2   0x08001df2   0x0000011a   Code   RO         5208    i.HAL_CAN_Init      stm32f4xx_hal_can.o
    0x08001f0c   0x08001f0c   0x000000fc   Code   RO         3363    i.HAL_CAN_MspInit   can.o
    0x08002008   0x08002008   0x00000002   Code   RO         5215    i.HAL_CAN_RxFifo0FullCallback  stm32f4xx_hal_can.o
    0x0800200a   0x0800200a   0x00000002   PAD
    0x0800200c   0x0800200c   0x0000001c   Code   RO          155    i.HAL_CAN_RxFifo0MsgPendingCallback  drv_can.o
    0x08002028   0x08002028   0x00000002   Code   RO         5217    i.HAL_CAN_RxFifo1FullCallback  stm32f4xx_hal_can.o
    0x0800202a   0x0800202a   0x00000002   Code   RO         5218    i.HAL_CAN_RxFifo1MsgPendingCallback  stm32f4xx_hal_can.o
    0x0800202c   0x0800202c   0x00000002   Code   RO         5219    i.HAL_CAN_SleepCallback  stm32f4xx_hal_can.o
    0x0800202e   0x0800202e   0x00000002   PAD
    0x08002030   0x08002030   0x00000058   Code   RO         5220    i.HAL_CAN_Start     stm32f4xx_hal_can.o
    0x08002088   0x08002088   0x00000002   Code   RO         5222    i.HAL_CAN_TxMailbox0AbortCallback  stm32f4xx_hal_can.o
    0x0800208a   0x0800208a   0x00000002   Code   RO         5223    i.HAL_CAN_TxMailbox0CompleteCallback  stm32f4xx_hal_can.o
    0x0800208c   0x0800208c   0x00000002   Code   RO         5224    i.HAL_CAN_TxMailbox1AbortCallback  stm32f4xx_hal_can.o
    0x0800208e   0x0800208e   0x00000002   Code   RO         5225    i.HAL_CAN_TxMailbox1CompleteCallback  stm32f4xx_hal_can.o
    0x08002090   0x08002090   0x00000002   Code   RO         5226    i.HAL_CAN_TxMailbox2AbortCallback  stm32f4xx_hal_can.o
    0x08002092   0x08002092   0x00000002   Code   RO         5227    i.HAL_CAN_TxMailbox2CompleteCallback  stm32f4xx_hal_can.o
    0x08002094   0x08002094   0x00000002   Code   RO         5229    i.HAL_CAN_WakeUpFromRxMsgCallback  stm32f4xx_hal_can.o
    0x08002096   0x08002096   0x00000042   Code   RO         5431    i.HAL_DAC_ConfigChannel  stm32f4xx_hal_dac.o
    0x080020d8   0x080020d8   0x00000028   Code   RO         5441    i.HAL_DAC_Init      stm32f4xx_hal_dac.o
    0x08002100   0x08002100   0x00000060   Code   RO         3412    i.HAL_DAC_MspInit   dac.o
    0x08002160   0x08002160   0x0000006c   Code   RO         5445    i.HAL_DAC_Start     stm32f4xx_hal_dac.o
    0x080021cc   0x080021cc   0x00000024   Code   RO         4525    i.HAL_DMA_Abort_IT  stm32f4xx_hal_dma.o
    0x080021f0   0x080021f0   0x000001a0   Code   RO         4529    i.HAL_DMA_IRQHandler  stm32f4xx_hal_dma.o
    0x08002390   0x08002390   0x000000d4   Code   RO         4530    i.HAL_DMA_Init      stm32f4xx_hal_dma.o
    0x08002464   0x08002464   0x00000024   Code   RO         4943    i.HAL_Delay         stm32f4xx_hal.o
    0x08002488   0x08002488   0x000001b8   Code   RO         4417    i.HAL_GPIO_Init     stm32f4xx_hal_gpio.o
    0x08002640   0x08002640   0x0000000a   Code   RO         4421    i.HAL_GPIO_WritePin  stm32f4xx_hal_gpio.o
    0x0800264a   0x0800264a   0x00000002   PAD
    0x0800264c   0x0800264c   0x0000000c   Code   RO         4949    i.HAL_GetTick       stm32f4xx_hal.o
    0x08002658   0x08002658   0x00000010   Code   RO         4955    i.HAL_IncTick       stm32f4xx_hal.o
    0x08002668   0x08002668   0x00000034   Code   RO         4956    i.HAL_Init          stm32f4xx_hal.o
    0x0800269c   0x0800269c   0x00000074   Code   RO         3748    i.HAL_InitTick      stm32f4xx_hal_timebase_tim.o
    0x08002710   0x08002710   0x00000038   Code   RO         3724    i.HAL_MspInit       stm32f4xx_hal_msp.o
    0x08002748   0x08002748   0x0000001a   Code   RO         4806    i.HAL_NVIC_EnableIRQ  stm32f4xx_hal_cortex.o
    0x08002762   0x08002762   0x00000002   PAD
    0x08002764   0x08002764   0x00000040   Code   RO         4812    i.HAL_NVIC_SetPriority  stm32f4xx_hal_cortex.o
    0x080027a4   0x080027a4   0x00000024   Code   RO         4813    i.HAL_NVIC_SetPriorityGrouping  stm32f4xx_hal_cortex.o
    0x080027c8   0x080027c8   0x00000134   Code   RO         4063    i.HAL_RCC_ClockConfig  stm32f4xx_hal_rcc.o
    0x080028fc   0x080028fc   0x00000040   Code   RO         4067    i.HAL_RCC_GetClockConfig  stm32f4xx_hal_rcc.o
    0x0800293c   0x0800293c   0x00000020   Code   RO         4070    i.HAL_RCC_GetPCLK1Freq  stm32f4xx_hal_rcc.o
    0x0800295c   0x0800295c   0x00000020   Code   RO         4071    i.HAL_RCC_GetPCLK2Freq  stm32f4xx_hal_rcc.o
    0x0800297c   0x0800297c   0x00000064   Code   RO         4072    i.HAL_RCC_GetSysClockFreq  stm32f4xx_hal_rcc.o
    0x080029e0   0x080029e0   0x0000035c   Code   RO         4075    i.HAL_RCC_OscConfig  stm32f4xx_hal_rcc.o
    0x08002d3c   0x08002d3c   0x00000002   Code   RO         6330    i.HAL_TIMEx_BreakCallback  stm32f4xx_hal_tim_ex.o
    0x08002d3e   0x08002d3e   0x00000002   Code   RO         6331    i.HAL_TIMEx_CommutCallback  stm32f4xx_hal_tim_ex.o
    0x08002d40   0x08002d40   0x00000054   Code   RO         6333    i.HAL_TIMEx_ConfigBreakDeadTime  stm32f4xx_hal_tim_ex.o
    0x08002d94   0x08002d94   0x00000090   Code   RO         6348    i.HAL_TIMEx_MasterConfigSynchronization  stm32f4xx_hal_tim_ex.o
    0x08002e24   0x08002e24   0x00000036   Code   RO         5655    i.HAL_TIM_Base_Init  stm32f4xx_hal_tim.o
    0x08002e5a   0x08002e5a   0x00000002   PAD
    0x08002e5c   0x08002e5c   0x00000044   Code   RO         3481    i.HAL_TIM_Base_MspInit  tim.o
    0x08002ea0   0x08002ea0   0x00000022   Code   RO         5660    i.HAL_TIM_Base_Start_IT  stm32f4xx_hal_tim.o
    0x08002ec2   0x08002ec2   0x000000d6   Code   RO         5664    i.HAL_TIM_ConfigClockSource  stm32f4xx_hal_tim.o
    0x08002f98   0x08002f98   0x00000002   Code   RO         5684    i.HAL_TIM_IC_CaptureCallback  stm32f4xx_hal_tim.o
    0x08002f9a   0x08002f9a   0x00000166   Code   RO         5698    i.HAL_TIM_IRQHandler  stm32f4xx_hal_tim.o
    0x08003100   0x08003100   0x00000084   Code   RO         3482    i.HAL_TIM_MspPostInit  tim.o
    0x08003184   0x08003184   0x00000002   Code   RO         5701    i.HAL_TIM_OC_DelayElapsedCallback  stm32f4xx_hal_tim.o
    0x08003186   0x08003186   0x000000d0   Code   RO         5722    i.HAL_TIM_PWM_ConfigChannel  stm32f4xx_hal_tim.o
    0x08003256   0x08003256   0x00000036   Code   RO         5725    i.HAL_TIM_PWM_Init  stm32f4xx_hal_tim.o
    0x0800328c   0x0800328c   0x00000002   Code   RO         5727    i.HAL_TIM_PWM_MspInit  stm32f4xx_hal_tim.o
    0x0800328e   0x0800328e   0x00000002   Code   RO         5728    i.HAL_TIM_PWM_PulseFinishedCallback  stm32f4xx_hal_tim.o
    0x08003290   0x08003290   0x00000044   Code   RO         5730    i.HAL_TIM_PWM_Start  stm32f4xx_hal_tim.o
    0x080032d4   0x080032d4   0x0000000e   Code   RO         3092    i.HAL_TIM_PeriodElapsedCallback  main.o
    0x080032e2   0x080032e2   0x00000002   Code   RO         5741    i.HAL_TIM_TriggerCallback  stm32f4xx_hal_tim.o
    0x080032e4   0x080032e4   0x00000002   Code   RO         6602    i.HAL_UART_ErrorCallback  stm32f4xx_hal_uart.o
    0x080032e6   0x080032e6   0x00000002   PAD
    0x080032e8   0x080032e8   0x00000114   Code   RO         6605    i.HAL_UART_IRQHandler  stm32f4xx_hal_uart.o
    0x080033fc   0x080033fc   0x00000062   Code   RO         6606    i.HAL_UART_Init     stm32f4xx_hal_uart.o
    0x0800345e   0x0800345e   0x00000002   PAD
    0x08003460   0x08003460   0x00000334   Code   RO         3535    i.HAL_UART_MspInit  usart.o
    0x08003794   0x08003794   0x00000002   Code   RO         6612    i.HAL_UART_RxCpltCallback  stm32f4xx_hal_uart.o
    0x08003796   0x08003796   0x00000002   Code   RO         6617    i.HAL_UART_TxCpltCallback  stm32f4xx_hal_uart.o
    0x08003798   0x08003798   0x00000002   Code   RO         3603    i.HardFault_Handler  stm32f4xx_it.o
    0x0800379a   0x0800379a   0x00000002   PAD
    0x0800379c   0x0800379c   0x00000040   Code   RO          612    i.IIC_Ack           soft_iic.o
    0x080037dc   0x080037dc   0x00000040   Code   RO          613    i.IIC_NAck          soft_iic.o
    0x0800381c   0x0800381c   0x00000068   Code   RO          614    i.IIC_Read_Byte     soft_iic.o
    0x08003884   0x08003884   0x00000060   Code   RO          615    i.IIC_Send_Byte     soft_iic.o
    0x080038e4   0x080038e4   0x00000040   Code   RO          616    i.IIC_Start         soft_iic.o
    0x08003924   0x08003924   0x00000044   Code   RO          617    i.IIC_Stop          soft_iic.o
    0x08003968   0x08003968   0x00000054   Code   RO          618    i.IIC_Wait_Ack      soft_iic.o
    0x080039bc   0x080039bc   0x0000004c   Code   RO         1889    i.MPU_Read_Byte     bmi2_common.o
    0x08003a08   0x08003a08   0x00000060   Code   RO         1890    i.MPU_Read_all      bmi2_common.o
    0x08003a68   0x08003a68   0x00000064   Code   RO         3322    i.MX_ADC1_Init      adc.o
    0x08003acc   0x08003acc   0x00000048   Code   RO         3364    i.MX_CAN1_Init      can.o
    0x08003b14   0x08003b14   0x00000048   Code   RO         3365    i.MX_CAN2_Init      can.o
    0x08003b5c   0x08003b5c   0x0000003c   Code   RO         3413    i.MX_DAC_Init       dac.o
    0x08003b98   0x08003b98   0x0000007c   Code   RO         3453    i.MX_DMA_Init       dma.o
    0x08003c14   0x08003c14   0x00000130   Code   RO         3243    i.MX_GPIO_Init      gpio.o
    0x08003d44   0x08003d44   0x000000cc   Code   RO         3483    i.MX_TIM1_Init      tim.o
    0x08003e10   0x08003e10   0x000000a8   Code   RO         3484    i.MX_TIM3_Init      tim.o
    0x08003eb8   0x08003eb8   0x00000038   Code   RO         3536    i.MX_UART4_Init     usart.o
    0x08003ef0   0x08003ef0   0x00000038   Code   RO         3537    i.MX_UART5_Init     usart.o
    0x08003f28   0x08003f28   0x00000038   Code   RO         3538    i.MX_USART1_UART_Init  usart.o
    0x08003f60   0x08003f60   0x0000003c   Code   RO         3539    i.MX_USART2_UART_Init  usart.o
    0x08003f9c   0x08003f9c   0x00000002   Code   RO         3604    i.MemManage_Handler  stm32f4xx_it.o
    0x08003f9e   0x08003f9e   0x00000002   Code   RO         3605    i.NMI_Handler       stm32f4xx_it.o
    0x08003fa0   0x08003fa0   0x00000038   Code   RO          352    i.PWM_Init          drv_tim.o
    0x08003fd8   0x08003fd8   0x00000016   Code   RO         3039    i.RM3508_GetStdId   can_potocol.o
    0x08003fee   0x08003fee   0x00000054   Code   RO          681    i.Set_accel         bmi.o
    0x08004042   0x08004042   0x00000058   Code   RO          682    i.Set_gyro          bmi.o
    0x0800409a   0x0800409a   0x00000002   PAD
    0x0800409c   0x0800409c   0x0000002c   Code   RO         8292    i.SysTick_Handler   port.o
    0x080040c8   0x080040c8   0x00000088   Code   RO         3093    i.SystemClock_Config  main.o
    0x08004150   0x08004150   0x0000001c   Code   RO         7058    i.SystemInit        system_stm32f4xx.o
    0x0800416c   0x0800416c   0x0000000c   Code   RO         3606    i.TIM2_IRQHandler   stm32f4xx_it.o
    0x08004178   0x08004178   0x000000c8   Code   RO         5743    i.TIM_Base_SetConfig  stm32f4xx_hal_tim.o
    0x08004240   0x08004240   0x0000001a   Code   RO         5744    i.TIM_CCxChannelCmd  stm32f4xx_hal_tim.o
    0x0800425a   0x0800425a   0x00000014   Code   RO         5754    i.TIM_ETR_SetConfig  stm32f4xx_hal_tim.o
    0x0800426e   0x0800426e   0x00000010   Code   RO         5755    i.TIM_ITRx_SetConfig  stm32f4xx_hal_tim.o
    0x0800427e   0x0800427e   0x00000002   PAD
    0x08004280   0x08004280   0x00000060   Code   RO         5756    i.TIM_OC1_SetConfig  stm32f4xx_hal_tim.o
    0x080042e0   0x080042e0   0x0000006c   Code   RO         5757    i.TIM_OC2_SetConfig  stm32f4xx_hal_tim.o
    0x0800434c   0x0800434c   0x00000068   Code   RO         5758    i.TIM_OC3_SetConfig  stm32f4xx_hal_tim.o
    0x080043b4   0x080043b4   0x00000050   Code   RO         5759    i.TIM_OC4_SetConfig  stm32f4xx_hal_tim.o
    0x08004404   0x08004404   0x00000022   Code   RO         5761    i.TIM_TI1_ConfigInputStage  stm32f4xx_hal_tim.o
    0x08004426   0x08004426   0x00000024   Code   RO         5763    i.TIM_TI2_ConfigInputStage  stm32f4xx_hal_tim.o
    0x0800444a   0x0800444a   0x00000002   PAD
    0x0800444c   0x0800444c   0x00000018   Code   RO         3607    i.UART4_IRQHandler  stm32f4xx_it.o
    0x08004464   0x08004464   0x00000018   Code   RO         3608    i.UART5_IRQHandler  stm32f4xx_it.o
    0x0800447c   0x0800447c   0x00000010   Code   RO         6619    i.UART_DMAAbortOnError  stm32f4xx_hal_uart.o
    0x0800448c   0x0800448c   0x0000001c   Code   RO         6629    i.UART_EndRxTransfer  stm32f4xx_hal_uart.o
    0x080044a8   0x080044a8   0x00000096   Code   RO         6631    i.UART_Receive_IT   stm32f4xx_hal_uart.o
    0x0800453e   0x0800453e   0x00000002   PAD
    0x08004540   0x08004540   0x00000128   Code   RO         6632    i.UART_SetConfig    stm32f4xx_hal_uart.o
    0x08004668   0x08004668   0x00000062   Code   RO         6633    i.UART_Transmit_IT  stm32f4xx_hal_uart.o
    0x080046ca   0x080046ca   0x00000002   PAD
    0x080046cc   0x080046cc   0x00000018   Code   RO         3609    i.USART1_IRQHandler  stm32f4xx_it.o
    0x080046e4   0x080046e4   0x00000038   Code   RO          473    i.USART1_Init       drv_uart.o
    0x0800471c   0x0800471c   0x0000001c   Code   RO         8561    i.USART1_rxDataHandler  vision_potocol.o
    0x08004738   0x08004738   0x00000018   Code   RO         3610    i.USART2_IRQHandler  stm32f4xx_it.o
    0x08004750   0x08004750   0x0000003c   Code   RO          475    i.USART2_Init       drv_uart.o
    0x0800478c   0x0800478c   0x0000001c   Code   RO         2968    i.USART2_rxDataHandler  rc_potocol.o
    0x080047a8   0x080047a8   0x00000038   Code   RO          477    i.USART4_Init       drv_uart.o
    0x080047e0   0x080047e0   0x00000002   Code   RO          478    i.USART4_rxDataHandler  drv_uart.o
    0x080047e2   0x080047e2   0x00000002   PAD
    0x080047e4   0x080047e4   0x00000038   Code   RO          479    i.USART5_Init       drv_uart.o
    0x0800481c   0x0800481c   0x0000001c   Code   RO         8382    i.USART5_rxDataHandler  judge_infantrypotocol.o
    0x08004838   0x08004838   0x00000002   Code   RO         3611    i.UsageFault_Handler  stm32f4xx_it.o
    0x0800483a   0x0800483a   0x00000002   PAD
    0x0800483c   0x0800483c   0x0000003c   Code   RO         2793    i.Verify_CRC16_Check_Sum  crc.o
    0x08004878   0x08004878   0x0000002a   Code   RO         2794    i.Verify_CRC8_Check_Sum  crc.o
    0x080048a2   0x080048a2   0x00000030   Code   RO         9102    i.__ARM_fpclassify  m_wm.l(fpclassify.o)
    0x080048d2   0x080048d2   0x00000020   Code   RO         4819    i.__NVIC_SetPriority  stm32f4xx_hal_cortex.o
    0x080048f2   0x080048f2   0x00000006   PAD
    0x080048f8   0x080048f8   0x00000360   Code   RO         8962    i.__hardfp_asin     m_wm.l(asin.o)
    0x08004c58   0x08004c58   0x000002d8   Code   RO         9065    i.__hardfp_atan     m_wm.l(atan.o)
    0x08004f30   0x08004f30   0x00000200   Code   RO         8976    i.__hardfp_atan2    m_wm.l(atan2.o)
    0x08005130   0x08005130   0x000000f8   Code   RO         9104    i.__kernel_poly     m_wm.l(poly.o)
    0x08005228   0x08005228   0x00000014   Code   RO         9083    i.__mathlib_dbl_infnan  m_wm.l(dunder.o)
    0x0800523c   0x0800523c   0x00000014   Code   RO         9084    i.__mathlib_dbl_infnan2  m_wm.l(dunder.o)
    0x08005250   0x08005250   0x00000020   Code   RO         9085    i.__mathlib_dbl_invalid  m_wm.l(dunder.o)
    0x08005270   0x08005270   0x00000020   Code   RO         9088    i.__mathlib_dbl_underflow  m_wm.l(dunder.o)
    0x08005290   0x08005290   0x0000000e   Code   RO         9182    i.__scatterload_copy  mc_w.l(handlers.o)
    0x0800529e   0x0800529e   0x00000002   Code   RO         9183    i.__scatterload_null  mc_w.l(handlers.o)
    0x080052a0   0x080052a0   0x0000000e   Code   RO         9184    i.__scatterload_zeroinit  mc_w.l(handlers.o)
    0x080052ae   0x080052ae   0x00000002   PAD
    0x080052b0   0x080052b0   0x0000000c   Code   RO         9156    i.__set_errno       mc_w.l(errno.o)
    0x080052bc   0x080052bc   0x00000010   Code   RO         9067    i.atan              m_wm.l(atan.o)
    0x080052cc   0x080052cc   0x00000078   Code   RO         2041    i.bmi270_init       bmi270.o
    0x08005344   0x08005344   0x00000002   Code   RO         1892    i.bmi2_error_codes_print_result  bmi2_common.o
    0x08005346   0x08005346   0x00000036   Code   RO          796    i.bmi2_extract_input_feat_config  bmi2.o
    0x0800537c   0x0800537c   0x000000a0   Code   RO          801    i.bmi2_get_feat_config  bmi2.o
    0x0800541c   0x0800541c   0x0000003c   Code   RO          808    i.bmi2_get_gyro_cross_sense  bmi2.o
    0x08005458   0x08005458   0x00000030   Code   RO          811    i.bmi2_get_internal_status  bmi2.o
    0x08005488   0x08005488   0x00000092   Code   RO          812    i.bmi2_get_regs     bmi2.o
    0x0800551a   0x0800551a   0x00000002   PAD
    0x0800551c   0x0800551c   0x0000023a   Code   RO          814    i.bmi2_get_sensor_config  bmi2.o
    0x08005756   0x08005756   0x000002de   Code   RO          815    i.bmi2_get_sensor_data  bmi2.o
    0x08005a34   0x08005a34   0x00000026   Code   RO          816    i.bmi2_get_status   bmi2.o
    0x08005a5a   0x08005a5a   0x00000002   PAD
    0x08005a5c   0x08005a5c   0x00000040   Code   RO         1893    i.bmi2_interface_selection  bmi2_common.o
    0x08005a9c   0x08005a9c   0x00000076   Code   RO          817    i.bmi2_map_data_int  bmi2.o
    0x08005b12   0x08005b12   0x00000002   PAD
    0x08005b14   0x08005b14   0x00000064   Code   RO          827    i.bmi2_sec_init     bmi2.o
    0x08005b78   0x08005b78   0x00000038   Code   RO          829    i.bmi2_sensor_enable  bmi2.o
    0x08005bb0   0x08005bb0   0x00000062   Code   RO          831    i.bmi2_set_adv_power_save  bmi2.o
    0x08005c12   0x08005c12   0x00000002   PAD
    0x08005c14   0x08005c14   0x0000009c   Code   RO          841    i.bmi2_set_regs     bmi2.o
    0x08005cb0   0x08005cb0   0x000001e6   Code   RO          843    i.bmi2_set_sensor_config  bmi2.o
    0x08005e96   0x08005e96   0x00000060   Code   RO          844    i.bmi2_soft_reset   bmi2.o
    0x08005ef6   0x08005ef6   0x00000056   Code   RO          848    i.bmi2_write_config_file  bmi2.o
    0x08005f4c   0x08005f4c   0x0000002c   Code   RO         8633    i.can_rx_buff       motor.o
    0x08005f78   0x08005f78   0x00000002   Code   RO         8634    i.can_tx_buff       motor.o
    0x08005f7a   0x08005f7a   0x0000003e   Code   RO          851    i.cfg_error_status  bmi2.o
    0x08005fb8   0x08005fb8   0x00000048   Code   RO         2183    i.chassis_motor_check  chassis_motor.o
    0x08006000   0x08006000   0x00000022   Code   RO         2184    i.chassis_motor_heart_beat  chassis_motor.o
    0x08006022   0x08006022   0x0000003e   Code   RO         3040    i.chassis_motor_init  can_potocol.o
    0x08006060   0x08006060   0x0000001a   Code   RO         3041    i.chassis_motor_update  can_potocol.o
    0x0800607a   0x0800607a   0x00000030   Code   RO          852    i.check_boundary_val  bmi2.o
    0x080060aa   0x080060aa   0x0000001a   Code   RO          854    i.comp_gyro_cross_axis_sensitivity  bmi2.o
    0x080060c4   0x080060c4   0x000000dc   Code   RO          855    i.config_aux_interface  bmi2.o
    0x080061a0   0x080061a0   0x00000018   Code   RO          429    i.delay_us          drv_haltick.o
    0x080061b8   0x080061b8   0x00000018   Code   RO          481    i.dma_m0_rxcplt_callback  drv_uart.o
    0x080061d0   0x080061d0   0x00000018   Code   RO          482    i.dma_m1_rxcplt_callback  drv_uart.o
    0x080061e8   0x080061e8   0x00000036   Code   RO          862    i.extract_output_feat_config  bmi2.o
    0x0800621e   0x0800621e   0x00000018   Code   RO         9098    i.fabs              m_wm.l(fabs.o)
    0x08006236   0x08006236   0x00000002   PAD
    0x08006238   0x08006238   0x00000050   Code   RO         9027    i.free              mc_w.l(malloc.o)
    0x08006288   0x08006288   0x00000020   Code   RO          863    i.get_acc_gyr_data  bmi2.o
    0x080062a8   0x080062a8   0x0000004e   Code   RO          864    i.get_accel_config  bmi2.o
    0x080062f6   0x080062f6   0x00000068   Code   RO          865    i.get_accel_self_test_status  bmi2.o
    0x0800635e   0x0800635e   0x0000008a   Code   RO          866    i.get_any_motion_config  bmi2.o
    0x080063e8   0x080063e8   0x000000aa   Code   RO          867    i.get_aux_config    bmi2.o
    0x08006492   0x08006492   0x00000058   Code   RO          869    i.get_ext_sens_sync_config  bmi2.o
    0x080064ea   0x080064ea   0x00000086   Code   RO          870    i.get_flat_config   bmi2.o
    0x08006570   0x08006570   0x00000082   Code   RO          871    i.get_free_fall_det_config  bmi2.o
    0x080065f2   0x080065f2   0x00000058   Code   RO          872    i.get_glance_detect_config  bmi2.o
    0x0800664a   0x0800664a   0x0000005e   Code   RO          873    i.get_gyro_config   bmi2.o
    0x080066a8   0x080066a8   0x00000072   Code   RO          874    i.get_gyro_cross_sense  bmi2.o
    0x0800671a   0x0800671a   0x0000008a   Code   RO          875    i.get_gyro_gain_update_config  bmi2.o
    0x080067a4   0x080067a4   0x00000068   Code   RO          876    i.get_gyro_gain_update_status  bmi2.o
    0x0800680c   0x0800680c   0x000000a4   Code   RO          877    i.get_high_g_config  bmi2.o
    0x080068b0   0x080068b0   0x0000018c   Code   RO         8635    i.get_kt_9025_info  motor.o
    0x08006a3c   0x08006a3c   0x00000092   Code   RO          878    i.get_low_g_config  bmi2.o
    0x08006ace   0x08006ace   0x0000008a   Code   RO          880    i.get_no_motion_config  bmi2.o
    0x08006b58   0x08006b58   0x00000076   Code   RO          881    i.get_nvm_error_status  bmi2.o
    0x08006bce   0x08006bce   0x000000b4   Code   RO          882    i.get_ois_output    bmi2.o
    0x08006c82   0x08006c82   0x0000008c   Code   RO          883    i.get_orient_config  bmi2.o
    0x08006d0e   0x08006d0e   0x00000056   Code   RO          886    i.get_remapped_data  bmi2.o
    0x08006d64   0x08006d64   0x00000054   Code   RO         8636    i.get_rm_can_drvie  motor.o
    0x08006db8   0x08006db8   0x00000054   Code   RO         8637    i.get_rm_info       motor.o
    0x08006e0c   0x08006e0c   0x000000be   Code   RO          887    i.get_sig_motion_config  bmi2.o
    0x08006eca   0x08006eca   0x0000008a   Code   RO          889    i.get_step_config   bmi2.o
    0x08006f54   0x08006f54   0x000000aa   Code   RO          890    i.get_step_count_params_config  bmi2.o
    0x08006ffe   0x08006ffe   0x0000006e   Code   RO          891    i.get_step_counter_output  bmi2.o
    0x0800706c   0x0800706c   0x00000058   Code   RO          892    i.get_tilt_config   bmi2.o
    0x080070c4   0x080070c4   0x00000058   Code   RO          893    i.get_up_hold_to_wake_config  bmi2.o
    0x0800711c   0x0800711c   0x0000007c   Code   RO          895    i.get_wake_up_config  bmi2.o
    0x08007198   0x08007198   0x00000076   Code   RO          896    i.get_wrist_gest_config  bmi2.o
    0x0800720e   0x0800720e   0x0000008a   Code   RO          897    i.get_wrist_gest_w_config  bmi2.o
    0x08007298   0x08007298   0x0000008e   Code   RO          898    i.get_wrist_wear_wake_up_config  bmi2.o
    0x08007326   0x08007326   0x0000009c   Code   RO          899    i.get_wrist_wear_wake_up_wh_config  bmi2.o
    0x080073c2   0x080073c2   0x00000002   PAD
    0x080073c4   0x080073c4   0x00000124   Code   RO         2143    i.imu_sensor_check  imu_sensor.o
    0x080074e8   0x080074e8   0x00000006   Code   RO         2144    i.imu_sensor_heart_beat  imu_sensor.o
    0x080074ee   0x080074ee   0x00000002   PAD
    0x080074f0   0x080074f0   0x000000a0   Code   RO         3004    i.imu_sensor_init   imu_potocol.o
    0x08007590   0x08007590   0x0000005c   Code   RO         3005    i.imu_sensor_update  imu_potocol.o
    0x080075ec   0x080075ec   0x0000002c   Code   RO          683    i.inVSqrt           bmi.o
    0x08007618   0x08007618   0x00000002   Code   RO         2260    i.judge_sensor_check  judge_sensor.o
    0x0800761a   0x0800761a   0x0000002e   Code   RO         2261    i.judge_sensor_heart_beat  judge_sensor.o
    0x08007648   0x08007648   0x00000022   Code   RO         8387    i.judge_sensor_init  judge_infantrypotocol.o
    0x0800766a   0x0800766a   0x000001f4   Code   RO         8388    i.judge_sensor_update  judge_infantrypotocol.o
    0x0800785e   0x0800785e   0x00000026   Code   RO          684    i.lsb_to_dps        bmi.o
    0x08007884   0x08007884   0x00000034   Code   RO          685    i.lsb_to_mps2       bmi.o
    0x080078b8   0x080078b8   0x00000114   Code   RO         3094    i.main              main.o
    0x080079cc   0x080079cc   0x0000006c   Code   RO         9028    i.malloc            mc_w.l(malloc.o)
    0x08007a38   0x08007a38   0x00000024   Code   RO          430    i.micros            drv_haltick.o
    0x08007a5c   0x08007a5c   0x0000002a   Code   RO         8638    i.motor_class_heartbeat  motor.o
    0x08007a86   0x08007a86   0x00000002   PAD
    0x08007a88   0x08007a88   0x00000088   Code   RO         8639    i.motor_class_init  motor.o
    0x08007b10   0x08007b10   0x00000074   Code   RO         8640    i.motor_class_pid_init  motor.o
    0x08007b84   0x08007b84   0x0000002c   Code   RO         8641    i.motor_class_stucking_flag  motor.o
    0x08007bb0   0x08007bb0   0x00000020   Code   RO         8642    i.motor_cycle       motor.o
    0x08007bd0   0x08007bd0   0x0000003c   Code   RO         8643    i.motor_half_cycle  motor.o
    0x08007c0c   0x08007c0c   0x00000032   Code   RO         8644    i.motor_judge_dir   motor.o
    0x08007c3e   0x08007c3e   0x00000048   Code   RO         8645    i.motor_offset      motor.o
    0x08007c86   0x08007c86   0x00000002   PAD
    0x08007c88   0x08007c88   0x00000040   Code   RO         8646    i.motor_pid_angle   motor.o
    0x08007cc8   0x08007cc8   0x00000118   Code   RO         8647    i.motor_pid_cal     motor.o
    0x08007de0   0x08007de0   0x000000c4   Code   RO         8648    i.motor_pid_ctrl    motor.o
    0x08007ea4   0x08007ea4   0x00000024   Code   RO         8649    i.motor_pid_err     motor.o
    0x08007ec8   0x08007ec8   0x0000003c   Code   RO         8650    i.motor_pid_position  motor.o
    0x08007f04   0x08007f04   0x00000034   Code   RO         8651    i.motor_pid_speed   motor.o
    0x08007f38   0x08007f38   0x00000018   Code   RO          901    i.null_ptr_check    bmi2.o
    0x08007f50   0x08007f50   0x00000020   Code   RO         7562    i.prvResetNextTaskUnblockTime  tasks.o
    0x08007f70   0x08007f70   0x000000fc   Code   RO         8389    i.radar_Info_store  judge_infantrypotocol.o
    0x0800806c   0x0800806c   0x00000052   Code   RO         2072    i.rc_sensor_check   rc_sensor.o
    0x080080be   0x080080be   0x00000024   Code   RO         2073    i.rc_sensor_heart_beat  rc_sensor.o
    0x080080e2   0x080080e2   0x00000016   Code   RO         2969    i.rc_sensor_init    rc_potocol.o
    0x080080f8   0x080080f8   0x00000088   Code   RO         2970    i.rc_sensor_update  rc_potocol.o
    0x08008180   0x08008180   0x0000014e   Code   RO          915    i.select_sensor     bmi2.o
    0x080082ce   0x080082ce   0x00000002   PAD
    0x080082d0   0x080082d0   0x000003c4   Code   RO          918    i.sensor_enable     bmi2.o
    0x08008694   0x08008694   0x00000098   Code   RO          919    i.set_accel_config  bmi2.o
    0x0800872c   0x0800872c   0x00000056   Code   RO          921    i.set_act_recog     bmi2.o
    0x08008782   0x08008782   0x0000005a   Code   RO          922    i.set_any_motion    bmi2.o
    0x080087dc   0x080087dc   0x000000c6   Code   RO          923    i.set_any_motion_config  bmi2.o
    0x080088a2   0x080088a2   0x00000090   Code   RO          924    i.set_aux_config    bmi2.o
    0x08008932   0x08008932   0x00000036   Code   RO          925    i.set_config_load   bmi2.o
    0x08008968   0x08008968   0x00000056   Code   RO          926    i.set_double_tap    bmi2.o
    0x080089be   0x080089be   0x00000056   Code   RO          927    i.set_ext_sens_sync  bmi2.o
    0x08008a14   0x08008a14   0x0000008e   Code   RO          928    i.set_ext_sens_sync_config  bmi2.o
    0x08008aa2   0x08008aa2   0x00000002   PAD
    0x08008aa4   0x08008aa4   0x00000068   Code   RO          929    i.set_feat_accel_self_test  bmi2.o
    0x08008b0c   0x08008b0c   0x00000056   Code   RO          930    i.set_flat          bmi2.o
    0x08008b62   0x08008b62   0x000000bc   Code   RO          931    i.set_flat_config   bmi2.o
    0x08008c1e   0x08008c1e   0x00000056   Code   RO          932    i.set_free_fall_det  bmi2.o
    0x08008c74   0x08008c74   0x000000a8   Code   RO          933    i.set_free_fall_det_config  bmi2.o
    0x08008d1c   0x08008d1c   0x0000008e   Code   RO          934    i.set_glance_detect_config  bmi2.o
    0x08008daa   0x08008daa   0x00000056   Code   RO          935    i.set_glance_detector  bmi2.o
    0x08008e00   0x08008e00   0x000000ac   Code   RO          936    i.set_gyro_config   bmi2.o
    0x08008eac   0x08008eac   0x00000056   Code   RO          937    i.set_gyro_self_offset_corr  bmi2.o
    0x08008f02   0x08008f02   0x0000005a   Code   RO          938    i.set_gyro_user_gain  bmi2.o
    0x08008f5c   0x08008f5c   0x000000a2   Code   RO          939    i.set_gyro_user_gain_config  bmi2.o
    0x08008ffe   0x08008ffe   0x0000005a   Code   RO          940    i.set_high_g        bmi2.o
    0x08009058   0x08009058   0x000000da   Code   RO          941    i.set_high_g_config  bmi2.o
    0x08009132   0x08009132   0x0000005a   Code   RO          943    i.set_low_g         bmi2.o
    0x0800918c   0x0800918c   0x000000ba   Code   RO          944    i.set_low_g_config  bmi2.o
    0x08009246   0x08009246   0x0000005a   Code   RO          946    i.set_no_motion     bmi2.o
    0x080092a0   0x080092a0   0x000000c6   Code   RO          947    i.set_no_motion_config  bmi2.o
    0x08009366   0x08009366   0x000000c6   Code   RO          949    i.set_orient_config  bmi2.o
    0x0800942c   0x0800942c   0x00000056   Code   RO          950    i.set_orientation   bmi2.o
    0x08009482   0x08009482   0x0000009e   Code   RO          951    i.set_primary_ois_config  bmi2.o
    0x08009520   0x08009520   0x0000005a   Code   RO          953    i.set_sig_motion    bmi2.o
    0x0800957a   0x0800957a   0x000000be   Code   RO          954    i.set_sig_motion_config  bmi2.o
    0x08009638   0x08009638   0x00000056   Code   RO          955    i.set_single_tap    bmi2.o
    0x0800968e   0x0800968e   0x0000005a   Code   RO          956    i.set_step_activity  bmi2.o
    0x080096e8   0x080096e8   0x000000c0   Code   RO          957    i.set_step_config   bmi2.o
    0x080097a8   0x080097a8   0x000000d4   Code   RO          958    i.set_step_count_params_config  bmi2.o
    0x0800987c   0x0800987c   0x0000005a   Code   RO          959    i.set_step_counter  bmi2.o
    0x080098d6   0x080098d6   0x0000005a   Code   RO          960    i.set_step_detector  bmi2.o
    0x08009930   0x08009930   0x00000056   Code   RO          961    i.set_tilt          bmi2.o
    0x08009986   0x08009986   0x0000008e   Code   RO          962    i.set_tilt_config   bmi2.o
    0x08009a14   0x08009a14   0x00000056   Code   RO          963    i.set_triple_tap    bmi2.o
    0x08009a6a   0x08009a6a   0x00000056   Code   RO          964    i.set_up_hold_to_wake  bmi2.o
    0x08009ac0   0x08009ac0   0x0000008e   Code   RO          965    i.set_up_hold_to_wake_config  bmi2.o
    0x08009b4e   0x08009b4e   0x00000056   Code   RO          966    i.set_wake_up       bmi2.o
    0x08009ba4   0x08009ba4   0x000000bc   Code   RO          967    i.set_wake_up_config  bmi2.o
    0x08009c60   0x08009c60   0x000000b6   Code   RO          968    i.set_wrist_gest_config  bmi2.o
    0x08009d16   0x08009d16   0x000000c8   Code   RO          969    i.set_wrist_gest_w_config  bmi2.o
    0x08009dde   0x08009dde   0x00000056   Code   RO          970    i.set_wrist_gesture  bmi2.o
    0x08009e34   0x08009e34   0x00000056   Code   RO          971    i.set_wrist_gesture_wh  bmi2.o
    0x08009e8a   0x08009e8a   0x00000056   Code   RO          972    i.set_wrist_wear_wake_up  bmi2.o
    0x08009ee0   0x08009ee0   0x000000c8   Code   RO          973    i.set_wrist_wear_wake_up_config  bmi2.o
    0x08009fa8   0x08009fa8   0x00000056   Code   RO          974    i.set_wrist_wear_wake_up_wh  bmi2.o
    0x08009ffe   0x08009ffe   0x000000fa   Code   RO          975    i.set_wrist_wear_wake_up_wh_config  bmi2.o
    0x0800a0f8   0x0800a0f8   0x0000006e   Code   RO         9120    i.sqrt              m_wm.l(sqrt.o)
    0x0800a166   0x0800a166   0x00000002   PAD
    0x0800a168   0x0800a168   0x000000cc   Code   RO          483    i.uart_rx_idle_callback  drv_uart.o
    0x0800a234   0x0800a234   0x00000040   Code   RO          987    i.upload_file       bmi2.o
    0x0800a274   0x0800a274   0x00000004   Code   RO         1897    i.user_delay_us     bmi2_common.o
    0x0800a278   0x0800a278   0x00000024   Code   RO         1898    i.user_i2c_reg_read  bmi2_common.o
    0x0800a29c   0x0800a29c   0x0000004c   Code   RO         1899    i.user_i2c_reg_write  bmi2_common.o
    0x0800a2e8   0x0800a2e8   0x00000026   Code   RO         7196    i.uxListRemove      list.o
    0x0800a30e   0x0800a30e   0x00000018   Code   RO         7200    i.vListInsertEnd    list.o
    0x0800a326   0x0800a326   0x00000002   PAD
    0x0800a328   0x0800a328   0x00000054   Code   RO         8299    i.vPortValidateInterruptPriority  port.o
    0x0800a37c   0x0800a37c   0x0000005c   Code   RO         7586    i.vTaskSwitchContext  tasks.o
    0x0800a3d8   0x0800a3d8   0x00000002   Code   RO         8597    i.vision_check      vision_sensor.o
    0x0800a3da   0x0800a3da   0x0000002a   Code   RO         8598    i.vision_heart_beat  vision_sensor.o
    0x0800a404   0x0800a404   0x0000001c   Code   RO         8562    i.vision_init       vision_potocol.o
    0x0800a420   0x0800a420   0x00000092   Code   RO         8563    i.vision_update     vision_potocol.o
    0x0800a4b2   0x0800a4b2   0x00000002   PAD
    0x0800a4b4   0x0800a4b4   0x000000e4   Code   RO          993    i.write_config_file  bmi2.o
    0x0800a598   0x0800a598   0x00000010   Code   RO         7595    i.xTaskGetTickCountFromISR  tasks.o
    0x0800a5a8   0x0800a5a8   0x000000c8   Code   RO         7596    i.xTaskIncrementTick  tasks.o
    0x0800a670   0x0800a670   0x00000006   Data   RO          995    .constdata          bmi2.o
    0x0800a676   0x0800a676   0x00002045   Data   RO         2042    .constdata          bmi270.o
    0x0800c6bb   0x0800c6bb   0x00000001   PAD
    0x0800c6bc   0x0800c6bc   0x00000300   Data   RO         2796    .constdata          crc.o
    0x0800c9bc   0x0800c9bc   0x00000008   Data   RO         4536    .constdata          stm32f4xx_hal_dma.o
    0x0800c9c4   0x0800c9c4   0x00000010   Data   RO         7059    .constdata          system_stm32f4xx.o
    0x0800c9d4   0x0800c9d4   0x00000008   Data   RO         7060    .constdata          system_stm32f4xx.o
    0x0800c9dc   0x0800c9dc   0x00000004   PAD
    0x0800c9e0   0x0800c9e0   0x00000050   Data   RO         8965    .constdata          m_wm.l(asin.o)
    0x0800ca30   0x0800ca30   0x00000098   Data   RO         9068    .constdata          m_wm.l(atan.o)
    0x0800cac8   0x0800cac8   0x00000008   Data   RO         9106    .constdata          m_wm.l(qnan.o)
    0x0800cad0   0x0800cad0   0x00000020   Data   RO         9180    Region$$Table       anon$$obj.o


    Execution Region RW_IRAM1 (Exec base: 0x20000000, Load base: 0x0800caf0, Size: 0x00001a30, Max: 0x00020000, ABSOLUTE, COMPRESSED[0x0000010c])

    Exec Addr    Load Addr    Size         Type   Attr      Idx    E Section Name        Object

    0x20000000   COMPRESSED   0x00000004   Data   RW          431    .data               drv_haltick.o
    0x20000004   COMPRESSED   0x0000006c   Data   RW          688    .data               bmi.o
    0x20000070   COMPRESSED   0x00000002   Data   RW         1902    .data               bmi2_common.o
    0x20000072   COMPRESSED   0x0000001a   Data   RW         2075    .data               rc_sensor.o
    0x2000008c   COMPRESSED   0x0000001c   Data   RW         2076    .data               rc_sensor.o
    0x200000a8   COMPRESSED   0x00000001   Data   RW         2145    .data               imu_sensor.o
    0x200000a9   COMPRESSED   0x00000003   PAD
    0x200000ac   COMPRESSED   0x00000038   Data   RW         2146    .data               imu_sensor.o
    0x200000e4   COMPRESSED   0x0000001c   Data   RW         2147    .data               imu_sensor.o
    0x20000100   COMPRESSED   0x00000004   Data   RW         2148    .data               imu_sensor.o
    0x20000104   COMPRESSED   0x00000050   Data   RW         2185    .data               chassis_motor.o
    0x20000154   COMPRESSED   0x00000040   Data   RW         2186    .data               chassis_motor.o
    0x20000194   COMPRESSED   0x00000070   Data   RW         2187    .data               chassis_motor.o
    0x20000204   COMPRESSED   0x00000018   Data   RW         2223    .data               device.o
    0x2000021c   COMPRESSED   0x000000be   Data   RW         2262    .data               judge_sensor.o
    0x200002da   COMPRESSED   0x00000002   PAD
    0x200002dc   COMPRESSED   0x00000024   Data   RW         2263    .data               judge_sensor.o
    0x20000300   COMPRESSED   0x00000002   Data   RW         2797    .data               crc.o
    0x20000302   COMPRESSED   0x0000000c   Data   RW         3006    .data               imu_potocol.o
    0x2000030e   COMPRESSED   0x00000002   PAD
    0x20000310   COMPRESSED   0x00000028   Data   RW         3097    .data               main.o
    0x20000338   COMPRESSED   0x00000004   Data   RW         3367    .data               can.o
    0x2000033c   COMPRESSED   0x0000000c   Data   RW         4963    .data               stm32f4xx_hal.o
    0x20000348   COMPRESSED   0x00000004   Data   RW         7061    .data               system_stm32f4xx.o
    0x2000034c   COMPRESSED   0x0000003c   Data   RW         7605    .data               tasks.o
    0x20000388   COMPRESSED   0x0000000c   Data   RW         8301    .data               port.o
    0x20000394   COMPRESSED   0x00000031   Data   RW         8412    .data               judge_infantrypotocol.o
    0x200003c5   COMPRESSED   0x00000003   PAD
    0x200003c8   COMPRESSED   0x000002b0   Data   RW         8600    .data               vision_sensor.o
    0x20000678   COMPRESSED   0x0000001c   Data   RW         8601    .data               vision_sensor.o
    0x20000694   COMPRESSED   0x00000004   Data   RW         9152    .data               mc_w.l(mvars.o)
    0x20000698   COMPRESSED   0x00000004   Data   RW         9153    .data               mc_w.l(mvars.o)
    0x2000069c   COMPRESSED   0x00000004   Data   RW         9157    .data               mc_w.l(errno.o)
    0x200006a0        -       0x00000088   Zero   RW          156    .bss                drv_can.o
    0x20000728        -       0x0000031e   Zero   RW          484    .bss                drv_uart.o
    0x20000a46   COMPRESSED   0x00000002   PAD
    0x20000a48        -       0x00000068   Zero   RW          687    .bss                bmi.o
    0x20000ab0        -       0x000001f4   Zero   RW         3095    .bss                main.o
    0x20000ca4        -       0x00000048   Zero   RW         3323    .bss                adc.o
    0x20000cec        -       0x00000050   Zero   RW         3366    .bss                can.o
    0x20000d3c        -       0x00000014   Zero   RW         3414    .bss                dac.o
    0x20000d50        -       0x00000080   Zero   RW         3485    .bss                tim.o
    0x20000dd0        -       0x000002e0   Zero   RW         3540    .bss                usart.o
    0x200010b0        -       0x00000040   Zero   RW         3751    .bss                stm32f4xx_hal_timebase_tim.o
    0x200010f0        -       0x000000f0   Zero   RW         7604    .bss                tasks.o
    0x200011e0        -       0x0000024c   Zero   RW         8393    .bss                judge_infantrypotocol.o
    0x2000142c   COMPRESSED   0x00000004   PAD
    0x20001430        -       0x00000200   Zero   RW            2    HEAP                startup_stm32f407xx.o
    0x20001630        -       0x00000400   Zero   RW            1    STACK               startup_stm32f407xx.o


==============================================================================

Image component sizes


      Code (inc. data)   RO Data    RW Data    ZI Data      Debug   Object Name

       196         24          0          0         72       1709   adc.o
      1680         46          0        108        104      48113   bmi.o
     15630        116          6          0          0     115134   bmi2.o
       120         10       8261          0          0       1622   bmi270.o
       354         30          0          2          0       5534   bmi2_common.o
       396         46          0          4         80       2502   can.o
       154          0          0          0          0       4441   can_potocol.o
       106          0          0        256          0       2936   chassis_motor.o
       178         18        768          2          0       3743   crc.o
       156         20          0          0         20       1675   dac.o
        44          6          0         24          0       6374   device.o
       124          4          0          0          0        850   dma.o
        42          0          0          0          0        550   driver.o
        14          4          0          0          0        950   drv_adda.o
       394         66          0          0        136     691380   drv_can.o
        60          6          0          4          0       1776   drv_haltick.o
         0          0          0          0          0     713072   drv_io.o
        80         20          0          0          0       1554   drv_tim.o
      1180         86          0          0        798       8149   drv_uart.o
         0          0          0          0          0      15768   event_groups.o
       304         20          0          0          0       1099   gpio.o
       252         10          0         12          0       2321   imu_potocol.o
       298         22          0         89          0       3295   imu_sensor.o
      1078         30          0         49        588       9126   judge_infantrypotocol.o
        48          0          0        226          0      12306   judge_sensor.o
         0          0          0          0          0       2147   judge_task.o
        62          0          0          0          0       1708   list.o
       428         28          0         40        500       5461   main.o
      1850         84          0          0          0      17920   motor.o
       318         32          0         12          0       5191   port.o
       186          6          0          0          0       2183   rc_potocol.o
       118          0          0         54          0       9877   rc_sensor.o
       544         62          0          0          0       4315   soft_iic.o
        36          8        392          0       1536        828   startup_stm32f407xx.o
       116         18          0         12          0       8746   stm32f4xx_hal.o
       712         28          0          0          0       2899   stm32f4xx_hal_adc.o
      1658          6          0          0          0      14339   stm32f4xx_hal_can.o
       158         14          0          0          0      33178   stm32f4xx_hal_cortex.o
       214          0          0          0          0       2731   stm32f4xx_hal_dac.o
       788         16          8          0          0       4747   stm32f4xx_hal_dma.o
       450         46          0          0          0       2408   stm32f4xx_hal_gpio.o
        56          4          0          0          0        874   stm32f4xx_hal_msp.o
      1396         86          0          0          0       5913   stm32f4xx_hal_rcc.o
      1720         90          0          0          0      16590   stm32f4xx_hal_tim.o
       232         28          0          0          0       3293   stm32f4xx_hal_tim_ex.o
       116         14          0          0         64       1431   stm32f4xx_hal_timebase_tim.o
       968         16          0          0          0       7503   stm32f4xx_hal_uart.o
       204         72          0          0          0       8711   stm32f4xx_it.o
        28          6         24          4          0       1167   system_stm32f4xx.o
         0          0          0          0          0       7412   system_task.o
       340         28          0         60        240      10355   tasks.o
       572         52          0          0        128       3297   tim.o
      1048         86          0          0        736       4425   usart.o
       202          6          0          0          0       2477   vision_potocol.o
        44          0          0        716          0       3896   vision_sensor.o

    ----------------------------------------------------------------------
     37526       1420       9496       1684       5008    1852001   Object Totals
         0          0         32          0          0          0   (incl. Generated)
        74          0          5         10          6          0   (incl. Padding)

    ----------------------------------------------------------------------

      Code (inc. data)   RO Data    RW Data    ZI Data      Debug   Library Member Name

       864         94         80          0          0        280   asin.o
       744        106        152          0          0        352   atan.o
       512         64          0          0          0        208   atan2.o
       104         16          0          0          0        496   dunder.o
        24          0          0          0          0        124   fabs.o
        48          0          0          0          0        124   fpclassify.o
       248          0          0          0          0        152   poly.o
         0          0          8          0          0          0   qnan.o
       110          0          0          0          0        148   sqrt.o
        86          0          0          0          0          0   __dczerorl2.o
         0          0          0          0          0          0   entry.o
         0          0          0          0          0          0   entry10a.o
         0          0          0          0          0          0   entry11a.o
         4          0          0          0          0          0   entry12b.o
         8          4          0          0          0          0   entry2.o
         4          0          0          0          0          0   entry5.o
         0          0          0          0          0          0   entry7b.o
         0          0          0          0          0          0   entry8b.o
         8          4          0          0          0          0   entry9a.o
        12          6          0          4          0         68   errno.o
        30          0          0          0          0          0   handlers.o
        36          8          0          0          0         68   init.o
         0          0          0          0          0          0   iusefp.o
        30          0          0          0          0         68   llshl.o
        36          0          0          0          0         68   llsshr.o
        32          0          0          0          0         68   llushr.o
       188         20          0          0          0        160   malloc.o
        36          0          0          0          0         68   memcpya.o
        36          0          0          0          0        108   memseta.o
         0          0          0          8          0          0   mvars.o
        98          0          0          0          0         92   uldiv.o
        48          0          0          0          0         68   cdcmple.o
        56          0          0          0          0         88   d2f.o
       334          0          0          0          0        148   dadd.o
       222          0          0          0          0        100   ddiv.o
       186          0          0          0          0        176   depilogue.o
       228          0          0          0          0         96   dmul.o
       162          0          0          0          0        100   dsqrt.o
        38          0          0          0          0         68   f2d.o
       110          0          0          0          0        168   fepilogue.o

    ----------------------------------------------------------------------
      4690        322        240         12          0       3664   Library Totals
         8          0          0          0          0          0   (incl. Padding)

    ----------------------------------------------------------------------

      Code (inc. data)   RO Data    RW Data    ZI Data      Debug   Library Name

      2654        280        240          0          0       1884   m_wm.l
       644         42          0         12          0        768   mc_w.l
      1384          0          0          0          0       1012   mf_w.l

    ----------------------------------------------------------------------
      4690        322        240         12          0       3664   Library Totals

    ----------------------------------------------------------------------

==============================================================================


      Code (inc. data)   RO Data    RW Data    ZI Data      Debug   

     42216       1742       9736       1696       5008    1820717   Grand Totals
     42216       1742       9736        268       5008    1820717   ELF Image Totals (compressed)
     42216       1742       9736        268          0          0   ROM Totals

==============================================================================

    Total RO  Size (Code + RO Data)                51952 (  50.73kB)
    Total RW  Size (RW Data + ZI Data)              6704 (   6.55kB)
    Total ROM Size (Code + RO Data + RW Data)      52220 (  51.00kB)

==============================================================================

