Component: ARM Compiler 5.06 update 7 (build 960) Tool: armlink [4d3601]

==============================================================================

Section Cross References

    startup_stm32f407xx.o(STACK) refers (Special) to heapauxi.o(.text) for __use_two_region_memory
    startup_stm32f407xx.o(HEAP) refers (Special) to heapauxi.o(.text) for __use_two_region_memory
    startup_stm32f407xx.o(RESET) refers (Special) to heapauxi.o(.text) for __use_two_region_memory
    startup_stm32f407xx.o(RESET) refers to startup_stm32f407xx.o(STACK) for __initial_sp
    startup_stm32f407xx.o(RESET) refers to startup_stm32f407xx.o(.text) for Reset_Handler
    startup_stm32f407xx.o(RESET) refers to stm32f4xx_it.o(i.NMI_Handler) for NMI_Handler
    startup_stm32f407xx.o(RESET) refers to stm32f4xx_it.o(i.HardFault_Handler) for HardFault_Handler
    startup_stm32f407xx.o(RESET) refers to stm32f4xx_it.o(i.MemManage_Handler) for MemManage_Handler
    startup_stm32f407xx.o(RESET) refers to stm32f4xx_it.o(i.BusFault_Handler) for BusFault_Handler
    startup_stm32f407xx.o(RESET) refers to stm32f4xx_it.o(i.UsageFault_Handler) for UsageFault_Handler
    startup_stm32f407xx.o(RESET) refers to port.o(.emb_text) for SVC_Handler
    startup_stm32f407xx.o(RESET) refers to stm32f4xx_it.o(i.DebugMon_Handler) for DebugMon_Handler
    startup_stm32f407xx.o(RESET) refers to port.o(i.SysTick_Handler) for SysTick_Handler
    startup_stm32f407xx.o(RESET) refers to stm32f4xx_it.o(i.DMA1_Stream0_IRQHandler) for DMA1_Stream0_IRQHandler
    startup_stm32f407xx.o(RESET) refers to stm32f4xx_it.o(i.DMA1_Stream1_IRQHandler) for DMA1_Stream1_IRQHandler
    startup_stm32f407xx.o(RESET) refers to stm32f4xx_it.o(i.DMA1_Stream2_IRQHandler) for DMA1_Stream2_IRQHandler
    startup_stm32f407xx.o(RESET) refers to stm32f4xx_it.o(i.DMA1_Stream3_IRQHandler) for DMA1_Stream3_IRQHandler
    startup_stm32f407xx.o(RESET) refers to stm32f4xx_it.o(i.DMA1_Stream5_IRQHandler) for DMA1_Stream5_IRQHandler
    startup_stm32f407xx.o(RESET) refers to stm32f4xx_it.o(i.CAN1_RX0_IRQHandler) for CAN1_RX0_IRQHandler
    startup_stm32f407xx.o(RESET) refers to stm32f4xx_it.o(i.TIM2_IRQHandler) for TIM2_IRQHandler
    startup_stm32f407xx.o(RESET) refers to stm32f4xx_it.o(i.USART1_IRQHandler) for USART1_IRQHandler
    startup_stm32f407xx.o(RESET) refers to stm32f4xx_it.o(i.USART2_IRQHandler) for USART2_IRQHandler
    startup_stm32f407xx.o(RESET) refers to stm32f4xx_it.o(i.USART3_IRQHandler) for USART3_IRQHandler
    startup_stm32f407xx.o(RESET) refers to stm32f4xx_it.o(i.DMA1_Stream7_IRQHandler) for DMA1_Stream7_IRQHandler
    startup_stm32f407xx.o(RESET) refers to stm32f4xx_it.o(i.UART4_IRQHandler) for UART4_IRQHandler
    startup_stm32f407xx.o(RESET) refers to stm32f4xx_it.o(i.UART5_IRQHandler) for UART5_IRQHandler
    startup_stm32f407xx.o(RESET) refers to stm32f4xx_it.o(i.DMA2_Stream2_IRQHandler) for DMA2_Stream2_IRQHandler
    startup_stm32f407xx.o(RESET) refers to stm32f4xx_it.o(i.CAN2_RX0_IRQHandler) for CAN2_RX0_IRQHandler
    startup_stm32f407xx.o(.text) refers (Special) to heapauxi.o(.text) for __use_two_region_memory
    startup_stm32f407xx.o(.text) refers to system_stm32f4xx.o(i.SystemInit) for SystemInit
    startup_stm32f407xx.o(.text) refers to __main.o(!!!main) for __main
    startup_stm32f407xx.o(.text) refers to startup_stm32f407xx.o(HEAP) for Heap_Mem
    startup_stm32f407xx.o(.text) refers to startup_stm32f407xx.o(STACK) for Stack_Mem
    main.o(i.HAL_TIM_PeriodElapsedCallback) refers to stm32f4xx_hal.o(i.HAL_IncTick) for HAL_IncTick
    main.o(i.SystemClock_Config) refers to rt_memclr_w.o(.text) for __aeabi_memclr4
    main.o(i.SystemClock_Config) refers to stm32f4xx_hal_rcc.o(i.HAL_RCC_OscConfig) for HAL_RCC_OscConfig
    main.o(i.SystemClock_Config) refers to stm32f4xx_hal_rcc.o(i.HAL_RCC_ClockConfig) for HAL_RCC_ClockConfig
    main.o(i.main) refers to stm32f4xx_hal.o(i.HAL_Init) for HAL_Init
    main.o(i.main) refers to main.o(i.SystemClock_Config) for SystemClock_Config
    main.o(i.main) refers to gpio.o(i.MX_GPIO_Init) for MX_GPIO_Init
    main.o(i.main) refers to dma.o(i.MX_DMA_Init) for MX_DMA_Init
    main.o(i.main) refers to tim.o(i.MX_TIM3_Init) for MX_TIM3_Init
    main.o(i.main) refers to usart.o(i.MX_USART2_UART_Init) for MX_USART2_UART_Init
    main.o(i.main) refers to can.o(i.MX_CAN1_Init) for MX_CAN1_Init
    main.o(i.main) refers to can.o(i.MX_CAN2_Init) for MX_CAN2_Init
    main.o(i.main) refers to tim.o(i.MX_TIM1_Init) for MX_TIM1_Init
    main.o(i.main) refers to adc.o(i.MX_ADC1_Init) for MX_ADC1_Init
    main.o(i.main) refers to dac.o(i.MX_DAC_Init) for MX_DAC_Init
    main.o(i.main) refers to usart.o(i.MX_UART4_Init) for MX_UART4_Init
    main.o(i.main) refers to usart.o(i.MX_UART5_Init) for MX_UART5_Init
    main.o(i.main) refers to usart.o(i.MX_USART1_UART_Init) for MX_USART1_UART_Init
    main.o(i.main) refers to usart.o(i.MX_USART3_UART_Init) for MX_USART3_UART_Init
[...]
    gimbal_init_ok                           0x200001d0   Data           1  master_task.o(.data)
    L_Head_Limit                             0x200001d2   Data           2  master_task.o(.data)
    R_Head_Limit                             0x200001d4   Data           2  master_task.o(.data)
    first2ParVis                             0x200001d6   Data           2  master_task.o(.data)
    CRC_INIT                                 0x200001da   Data           2  crc.o(.data)
    s2_down_flag                             0x200001dc   Data           1  car.o(.data)
    s2_up_flag                               0x200001dd   Data           1  car.o(.data)
    L_motor_2006_PLUCK_info                  0x200001df   Data           3  rp_shoot.o(.data)
    R_motor_2006_PLUCK_info                  0x200001e2   Data           3  rp_shoot.o(.data)
    Simultaneous_fire                        0x200001e8   Data           1  shoot_task.o(.data)
    L_shoot_speed                            0x200001ec   Data           4  shoot_task.o(.data)
    R_shoot_speed                            0x200001f0   Data           4  shoot_task.o(.data)
    shoot_1_over_speed_flag                  0x200001f4   Data           1  judge.o(.data)
    shoot_2_over_speed_flag                  0x200001f5   Data           1  judge.o(.data)
    shoot_1_time                             0x200001f8   Data           4  judge.o(.data)
    shoot_2_time                             0x200001fc   Data           4  judge.o(.data)
    elapsed_time                             0x20000200   Data           4  judge.o(.data)
    elapsed_seconds                          0x20000204   Data           4  judge.o(.data)
    drv_judge_info                           0x20000208   Data           8  judge.o(.data)
    judge                                    0x20000210   Data          16  judge.o(.data)
    judge_config                             0x20000220   Data           2  judge.o(.data)
    judge_base_info                          0x20000224   Data          56  judge.o(.data)
    judge_info                               0x2000025c   Data           6  judge.o(.data)
    judge_frame_header                       0x20000262   Data           6  judge.o(.data)
    cap_tx_buf_1                             0x20000268   Data           8  cap_protocol_1.o(.data)
    cap_tx_buf_2                             0x20000270   Data           8  cap_protocol_1.o(.data)
    cap                                      0x20000278   Data           2  cap.o(.data)
    bmi_structure                            0x2000027c   Data          10  main.o(.bss)
    rc_info_structure                        0x20000288   Data          20  main.o(.bss)
    rc_base_info_structure                   0x2000029c   Data         134  main.o(.bss)
    motor_9015_structure                     0x20000324   Data          20  main.o(.bss)
    Gimbal                                   0x20000338   Data         136  main.o(.bss)
    motor_9015_base_info_structure           0x200003c0   Data          24  main.o(.bss)
    motor_3508_LF_structure                  0x200003d8   Data          12  main.o(.bss)
    motor_3508_LF_base_info                  0x200003e4   Data          14  main.o(.bss)
    motor_3508_RF_structure                  0x200003f4   Data          12  main.o(.bss)
    motor_3508_RF_base_info                  0x20000400   Data          14  main.o(.bss)
    motor_3508_LB_structure                  0x20000410   Data          12  main.o(.bss)
    motor_3508_LB_base_info                  0x2000041c   Data          14  main.o(.bss)
    motor_3508_RB_structure                  0x2000042c   Data          12  main.o(.bss)
    motor_3508_RB_base_info                  0x20000438   Data          14  main.o(.bss)
    chassis_pid_speed_structure              0x20000448   Data         432  main.o(.bss)
    chassis_pid_follow_structure             0x200005f8   Data         108  main.o(.bss)
    hadc1                                    0x200008b8   Data          72  adc.o(.bss)
    hcan1                                    0x20000900   Data          40  can.o(.bss)
    hcan2                                    0x20000928   Data          40  can.o(.bss)
    hdac                                     0x20000950   Data          20  dac.o(.bss)
    hiwdg                                    0x20000964   Data          12  iwdg.o(.bss)
    htim1                                    0x20000970   Data          64  tim.o(.bss)
    htim3                                    0x200009b0   Data          64  tim.o(.bss)
    huart4                                   0x200009f0   Data          64  usart.o(.bss)
    huart5                                   0x20000a30   Data          64  usart.o(.bss)
    huart1                                   0x20000a70   Data          64  usart.o(.bss)
    huart2                                   0x20000ab0   Data          64  usart.o(.bss)
    huart3                                   0x20000af0   Data          64  usart.o(.bss)
    hdma_uart4_rx                            0x20000b30   Data          96  usart.o(.bss)
    hdma_uart5_rx                            0x20000b90   Data          96  usart.o(.bss)
    hdma_uart5_tx                            0x20000bf0   Data          96  usart.o(.bss)
    hdma_usart1_rx                           0x20000c50   Data          96  usart.o(.bss)
    hdma_usart2_rx                           0x20000cb0   Data          96  usart.o(.bss)
    hdma_usart3_tx                           0x20000d10   Data          96  usart.o(.bss)
    hdma_usart3_rx                           0x20000d70   Data          96  usart.o(.bss)
    htim2                                    0x20000dd0   Data          64  stm32f4xx_hal_timebase_tim.o(.bss)
    hcan1RxFrame                             0x20004b00   Data          36  drv_can.o(.bss)
    hcan2RxFrame                             0x20004b24   Data          36  drv_can.o(.bss)
    hcan1TxFrame                             0x20004b48   Data          32  drv_can.o(.bss)
    hcan2TxFrame                             0x20004b68   Data          32  drv_can.o(.bss)
    usart1_dma_rxbuf                         0x20004b88   Data         350  drv_uart.o(.bss)
    usart2_dma_rxbuf                         0x20004ce6   Data          48  drv_uart.o(.bss)
    usart3_dma_rxbuf                         0x20004d16   Data         350  drv_uart.o(.bss)
    usart4_dma_rxbuf                         0x20004e74   Data         200  drv_uart.o(.bss)
    usart5_dma_rxbuf                         0x20004f3c   Data         200  drv_uart.o(.bss)
    bmi2_dev                                 0x20005008   Data         104  bmi.o(.bss)
    Master_Head_structure                    0x20005070   Data          42  can_protocol.o(.bss)
    vision_rx_pack                           0x2000509c   Data          25  vision.o(.bss)
    vision_tx_pack                           0x200050b5   Data          28  vision.o(.bss)
    vision_structure                         0x200050d4   Data          40  vision.o(.bss)
    vision_txBuf                             0x200050fc   Data          35  vision.o(.bss)
    navigation_rx_pack                       0x20005120   Data          25  navigation.o(.bss)
    navigation_tx_pack                       0x20005139   Data          28  navigation.o(.bss)
    navigation_structure                     0x20005158   Data          40  navigation.o(.bss)
    navigation_txBuf                         0x20005180   Data          35  navigation.o(.bss)
    motor_9015_pid_spd                       0x200051a4   Data         108  9015_motor.o(.bss)
    motor_9015_pid_pos                       0x20005210   Data         108  9015_motor.o(.bss)
    motor_9015_pid_bmi                       0x2000527c   Data         108  9015_motor.o(.bss)
    L_shoot_structure                        0x200052e8   Data          44  rp_shoot.o(.bss)
    R_shoot_structure                        0x20005314   Data          44  rp_shoot.o(.bss)
    L_motor_2006_PLUCK_structure             0x20005340   Data          24  rp_shoot.o(.bss)
    L_motor_2006_PLUCK_base_info             0x20005358   Data          32  rp_shoot.o(.bss)
    R_motor_2006_PLUCK_structure             0x20005378   Data          24  rp_shoot.o(.bss)
    R_motor_2006_PLUCK_base_info             0x20005390   Data          32  rp_shoot.o(.bss)
    L_pid_s_stir_sin                         0x200053b0   Data         108  rp_shoot.o(.bss)
    L_pid_p_stir_sin                         0x2000541c   Data         108  rp_shoot.o(.bss)
    L_pid_p_stir_done                        0x20005488   Data         108  rp_shoot.o(.bss)
    L_pid_s_stir_run                         0x200054f4   Data         108  rp_shoot.o(.bss)
    R_pid_s_stir_sin                         0x20005560   Data         108  rp_shoot.o(.bss)
    R_pid_p_stir_sin                         0x200055cc   Data         108  rp_shoot.o(.bss)
    R_pid_p_stir_done                        0x20005638   Data         108  rp_shoot.o(.bss)
    R_pid_s_stir_run                         0x200056a4   Data         108  rp_shoot.o(.bss)
    judge_rawdata                            0x20005710   Data         152  judge.o(.bss)
    cap_receive_data                         0x200057a8   Data          12  cap_protocol_1.o(.bss)
    __libspace_start                         0x200057b4   Data          96  libspace.o(.bss)
    __temporary_stack_top$libspace           0x20005814   Data           0  libspace.o(.bss)



==============================================================================

Memory Map of the image

  Image Entry point : 0x08000189

  Load Region LR_IROM1 (Base: 0x08000000, Size: 0x00011710, Max: 0x00080000, ABSOLUTE, COMPRESSED[0x00011500])

    Execution Region ER_IROM1 (Exec base: 0x08000000, Load base: 0x08000000, Size: 0x00011494, Max: 0x00080000, ABSOLUTE)

    Exec Addr    Load Addr    Size         Type   Attr      Idx    E Section Name        Object

    0x08000000   0x08000000   0x00000188   Data   RO            3    RESET               startup_stm32f407xx.o
    0x08000188   0x08000188   0x00000008   Code   RO         8985  * !!!main             c_w.l(__main.o)
    0x08000190   0x08000190   0x00000034   Code   RO         9367    !!!scatter          c_w.l(__scatter.o)
    0x080001c4   0x080001c4   0x0000005a   Code   RO         9365    !!dczerorl2         c_w.l(__dczerorl2.o)
    0x0800021e   0x0800021e   0x00000002   PAD
    0x08000220   0x08000220   0x0000001c   Code   RO         9369    !!handler_zi        c_w.l(__scatter_zi.o)
    0x0800023c   0x0800023c   0x00000002   Code   RO         9302    .ARM.Collect$$libinit$$00000000  c_w.l(libinit.o)
    0x0800023e   0x0800023e   0x00000004   Code   RO         9099    .ARM.Collect$$libinit$$00000001  c_w.l(libinit2.o)
    0x08000242   0x08000242   0x00000000   Code   RO         9102    .ARM.Collect$$libinit$$00000004  c_w.l(libinit2.o)
    0x08000242   0x08000242   0x00000008   Code   RO         9103    .ARM.Collect$$libinit$$00000005  c_w.l(libinit2.o)
    0x0800024a   0x0800024a   0x00000000   Code   RO         9105    .ARM.Collect$$libinit$$0000000A  c_w.l(libinit2.o)
    0x0800024a   0x0800024a   0x00000000   Code   RO         9107    .ARM.Collect$$libinit$$0000000C  c_w.l(libinit2.o)
    0x0800024a   0x0800024a   0x00000000   Code   RO         9109    .ARM.Collect$$libinit$$0000000E  c_w.l(libinit2.o)
    0x0800024a   0x0800024a   0x00000000   Code   RO         9112    .ARM.Collect$$libinit$$00000011  c_w.l(libinit2.o)
    0x0800024a   0x0800024a   0x00000000   Code   RO         9114    .ARM.Collect$$libinit$$00000013  c_w.l(libinit2.o)
    0x0800024a   0x0800024a   0x00000000   Code   RO         9116    .ARM.Collect$$libinit$$00000015  c_w.l(libinit2.o)
    0x0800024a   0x0800024a   0x00000000   Code   RO         9118    .ARM.Collect$$libinit$$00000017  c_w.l(libinit2.o)
    0x0800024a   0x0800024a   0x00000000   Code   RO         9120    .ARM.Collect$$libinit$$00000019  c_w.l(libinit2.o)
    0x0800024a   0x0800024a   0x00000000   Code   RO         9122    .ARM.Collect$$libinit$$0000001B  c_w.l(libinit2.o)
    0x0800024a   0x0800024a   0x00000000   Code   RO         9124    .ARM.Collect$$libinit$$0000001D  c_w.l(libinit2.o)
    0x0800024a   0x0800024a   0x00000000   Code   RO         9126    .ARM.Collect$$libinit$$0000001F  c_w.l(libinit2.o)
    0x0800024a   0x0800024a   0x00000000   Code   RO         9128    .ARM.Collect$$libinit$$00000021  c_w.l(libinit2.o)
    0x0800024a   0x0800024a   0x00000000   Code   RO         9130    .ARM.Collect$$libinit$$00000023  c_w.l(libinit2.o)
    0x0800024a   0x0800024a   0x00000000   Code   RO         9132    .ARM.Collect$$libinit$$00000025  c_w.l(libinit2.o)
    0x0800024a   0x0800024a   0x00000000   Code   RO         9136    .ARM.Collect$$libinit$$0000002C  c_w.l(libinit2.o)
    0x0800024a   0x0800024a   0x00000000   Code   RO         9138    .ARM.Collect$$libinit$$0000002E  c_w.l(libinit2.o)
    0x0800024a   0x0800024a   0x00000000   Code   RO         9140    .ARM.Collect$$libinit$$00000030  c_w.l(libinit2.o)
    0x0800024a   0x0800024a   0x00000000   Code   RO         9142    .ARM.Collect$$libinit$$00000032  c_w.l(libinit2.o)
    0x0800024a   0x0800024a   0x00000002   Code   RO         9143    .ARM.Collect$$libinit$$00000033  c_w.l(libinit2.o)
    0x0800024c   0x0800024c   0x00000002   Code   RO         9362    .ARM.Collect$$libshutdown$$00000000  c_w.l(libshutdown.o)
    0x0800024e   0x0800024e   0x00000000   Code   RO         9318    .ARM.Collect$$libshutdown$$00000002  c_w.l(libshutdown2.o)
    0x0800024e   0x0800024e   0x00000000   Code   RO         9320    .ARM.Collect$$libshutdown$$00000004  c_w.l(libshutdown2.o)
    0x0800024e   0x0800024e   0x00000000   Code   RO         9322    .ARM.Collect$$libshutdown$$00000006  c_w.l(libshutdown2.o)
    0x0800024e   0x0800024e   0x00000000   Code   RO         9325    .ARM.Collect$$libshutdown$$00000009  c_w.l(libshutdown2.o)
    0x0800024e   0x0800024e   0x00000000   Code   RO         9328    .ARM.Collect$$libshutdown$$0000000C  c_w.l(libshutdown2.o)
    0x0800024e   0x0800024e   0x00000000   Code   RO         9330    .ARM.Collect$$libshutdown$$0000000E  c_w.l(libshutdown2.o)
    0x0800024e   0x0800024e   0x00000000   Code   RO         9333    .ARM.Collect$$libshutdown$$00000011  c_w.l(libshutdown2.o)
    0x0800024e   0x0800024e   0x00000002   Code   RO         9334    .ARM.Collect$$libshutdown$$00000012  c_w.l(libshutdown2.o)
    0x08000250   0x08000250   0x00000000   Code   RO         9065    .ARM.Collect$$rtentry$$00000000  c_w.l(__rtentry.o)
    0x08000250   0x08000250   0x00000000   Code   RO         9228    .ARM.Collect$$rtentry$$00000002  c_w.l(__rtentry2.o)
    0x08000250   0x08000250   0x00000006   Code   RO         9240    .ARM.Collect$$rtentry$$00000004  c_w.l(__rtentry4.o)
    0x08000256   0x08000256   0x00000000   Code   RO         9230    .ARM.Collect$$rtentry$$00000009  c_w.l(__rtentry2.o)
    0x08000256   0x08000256   0x00000004   Code   RO         9231    .ARM.Collect$$rtentry$$0000000A  c_w.l(__rtentry2.o)
    0x0800025a   0x0800025a   0x00000000   Code   RO         9233    .ARM.Collect$$rtentry$$0000000C  c_w.l(__rtentry2.o)
    0x0800025a   0x0800025a   0x00000008   Code   RO         9234    .ARM.Collect$$rtentry$$0000000D  c_w.l(__rtentry2.o)
    0x08000262   0x08000262   0x00000002   Code   RO         9305    .ARM.Collect$$rtexit$$00000000  c_w.l(rtexit.o)
    0x08000264   0x08000264   0x00000000   Code   RO         9338    .ARM.Collect$$rtexit$$00000002  c_w.l(rtexit2.o)
    0x08000264   0x08000264   0x00000004   Code   RO         9339    .ARM.Collect$$rtexit$$00000003  c_w.l(rtexit2.o)
    0x08000268   0x08000268   0x00000006   Code   RO         9340    .ARM.Collect$$rtexit$$00000004  c_w.l(rtexit2.o)
    0x0800026e   0x0800026e   0x00000002   PAD
    0x08000270   0x08000270   0x000000be   Code   RO         5515    .emb_text           port.o
    0x0800032e   0x0800032e   0x00000002   PAD
    0x08000330   0x08000330   0x00000000   Code   RO         9251    .emb_text           c_w.l(maybetermalloc1.o)
    0x08000330   0x08000330   0x00000040   Code   RO            4    .text               startup_stm32f407xx.o
    0x08000370   0x08000370   0x0000005e   Code   RO         8913    .text               c_w.l(h1_alloc.o)
    0x080003ce   0x080003ce   0x0000004e   Code   RO         8915    .text               c_w.l(h1_free.o)
    0x0800041c   0x0800041c   0x000000ee   Code   RO         8971    .text               c_w.l(lludivv7m.o)
    0x0800050a   0x0800050a   0x0000008a   Code   RO         8973    .text               c_w.l(rt_memcpy_v6.o)
    0x08000594   0x08000594   0x00000064   Code   RO         8975    .text               c_w.l(rt_memcpy_w.o)
    0x080005f8   0x080005f8   0x00000044   Code   RO         8979    .text               c_w.l(rt_memclr.o)
    0x0800063c   0x0800063c   0x0000004e   Code   RO         8981    .text               c_w.l(rt_memclr_w.o)
    0x0800068a   0x0800068a   0x00000006   Code   RO         8983    .text               c_w.l(heapauxi.o)
    0x08000690   0x08000690   0x00000008   Code   RO         9073    .text               c_w.l(rt_heap_descriptor_intlibspace.o)
    0x08000698   0x08000698   0x00000004   Code   RO         9075    .text               c_w.l(hguard.o)
    0x0800069c   0x0800069c   0x0000008a   Code   RO         9077    .text               c_w.l(init_alloc.o)
    0x08000726   0x08000726   0x0000000e   Code   RO         9081    .text               c_w.l(h1_init.o)
    0x08000734   0x08000734   0x00000016   Code   RO         9095    .text               c_w.l(_rserrno.o)
    0x0800074a   0x0800074a   0x00000002   PAD
    0x0800074c   0x0800074c   0x00000008   Code   RO         9224    .text               c_w.l(libspace.o)
    0x08000754   0x08000754   0x00000008   Code   RO         9247    .text               c_w.l(rt_errno_addr_intlibspace.o)
    0x0800075c   0x0800075c   0x00000034   Code   RO         9253    .text               c_w.l(h1_extend.o)
    0x08000790   0x08000790   0x0000000e   Code   RO         9257    .text               c_w.l(defsig_rtmem_outer.o)
    0x0800079e   0x0800079e   0x00000002   Code   RO         9274    .text               c_w.l(use_no_semi.o)
    0x080007a0   0x080007a0   0x00000000   Code   RO         9276    .text               c_w.l(indicate_semi.o)
    0x080007a0   0x080007a0   0x0000004a   Code   RO         9277    .text               c_w.l(sys_stackheap_outer.o)
    0x080007ea   0x080007ea   0x00000012   Code   RO         9283    .text               c_w.l(exit.o)
    0x080007fc   0x080007fc   0x0000000a   Code   RO         9285    .text               c_w.l(defsig_exit.o)
    0x08000806   0x08000806   0x00000002   PAD
    0x08000808   0x08000808   0x00000050   Code   RO         9291    .text               c_w.l(defsig_rtmem_inner.o)
    0x08000858   0x08000858   0x0000000c   Code   RO         9303    .text               c_w.l(sys_exit.o)
    0x08000864   0x08000864   0x00000032   Code   RO         9313    .text               c_w.l(defsig_general.o)
    0x08000896   0x08000896   0x0000000e   Code   RO         9335    .text               c_w.l(sys_wrch.o)
    0x080008a4   0x080008a4   0x00000128   Code   RO         1131    i.ADC_Init          stm32f4xx_hal_adc.o
    0x080009cc   0x080009cc   0x00000002   Code   RO         5641    i.ADC_Init          drv_adda.o
    0x080009ce   0x080009ce   0x00000002   PAD
    0x080009d0   0x080009d0   0x00000028   Code   RO         8153    i.Append_CRC16_Check_Sum  crc.o
    0x080009f8   0x080009f8   0x00000020   Code   RO         8154    i.Append_CRC8_Check_Sum  crc.o
    0x08000a18   0x08000a18   0x00000048   Code   RO         5994    i.BMI_Get_RawData   bmi.o
    0x08000a60   0x08000a60   0x0000006c   Code   RO         5995    i.BMI_Init          bmi.o
    0x08000acc   0x08000acc   0x0000009c   Code   RO         5996    i.BMI_Updata        bmi.o
    0x08000b68   0x08000b68   0x00000020   Code   RO         8538    i.BmiUpdateTask     check_task.o
    0x08000b88   0x08000b88   0x00000002   Code   RO          889    i.BusFault_Handler  stm32f4xx_it.o
    0x08000b8a   0x08000b8a   0x00000002   PAD
    0x08000b8c   0x08000b8c   0x00000028   Code   RO         5677    i.CAN1_Init         drv_can.o
    0x08000bb4   0x08000bb4   0x0000000c   Code   RO          890    i.CAN1_RX0_IRQHandler  stm32f4xx_it.o
    0x08000bc0   0x08000bc0   0x00000078   Code   RO         5679    i.CAN1_rxDataHandler  drv_can.o
    0x08000c38   0x08000c38   0x00000028   Code   RO         5680    i.CAN2_Init         drv_can.o
    0x08000c60   0x08000c60   0x0000000c   Code   RO          891    i.CAN2_RX0_IRQHandler  stm32f4xx_it.o
    0x08000c6c   0x08000c6c   0x000000a0   Code   RO         5682    i.CAN2_rxDataHandler  drv_can.o
    0x08000d0c   0x08000d0c   0x0000001a   Code   RO         5683    i.CAN_Filter_ParamsInit  drv_can.o
    0x08000d26   0x08000d26   0x00000002   PAD
    0x08000d28   0x08000d28   0x00000058   Code   RO         5684    i.CAN_Rx_Callback   drv_can.o
    0x08000d80   0x08000d80   0x0000006c   Code   RO         5685    i.CAN_SendData      drv_can.o
    0x08000dec   0x08000dec   0x00000064   Code   RO         5686    i.CAN_u8_SendData   drv_can.o
    0x08000e50   0x08000e50   0x0000000c   Code   RO         8539    i.ChassisTask       check_task.o
    0x08000e5c   0x08000e5c   0x00000014   Code   RO         7610    i.Chassis_Config_power_limit  rp_chassis.o
    0x08000e70   0x08000e70   0x0000000c   Code   RO         7611    i.Chassis_Config_rotation_ratio  rp_chassis.o
    0x08000e7c   0x08000e7c   0x00000044   Code   RO         7612    i.Chassis_Control   rp_chassis.o
    0x08000ec0   0x08000ec0   0x0000004a   Code   RO         7613    i.Chassis_HeartBeat  rp_chassis.o
    0x08000f0a   0x08000f0a   0x00000002   PAD
    0x08000f0c   0x08000f0c   0x00000108   Code   RO         7614    i.Chassis_Init      rp_chassis.o
    0x08001014   0x08001014   0x000000d4   Code   RO         7615    i.Chassis_Pid_Calculating  rp_chassis.o
    0x080010e8   0x080010e8   0x00000114   Code   RO         7616    i.Chassis_Power_Limit  rp_chassis.o
    0x080011fc   0x080011fc   0x0000001a   Code   RO         7617    i.Chassis_Speed_Calculating  rp_chassis.o
    0x08001216   0x08001216   0x00000096   Code   RO         7618    i.Chassis_Speed_Limit  rp_chassis.o
    0x080012ac   0x080012ac   0x00000090   Code   RO         7619    i.Chassis_Top_Speed_Calculating  rp_chassis.o
    0x0800133c   0x0800133c   0x00000040   Code   RO         7620    i.Chassis_Work      rp_chassis.o
    0x0800137c   0x0800137c   0x00000014   Code   RO         7621    i.Chassis_config_top_calc  rp_chassis.o
    0x08001390   0x08001390   0x0000000c   Code   RO         8540    i.CheckTask         check_task.o
    0x0800139c   0x0800139c   0x0000000c   Code   RO         5642    i.DAC_Init          drv_adda.o
    0x080013a8   0x080013a8   0x0000000c   Code   RO          892    i.DMA1_Stream0_IRQHandler  stm32f4xx_it.o
    0x080013b4   0x080013b4   0x0000000c   Code   RO          893    i.DMA1_Stream1_IRQHandler  stm32f4xx_it.o
    0x080013c0   0x080013c0   0x0000000c   Code   RO          894    i.DMA1_Stream2_IRQHandler  stm32f4xx_it.o
    0x080013cc   0x080013cc   0x0000000c   Code   RO          895    i.DMA1_Stream3_IRQHandler  stm32f4xx_it.o
    0x080013d8   0x080013d8   0x0000000c   Code   RO          896    i.DMA1_Stream5_IRQHandler  stm32f4xx_it.o
    0x080013e4   0x080013e4   0x0000000c   Code   RO          897    i.DMA1_Stream7_IRQHandler  stm32f4xx_it.o
    0x080013f0   0x080013f0   0x0000000c   Code   RO          898    i.DMA2_Stream2_IRQHandler  stm32f4xx_it.o
    0x080013fc   0x080013fc   0x00000244   Code   RO         5862    i.DMAEx_MultiBufferStart_NoIT  drv_uart.o
    0x08001640   0x08001640   0x00000028   Code   RO         1862    i.DMA_CalcBaseAndBitshift  stm32f4xx_hal_dma.o
    0x08001668   0x08001668   0x00000054   Code   RO         1863    i.DMA_CheckFifoParam  stm32f4xx_hal_dma.o
    0x080016bc   0x080016bc   0x00000028   Code   RO         1864    i.DMA_SetConfig     stm32f4xx_hal_dma.o
    0x080016e4   0x080016e4   0x00000062   Code   RO         5863    i.DMA_Start         drv_uart.o
    0x08001746   0x08001746   0x00000002   PAD
    0x08001748   0x08001748   0x00000064   Code   RO         8663    i.DONE_WORK         rp_shoot.o
    0x080017ac   0x080017ac   0x0000002e   Code   RO         5595    i.DRIVER_Init       driver.o
    0x080017da   0x080017da   0x00000014   Code   RO         5864    i.DRV_UART_IRQHandler  drv_uart.o
    0x080017ee   0x080017ee   0x00000002   Code   RO          899    i.DebugMon_Handler  stm32f4xx_it.o
    0x080017f0   0x080017f0   0x00000090   Code   RO         8664    i.Done_Check        rp_shoot.o
    0x08001880   0x08001880   0x00000002   Code   RO           13    i.Error_Handler     main.o
    0x08001882   0x08001882   0x00000002   PAD
    0x08001884   0x08001884   0x00000018   Code   RO         5828    i.FRICTION_PwmOut   drv_tim.o
    0x0800189c   0x0800189c   0x0000002c   Code   RO         8155    i.Get_CRC16_Check_Sum  crc.o
    0x080018c8   0x080018c8   0x00000020   Code   RO         8156    i.Get_CRC8_Check_Sum  crc.o
    0x080018e8   0x080018e8   0x0000000c   Code   RO         8541    i.GimbalTask        check_task.o
    0x080018f4   0x080018f4   0x0000001a   Code   RO         7752    i.Gimbal_BigYawAngleCheck  rp_gimbal.o
    0x0800190e   0x0800190e   0x00000002   PAD
    0x08001910   0x08001910   0x0000003c   Code   RO         7753    i.Gimbal_BigYawBmiPosition  rp_gimbal.o
    0x0800194c   0x0800194c   0x0000003c   Code   RO         7754    i.Gimbal_BigYawPosition  rp_gimbal.o
    0x08001988   0x08001988   0x0000004c   Code   RO         7757    i.Gimbal_Init       rp_gimbal.o
    0x080019d4   0x080019d4   0x000000ae   Code   RO         7944    i.H2M_GETT_DATA     can_protocol.o
    0x08001a82   0x08001a82   0x00000002   PAD
    0x08001a84   0x08001a84   0x0000014c   Code   RO         1133    i.HAL_ADC_ConfigChannel  stm32f4xx_hal_adc.o
    0x08001bd0   0x08001bd0   0x00000054   Code   RO         1142    i.HAL_ADC_Init      stm32f4xx_hal_adc.o
    0x08001c24   0x08001c24   0x00000060   Code   RO          580    i.HAL_ADC_MspInit   adc.o
    0x08001c84   0x08001c84   0x00000024   Code   RO         2536    i.HAL_CAN_ActivateNotification  stm32f4xx_hal_can.o
    0x08001ca8   0x08001ca8   0x000000dc   Code   RO         2537    i.HAL_CAN_AddTxMessage  stm32f4xx_hal_can.o
    0x08001d84   0x08001d84   0x0000010c   Code   RO         2538    i.HAL_CAN_ConfigFilter  stm32f4xx_hal_can.o
    0x08001e90   0x08001e90   0x00000002   Code   RO         2541    i.HAL_CAN_ErrorCallback  stm32f4xx_hal_can.o
    0x08001e92   0x08001e92   0x000000e8   Code   RO         2544    i.HAL_CAN_GetRxMessage  stm32f4xx_hal_can.o
    0x08001f7a   0x08001f7a   0x000001fc   Code   RO         2548    i.HAL_CAN_IRQHandler  stm32f4xx_hal_can.o
    0x08002176   0x08002176   0x0000011a   Code   RO         2549    i.HAL_CAN_Init      stm32f4xx_hal_can.o
    0x08002290   0x08002290   0x000000fc   Code   RO          622    i.HAL_CAN_MspInit   can.o
    0x0800238c   0x0800238c   0x00000002   Code   RO         2556    i.HAL_CAN_RxFifo0FullCallback  stm32f4xx_hal_can.o
    0x0800238e   0x0800238e   0x00000002   PAD
    0x08002390   0x08002390   0x0000001c   Code   RO         5687    i.HAL_CAN_RxFifo0MsgPendingCallback  drv_can.o
    0x080023ac   0x080023ac   0x00000002   Code   RO         2558    i.HAL_CAN_RxFifo1FullCallback  stm32f4xx_hal_can.o
    0x080023ae   0x080023ae   0x00000002   Code   RO         2559    i.HAL_CAN_RxFifo1MsgPendingCallback  stm32f4xx_hal_can.o
    0x080023b0   0x080023b0   0x00000002   Code   RO         2560    i.HAL_CAN_SleepCallback  stm32f4xx_hal_can.o
    0x080023b2   0x080023b2   0x00000002   PAD
    0x080023b4   0x080023b4   0x00000058   Code   RO         2561    i.HAL_CAN_Start     stm32f4xx_hal_can.o
    0x0800240c   0x0800240c   0x00000002   Code   RO         2563    i.HAL_CAN_TxMailbox0AbortCallback  stm32f4xx_hal_can.o
    0x0800240e   0x0800240e   0x00000002   Code   RO         2564    i.HAL_CAN_TxMailbox0CompleteCallback  stm32f4xx_hal_can.o
    0x08002410   0x08002410   0x00000002   Code   RO         2565    i.HAL_CAN_TxMailbox1AbortCallback  stm32f4xx_hal_can.o
    0x08002412   0x08002412   0x00000002   Code   RO         2566    i.HAL_CAN_TxMailbox1CompleteCallback  stm32f4xx_hal_can.o
    0x08002414   0x08002414   0x00000002   Code   RO         2567    i.HAL_CAN_TxMailbox2AbortCallback  stm32f4xx_hal_can.o
    0x08002416   0x08002416   0x00000002   Code   RO         2568    i.HAL_CAN_TxMailbox2CompleteCallback  stm32f4xx_hal_can.o
    0x08002418   0x08002418   0x00000002   Code   RO         2570    i.HAL_CAN_WakeUpFromRxMsgCallback  stm32f4xx_hal_can.o
    0x0800241a   0x0800241a   0x00000042   Code   RO         2772    i.HAL_DAC_ConfigChannel  stm32f4xx_hal_dac.o
    0x0800245c   0x0800245c   0x00000028   Code   RO         2782    i.HAL_DAC_Init      stm32f4xx_hal_dac.o
    0x08002484   0x08002484   0x00000060   Code   RO          671    i.HAL_DAC_MspInit   dac.o
    0x080024e4   0x080024e4   0x0000006c   Code   RO         2786    i.HAL_DAC_Start     stm32f4xx_hal_dac.o
    0x08002550   0x08002550   0x00000024   Code   RO         1866    i.HAL_DMA_Abort_IT  stm32f4xx_hal_dma.o
    0x08002574   0x08002574   0x000001a0   Code   RO         1870    i.HAL_DMA_IRQHandler  stm32f4xx_hal_dma.o
    0x08002714   0x08002714   0x000000d4   Code   RO         1871    i.HAL_DMA_Init      stm32f4xx_hal_dma.o
    0x080027e8   0x080027e8   0x0000006e   Code   RO         1875    i.HAL_DMA_Start_IT  stm32f4xx_hal_dma.o
    0x08002856   0x08002856   0x00000002   PAD
    0x08002858   0x08002858   0x00000024   Code   RO         2284    i.HAL_Delay         stm32f4xx_hal.o
    0x0800287c   0x0800287c   0x000001b8   Code   RO         1758    i.HAL_GPIO_Init     stm32f4xx_hal_gpio.o
    0x08002a34   0x08002a34   0x0000000e   Code   RO         1761    i.HAL_GPIO_TogglePin  stm32f4xx_hal_gpio.o
    0x08002a42   0x08002a42   0x0000000a   Code   RO         1762    i.HAL_GPIO_WritePin  stm32f4xx_hal_gpio.o
    0x08002a4c   0x08002a4c   0x0000000c   Code   RO         2290    i.HAL_GetTick       stm32f4xx_hal.o
    0x08002a58   0x08002a58   0x0000000c   Code   RO         2291    i.HAL_GetTickFreq   stm32f4xx_hal.o
    0x08002a64   0x08002a64   0x00000052   Code   RO         2994    i.HAL_IWDG_Init     stm32f4xx_hal_iwdg.o
    0x08002ab6   0x08002ab6   0x0000000c   Code   RO         2995    i.HAL_IWDG_Refresh  stm32f4xx_hal_iwdg.o
    0x08002ac2   0x08002ac2   0x00000002   PAD
    0x08002ac4   0x08002ac4   0x00000010   Code   RO         2296    i.HAL_IncTick       stm32f4xx_hal.o
    0x08002ad4   0x08002ad4   0x00000034   Code   RO         2297    i.HAL_Init          stm32f4xx_hal.o
    0x08002b08   0x08002b08   0x00000074   Code   RO         1089    i.HAL_InitTick      stm32f4xx_hal_timebase_tim.o
    0x08002b7c   0x08002b7c   0x00000038   Code   RO         1065    i.HAL_MspInit       stm32f4xx_hal_msp.o
    0x08002bb4   0x08002bb4   0x0000001a   Code   RO         2147    i.HAL_NVIC_EnableIRQ  stm32f4xx_hal_cortex.o
    0x08002bce   0x08002bce   0x00000002   PAD
    0x08002bd0   0x08002bd0   0x00000040   Code   RO         2153    i.HAL_NVIC_SetPriority  stm32f4xx_hal_cortex.o
    0x08002c10   0x08002c10   0x00000024   Code   RO         2154    i.HAL_NVIC_SetPriorityGrouping  stm32f4xx_hal_cortex.o
    0x08002c34   0x08002c34   0x00000134   Code   RO         1404    i.HAL_RCC_ClockConfig  stm32f4xx_hal_rcc.o
    0x08002d68   0x08002d68   0x00000040   Code   RO         1408    i.HAL_RCC_GetClockConfig  stm32f4xx_hal_rcc.o
    0x08002da8   0x08002da8   0x00000020   Code   RO         1411    i.HAL_RCC_GetPCLK1Freq  stm32f4xx_hal_rcc.o
    0x08002dc8   0x08002dc8   0x00000020   Code   RO         1412    i.HAL_RCC_GetPCLK2Freq  stm32f4xx_hal_rcc.o
    0x08002de8   0x08002de8   0x00000064   Code   RO         1413    i.HAL_RCC_GetSysClockFreq  stm32f4xx_hal_rcc.o
    0x08002e4c   0x08002e4c   0x0000035c   Code   RO         1416    i.HAL_RCC_OscConfig  stm32f4xx_hal_rcc.o
    0x080031a8   0x080031a8   0x00000002   Code   RO         3701    i.HAL_TIMEx_BreakCallback  stm32f4xx_hal_tim_ex.o
    0x080031aa   0x080031aa   0x00000002   Code   RO         3702    i.HAL_TIMEx_CommutCallback  stm32f4xx_hal_tim_ex.o
    0x080031ac   0x080031ac   0x00000054   Code   RO         3704    i.HAL_TIMEx_ConfigBreakDeadTime  stm32f4xx_hal_tim_ex.o
    0x08003200   0x08003200   0x00000090   Code   RO         3719    i.HAL_TIMEx_MasterConfigSynchronization  stm32f4xx_hal_tim_ex.o
    0x08003290   0x08003290   0x00000036   Code   RO         3026    i.HAL_TIM_Base_Init  stm32f4xx_hal_tim.o
    0x080032c6   0x080032c6   0x00000002   PAD
    0x080032c8   0x080032c8   0x00000044   Code   RO          770    i.HAL_TIM_Base_MspInit  tim.o
    0x0800330c   0x0800330c   0x00000022   Code   RO         3031    i.HAL_TIM_Base_Start_IT  stm32f4xx_hal_tim.o
    0x0800332e   0x0800332e   0x000000d6   Code   RO         3035    i.HAL_TIM_ConfigClockSource  stm32f4xx_hal_tim.o
    0x08003404   0x08003404   0x00000002   Code   RO         3055    i.HAL_TIM_IC_CaptureCallback  stm32f4xx_hal_tim.o
    0x08003406   0x08003406   0x00000166   Code   RO         3069    i.HAL_TIM_IRQHandler  stm32f4xx_hal_tim.o
    0x0800356c   0x0800356c   0x00000084   Code   RO          771    i.HAL_TIM_MspPostInit  tim.o
    0x080035f0   0x080035f0   0x00000002   Code   RO         3072    i.HAL_TIM_OC_DelayElapsedCallback  stm32f4xx_hal_tim.o
    0x080035f2   0x080035f2   0x000000d0   Code   RO         3093    i.HAL_TIM_PWM_ConfigChannel  stm32f4xx_hal_tim.o
    0x080036c2   0x080036c2   0x00000036   Code   RO         3096    i.HAL_TIM_PWM_Init  stm32f4xx_hal_tim.o
    0x080036f8   0x080036f8   0x00000002   Code   RO         3098    i.HAL_TIM_PWM_MspInit  stm32f4xx_hal_tim.o
    0x080036fa   0x080036fa   0x00000002   Code   RO         3099    i.HAL_TIM_PWM_PulseFinishedCallback  stm32f4xx_hal_tim.o
    0x080036fc   0x080036fc   0x00000044   Code   RO         3101    i.HAL_TIM_PWM_Start  stm32f4xx_hal_tim.o
    0x08003740   0x08003740   0x0000000e   Code   RO           14    i.HAL_TIM_PeriodElapsedCallback  main.o
    0x0800374e   0x0800374e   0x00000002   Code   RO         3112    i.HAL_TIM_TriggerCallback  stm32f4xx_hal_tim.o
    0x08003750   0x08003750   0x00000002   Code   RO         3973    i.HAL_UART_ErrorCallback  stm32f4xx_hal_uart.o
    0x08003752   0x08003752   0x00000002   PAD
    0x08003754   0x08003754   0x00000114   Code   RO         3976    i.HAL_UART_IRQHandler  stm32f4xx_hal_uart.o
    0x08003868   0x08003868   0x00000062   Code   RO         3977    i.HAL_UART_Init     stm32f4xx_hal_uart.o
    0x080038ca   0x080038ca   0x00000002   PAD
    0x080038cc   0x080038cc   0x000003a8   Code   RO          824    i.HAL_UART_MspInit  usart.o
    0x08003c74   0x08003c74   0x00000002   Code   RO         3983    i.HAL_UART_RxCpltCallback  stm32f4xx_hal_uart.o
    0x08003c76   0x08003c76   0x00000002   PAD
    0x08003c78   0x08003c78   0x00000080   Code   RO         3986    i.HAL_UART_Transmit_DMA  stm32f4xx_hal_uart.o
    0x08003cf8   0x08003cf8   0x00000002   Code   RO         3988    i.HAL_UART_TxCpltCallback  stm32f4xx_hal_uart.o
    0x08003cfa   0x08003cfa   0x00000002   Code   RO         3989    i.HAL_UART_TxHalfCpltCallback  stm32f4xx_hal_uart.o
    0x08003cfc   0x08003cfc   0x00000028   Code   RO          900    i.HardFault_Handler  stm32f4xx_it.o
    0x08003d24   0x08003d24   0x00000060   Code   RO         7878    i.Hurt_And_Find     gimbal_task.o
    0x08003d84   0x08003d84   0x00000040   Code   RO         7407    i.IIC_Ack           soft_iic.o
    0x08003dc4   0x08003dc4   0x00000040   Code   RO         7408    i.IIC_NAck          soft_iic.o
    0x08003e04   0x08003e04   0x00000068   Code   RO         7409    i.IIC_Read_Byte     soft_iic.o
    0x08003e6c   0x08003e6c   0x00000060   Code   RO         7410    i.IIC_Send_Byte     soft_iic.o
    0x08003ecc   0x08003ecc   0x00000040   Code   RO         7411    i.IIC_Start         soft_iic.o
    0x08003f0c   0x08003f0c   0x00000044   Code   RO         7412    i.IIC_Stop          soft_iic.o
    0x08003f50   0x08003f50   0x00000054   Code   RO         7413    i.IIC_Wait_Ack      soft_iic.o
    0x08003fa4   0x08003fa4   0x00000012   Code   RO         7468    i.Low_Pass_Fliter   rp_math.o
    0x08003fb6   0x08003fb6   0x0000000c   Code   RO         8542    i.M2HTask           check_task.o
    0x08003fc2   0x08003fc2   0x00000002   PAD
    0x08003fc4   0x08003fc4   0x00000060   Code   RO         7945    i.M2H_SENT_DATA     can_protocol.o
    0x08004024   0x08004024   0x000001e0   Code   RO         8610    i.MODE_CHECK        car.o
    0x08004204   0x08004204   0x00000038   Code   RO         8281    i.MOTOR_9015_Iq     9015_motor.o
    0x0800423c   0x0800423c   0x00000030   Code   RO         7758    i.MOTOR_9015_TO_BMI  rp_gimbal.o
    0x0800426c   0x0800426c   0x0000004c   Code   RO         7223    i.MPU_Read_Byte     bmi2_common.o
    0x080042b8   0x080042b8   0x00000060   Code   RO         7224    i.MPU_Read_all      bmi2_common.o
    0x08004318   0x08004318   0x00000064   Code   RO          581    i.MX_ADC1_Init      adc.o
    0x0800437c   0x0800437c   0x00000048   Code   RO          623    i.MX_CAN1_Init      can.o
    0x080043c4   0x080043c4   0x00000048   Code   RO          624    i.MX_CAN2_Init      can.o
    0x0800440c   0x0800440c   0x0000003c   Code   RO          672    i.MX_DAC_Init       dac.o
    0x08004448   0x08004448   0x0000009c   Code   RO          712    i.MX_DMA_Init       dma.o
    0x080044e4   0x080044e4   0x000000c0   Code   RO          490    i.MX_FREERTOS_Init  freertos.o
    0x080045a4   0x080045a4   0x00000130   Code   RO          355    i.MX_GPIO_Init      gpio.o
    0x080046d4   0x080046d4   0x0000002c   Code   RO          739    i.MX_IWDG_Init      iwdg.o
    0x08004700   0x08004700   0x000000cc   Code   RO          772    i.MX_TIM1_Init      tim.o
    0x080047cc   0x080047cc   0x000000a8   Code   RO          773    i.MX_TIM3_Init      tim.o
    0x08004874   0x08004874   0x00000038   Code   RO          825    i.MX_UART4_Init     usart.o
    0x080048ac   0x080048ac   0x00000038   Code   RO          826    i.MX_UART5_Init     usart.o
    0x080048e4   0x080048e4   0x00000038   Code   RO          827    i.MX_USART1_UART_Init  usart.o
    0x0800491c   0x0800491c   0x0000003c   Code   RO          828    i.MX_USART2_UART_Init  usart.o
    0x08004958   0x08004958   0x00000038   Code   RO          829    i.MX_USART3_UART_Init  usart.o
    0x08004990   0x08004990   0x00000042   Code   RO         7946    i.Master_Head_HEART  can_protocol.o
    0x080049d2   0x080049d2   0x0000001e   Code   RO         7947    i.Master_Head_INIT  can_protocol.o
    0x080049f0   0x080049f0   0x00000002   Code   RO          901    i.MemManage_Handler  stm32f4xx_it.o
    0x080049f2   0x080049f2   0x00000002   PAD
    0x080049f4   0x080049f4   0x0000007c   Code   RO         8447    i.Motor_2006_GetData  2006_motor.o
    0x08004a70   0x08004a70   0x00000022   Code   RO         8448    i.Motor_2006_HeartBeat  2006_motor.o
    0x08004a92   0x08004a92   0x00000034   Code   RO         8449    i.Motor_2006_Init   2006_motor.o
    0x08004ac6   0x08004ac6   0x00000002   PAD
    0x08004ac8   0x08004ac8   0x00000050   Code   RO         8384    i.Motor_3508_Can1SentData  3508_motor.o
    0x08004b18   0x08004b18   0x0000005c   Code   RO         8385    i.Motor_3508_Can2SentData  3508_motor.o
    0x08004b74   0x08004b74   0x00000054   Code   RO         8386    i.Motor_3508_GetData1  3508_motor.o
    0x08004bc8   0x08004bc8   0x00000022   Code   RO         8388    i.Motor_3508_HeartBeat  3508_motor.o
    0x08004bea   0x08004bea   0x00000024   Code   RO         8389    i.Motor_3508_Init   3508_motor.o
    0x08004c0e   0x08004c0e   0x00000002   PAD
    0x08004c10   0x08004c10   0x0000008c   Code   RO         8282    i.Motor_9015_BmiPosition  9015_motor.o
    0x08004c9c   0x08004c9c   0x00000028   Code   RO         8284    i.Motor_9015_HeartBeat  9015_motor.o
    0x08004cc4   0x08004cc4   0x000000ac   Code   RO         8285    i.Motor_9015_Init   9015_motor.o
    0x08004d70   0x08004d70   0x00000006   Code   RO         8286    i.Motor_9015_Off    9015_motor.o
    0x08004d76   0x08004d76   0x00000002   PAD
    0x08004d78   0x08004d78   0x0000006c   Code   RO         8287    i.Motor_9015_Position  9015_motor.o
    0x08004de4   0x08004de4   0x00000034   Code   RO         8290    i.Motor_9015_Star   9015_motor.o
    0x08004e18   0x08004e18   0x000000c0   Code   RO         8292    i.Motor_9015_Updata  9015_motor.o
    0x08004ed8   0x08004ed8   0x00000068   Code   RO         8293    i.Motor_9015_VisionBmiPosition  9015_motor.o
    0x08004f40   0x08004f40   0x00000050   Code   RO         5997    i.My_BMI_Init       bmi.o
    0x08004f90   0x08004f90   0x00000002   Code   RO          902    i.NMI_Handler       stm32f4xx_it.o
    0x08004f92   0x08004f92   0x00000002   PAD
    0x08004f94   0x08004f94   0x00000088   Code   RO         8214    i.Navigation_GetData  navigation.o
    0x0800501c   0x0800501c   0x00000018   Code   RO         7512    i.PID_struct_init   dji_pid.o
    0x08005034   0x08005034   0x00000038   Code   RO         5829    i.PWM_Init          drv_tim.o
    0x0800506c   0x0800506c   0x00000044   Code   RO         7759    i.Pitch_Auto_L      rp_gimbal.o
    0x080050b0   0x080050b0   0x00000040   Code   RO         7760    i.Pitch_Auto_R      rp_gimbal.o
    0x080050f0   0x080050f0   0x00000022   Code   RO         7996    i.RC_HEART          remote.o
    0x08005112   0x08005112   0x00000034   Code   RO         8665    i.Running_Fire      rp_shoot.o
    0x08005146   0x08005146   0x00000002   PAD
    0x08005148   0x08005148   0x00000174   Code   RO         8666    i.SHOOT_INIT        rp_shoot.o
    0x080052bc   0x080052bc   0x00000054   Code   RO         5998    i.Set_accel         bmi.o
    0x08005310   0x08005310   0x00000058   Code   RO         5999    i.Set_gyro          bmi.o
    0x08005368   0x08005368   0x00000018   Code   RO         8543    i.ShootTask         check_task.o
    0x08005380   0x08005380   0x00000056   Code   RO         8668    i.Single_Fire       rp_shoot.o
    0x080053d6   0x080053d6   0x0000000a   Code   RO          491    i.StartMonitorTask  freertos.o
    0x080053e0   0x080053e0   0x0000002c   Code   RO         5516    i.SysTick_Handler   port.o
    0x0800540c   0x0800540c   0x0000008c   Code   RO           15    i.SystemClock_Config  main.o
    0x08005498   0x08005498   0x0000001c   Code   RO         4279    i.SystemInit        system_stm32f4xx.o
    0x080054b4   0x080054b4   0x0000000c   Code   RO          903    i.TIM2_IRQHandler   stm32f4xx_it.o
    0x080054c0   0x080054c0   0x000000c8   Code   RO         3114    i.TIM_Base_SetConfig  stm32f4xx_hal_tim.o
    0x08005588   0x08005588   0x0000001a   Code   RO         3115    i.TIM_CCxChannelCmd  stm32f4xx_hal_tim.o
    0x080055a2   0x080055a2   0x00000014   Code   RO         3125    i.TIM_ETR_SetConfig  stm32f4xx_hal_tim.o
    0x080055b6   0x080055b6   0x00000010   Code   RO         3126    i.TIM_ITRx_SetConfig  stm32f4xx_hal_tim.o
    0x080055c6   0x080055c6   0x00000002   PAD
    0x080055c8   0x080055c8   0x00000060   Code   RO         3127    i.TIM_OC1_SetConfig  stm32f4xx_hal_tim.o
    0x08005628   0x08005628   0x0000006c   Code   RO         3128    i.TIM_OC2_SetConfig  stm32f4xx_hal_tim.o
    0x08005694   0x08005694   0x00000068   Code   RO         3129    i.TIM_OC3_SetConfig  stm32f4xx_hal_tim.o
    0x080056fc   0x080056fc   0x00000050   Code   RO         3130    i.TIM_OC4_SetConfig  stm32f4xx_hal_tim.o
    0x0800574c   0x0800574c   0x00000022   Code   RO         3132    i.TIM_TI1_ConfigInputStage  stm32f4xx_hal_tim.o
    0x0800576e   0x0800576e   0x00000024   Code   RO         3134    i.TIM_TI2_ConfigInputStage  stm32f4xx_hal_tim.o
    0x08005792   0x08005792   0x00000002   PAD
    0x08005794   0x08005794   0x00000018   Code   RO          904    i.UART4_IRQHandler  stm32f4xx_it.o
    0x080057ac   0x080057ac   0x00000018   Code   RO          905    i.UART5_IRQHandler  stm32f4xx_it.o
    0x080057c4   0x080057c4   0x00000010   Code   RO         3990    i.UART_DMAAbortOnError  stm32f4xx_hal_uart.o
    0x080057d4   0x080057d4   0x0000004a   Code   RO         3991    i.UART_DMAError     stm32f4xx_hal_uart.o
    0x0800581e   0x0800581e   0x0000002e   Code   RO         3996    i.UART_DMATransmitCplt  stm32f4xx_hal_uart.o
    0x0800584c   0x0800584c   0x0000000a   Code   RO         3998    i.UART_DMATxHalfCplt  stm32f4xx_hal_uart.o
    0x08005856   0x08005856   0x0000001c   Code   RO         4000    i.UART_EndRxTransfer  stm32f4xx_hal_uart.o
    0x08005872   0x08005872   0x00000012   Code   RO         4001    i.UART_EndTxTransfer  stm32f4xx_hal_uart.o
    0x08005884   0x08005884   0x00000096   Code   RO         4002    i.UART_Receive_IT   stm32f4xx_hal_uart.o
    0x0800591a   0x0800591a   0x00000002   PAD
    0x0800591c   0x0800591c   0x00000128   Code   RO         4003    i.UART_SetConfig    stm32f4xx_hal_uart.o
    0x08005a44   0x08005a44   0x00000062   Code   RO         4004    i.UART_Transmit_IT  stm32f4xx_hal_uart.o
    0x08005aa6   0x08005aa6   0x00000002   PAD
    0x08005aa8   0x08005aa8   0x00000018   Code   RO          906    i.USART1_IRQHandler  stm32f4xx_it.o
    0x08005ac0   0x08005ac0   0x00000038   Code   RO         5867    i.USART1_Init       drv_uart.o
    0x08005af8   0x08005af8   0x00000004   Code   RO         8220    i.USART1_rxDataHandler  navigation.o
    0x08005afc   0x08005afc   0x00000018   Code   RO          907    i.USART2_IRQHandler  stm32f4xx_it.o
    0x08005b14   0x08005b14   0x0000003c   Code   RO         5869    i.USART2_Init       drv_uart.o
    0x08005b50   0x08005b50   0x00000002   Code   RO         5870    i.USART2_rxDataHandler  drv_uart.o
    0x08005b52   0x08005b52   0x00000002   PAD
    0x08005b54   0x08005b54   0x00000018   Code   RO          908    i.USART3_IRQHandler  stm32f4xx_it.o
    0x08005b6c   0x08005b6c   0x00000038   Code   RO         5871    i.USART3_Init       drv_uart.o
    0x08005ba4   0x08005ba4   0x00000004   Code   RO         8079    i.USART3_rxDataHandler  vision.o
    0x08005ba8   0x08005ba8   0x00000038   Code   RO         5873    i.USART4_Init       drv_uart.o
    0x08005be0   0x08005be0   0x00000002   Code   RO         5874    i.USART4_rxDataHandler  drv_uart.o
    0x08005be2   0x08005be2   0x00000002   PAD
    0x08005be4   0x08005be4   0x00000038   Code   RO         5875    i.USART5_Init       drv_uart.o
    0x08005c1c   0x08005c1c   0x00000004   Code   RO         8769    i.USART5_rxDataHandler  judge.o
    0x08005c20   0x08005c20   0x00000002   Code   RO          909    i.UsageFault_Handler  stm32f4xx_it.o
    0x08005c22   0x08005c22   0x00000002   PAD
    0x08005c24   0x08005c24   0x0000003c   Code   RO         8157    i.Verify_CRC16_Check_Sum  crc.o
    0x08005c60   0x08005c60   0x0000002a   Code   RO         8158    i.Verify_CRC8_Check_Sum  crc.o
    0x08005c8a   0x08005c8a   0x0000000c   Code   RO         8544    i.VisionTask        check_task.o
    0x08005c96   0x08005c96   0x00000002   PAD
    0x08005c98   0x08005c98   0x00000088   Code   RO         8080    i.Vision_GetData    vision.o
    0x08005d20   0x08005d20   0x00000034   Code   RO         8082    i.Vision_Init       vision.o
    0x08005d54   0x08005d54   0x00000064   Code   RO         8083    i.Vision_SendData   vision.o
    0x08005db8   0x08005db8   0x00000044   Code   RO         7761    i.Yaw_Auto_L        rp_gimbal.o
    0x08005dfc   0x08005dfc   0x0000004c   Code   RO         7762    i.Yaw_Auto_R        rp_gimbal.o
    0x08005e48   0x08005e48   0x00000030   Code   RO         9194    i.__ARM_fpclassify  m_wm.l(fpclassify.o)
    0x08005e78   0x08005e78   0x00000020   Code   RO         2160    i.__NVIC_SetPriority  stm32f4xx_hal_cortex.o
    0x08005e98   0x08005e98   0x00000024   Code   RO         8612    i.__NVIC_SystemReset  car.o
    0x08005ebc   0x08005ebc   0x00000004   PAD
    0x08005ec0   0x08005ec0   0x00000360   Code   RO         9013    i.__hardfp_asin     m_wm.l(asin.o)
    0x08006220   0x08006220   0x000002d8   Code   RO         9157    i.__hardfp_atan     m_wm.l(atan.o)
    0x080064f8   0x080064f8   0x00000200   Code   RO         9027    i.__hardfp_atan2    m_wm.l(atan2.o)
    0x080066f8   0x080066f8   0x000000c8   Code   RO         9039    i.__hardfp_cos      m_wm.l(cos.o)
    0x080067c0   0x080067c0   0x000000c8   Code   RO         9051    i.__hardfp_sin      m_wm.l(sin.o)
    0x08006888   0x08006888   0x00000438   Code   RO         9199    i.__ieee754_rem_pio2  m_wm.l(rred.o)
    0x08006cc0   0x08006cc0   0x00000170   Code   RO         9171    i.__kernel_cos      m_wm.l(cos_i.o)
    0x08006e30   0x08006e30   0x000000f8   Code   RO         9196    i.__kernel_poly     m_wm.l(poly.o)
    0x08006f28   0x08006f28   0x00000130   Code   RO         9204    i.__kernel_sin      m_wm.l(sin_i.o)
    0x08007058   0x08007058   0x00000014   Code   RO         9175    i.__mathlib_dbl_infnan  m_wm.l(dunder.o)
    0x0800706c   0x0800706c   0x00000014   Code   RO         9176    i.__mathlib_dbl_infnan2  m_wm.l(dunder.o)
    0x08007080   0x08007080   0x00000020   Code   RO         9177    i.__mathlib_dbl_invalid  m_wm.l(dunder.o)
    0x080070a0   0x080070a0   0x00000020   Code   RO         9180    i.__mathlib_dbl_underflow  m_wm.l(dunder.o)
    0x080070c0   0x080070c0   0x0000002a   Code   RO         7513    i.abs_limit         dji_pid.o
    0x080070ea   0x080070ea   0x00000096   Code   RO         7997    i.all_key_board_status_interrupt_update  remote.o
    0x08007180   0x08007180   0x00000096   Code   RO         7998    i.all_key_board_status_update  remote.o
    0x08007216   0x08007216   0x00000010   Code   RO         9159    i.atan              m_wm.l(atan.o)
    0x08007226   0x08007226   0x00000002   PAD
    0x08007228   0x08007228   0x00000078   Code   RO         7378    i.bmi270_init       bmi270.o
    0x080072a0   0x080072a0   0x00000002   Code   RO         7226    i.bmi2_error_codes_print_result  bmi2_common.o
    0x080072a2   0x080072a2   0x00000036   Code   RO         6130    i.bmi2_extract_input_feat_config  bmi2.o
    0x080072d8   0x080072d8   0x000000a0   Code   RO         6135    i.bmi2_get_feat_config  bmi2.o
    0x08007378   0x08007378   0x0000003c   Code   RO         6142    i.bmi2_get_gyro_cross_sense  bmi2.o
    0x080073b4   0x080073b4   0x00000030   Code   RO         6145    i.bmi2_get_internal_status  bmi2.o
    0x080073e4   0x080073e4   0x00000092   Code   RO         6146    i.bmi2_get_regs     bmi2.o
    0x08007476   0x08007476   0x00000002   PAD
    0x08007478   0x08007478   0x0000023a   Code   RO         6148    i.bmi2_get_sensor_config  bmi2.o
    0x080076b2   0x080076b2   0x000002de   Code   RO         6149    i.bmi2_get_sensor_data  bmi2.o
    0x08007990   0x08007990   0x00000026   Code   RO         6150    i.bmi2_get_status   bmi2.o
    0x080079b6   0x080079b6   0x00000002   PAD
    0x080079b8   0x080079b8   0x00000040   Code   RO         7227    i.bmi2_interface_selection  bmi2_common.o
    0x080079f8   0x080079f8   0x00000076   Code   RO         6151    i.bmi2_map_data_int  bmi2.o
    0x08007a6e   0x08007a6e   0x00000002   PAD
    0x08007a70   0x08007a70   0x00000064   Code   RO         6161    i.bmi2_sec_init     bmi2.o
    0x08007ad4   0x08007ad4   0x00000038   Code   RO         6163    i.bmi2_sensor_enable  bmi2.o
    0x08007b0c   0x08007b0c   0x00000062   Code   RO         6165    i.bmi2_set_adv_power_save  bmi2.o
    0x08007b6e   0x08007b6e   0x00000002   PAD
    0x08007b70   0x08007b70   0x0000009c   Code   RO         6175    i.bmi2_set_regs     bmi2.o
    0x08007c0c   0x08007c0c   0x000001e6   Code   RO         6177    i.bmi2_set_sensor_config  bmi2.o
    0x08007df2   0x08007df2   0x00000060   Code   RO         6178    i.bmi2_soft_reset   bmi2.o
    0x08007e52   0x08007e52   0x00000056   Code   RO         6182    i.bmi2_write_config_file  bmi2.o
    0x08007ea8   0x08007ea8   0x00000038   Code   RO         8831    i.cap_send_2E       cap_protocol_1.o
    0x08007ee0   0x08007ee0   0x00000070   Code   RO         8832    i.cap_send_2F       cap_protocol_1.o
    0x08007f50   0x08007f50   0x00000054   Code   RO         8833    i.cap_update        cap_protocol_1.o
    0x08007fa4   0x08007fa4   0x0000003e   Code   RO         6185    i.cfg_error_status  bmi2.o
    0x08007fe2   0x08007fe2   0x00000002   PAD
    0x08007fe4   0x08007fe4   0x00000774   Code   RO         7707    i.chassis_work      chassic_task.o
    0x08008758   0x08008758   0x00000030   Code   RO         6186    i.check_boundary_val  bmi2.o
    0x08008788   0x08008788   0x0000001a   Code   RO         6188    i.comp_gyro_cross_axis_sensitivity  bmi2.o
    0x080087a2   0x080087a2   0x000000dc   Code   RO         6189    i.config_aux_interface  bmi2.o
    0x0800887e   0x0800887e   0x00000002   PAD
    0x08008880   0x08008880   0x00000018   Code   RO         5772    i.delay_us          drv_haltick.o
    0x08008898   0x08008898   0x0000002c   Code   RO         5877    i.dma_m0_rxcplt_callback  drv_uart.o
    0x080088c4   0x080088c4   0x00000030   Code   RO         5878    i.dma_m1_rxcplt_callback  drv_uart.o
    0x080088f4   0x080088f4   0x00000036   Code   RO         6196    i.extract_output_feat_config  bmi2.o
    0x0800892a   0x0800892a   0x00000018   Code   RO         9190    i.fabs              m_wm.l(fabs.o)
    0x08008942   0x08008942   0x00000020   Code   RO         6197    i.get_acc_gyr_data  bmi2.o
    0x08008962   0x08008962   0x0000004e   Code   RO         6198    i.get_accel_config  bmi2.o
    0x080089b0   0x080089b0   0x00000068   Code   RO         6199    i.get_accel_self_test_status  bmi2.o
    0x08008a18   0x08008a18   0x0000008a   Code   RO         6200    i.get_any_motion_config  bmi2.o
    0x08008aa2   0x08008aa2   0x000000aa   Code   RO         6201    i.get_aux_config    bmi2.o
    0x08008b4c   0x08008b4c   0x00000058   Code   RO         6203    i.get_ext_sens_sync_config  bmi2.o
    0x08008ba4   0x08008ba4   0x00000086   Code   RO         6204    i.get_flat_config   bmi2.o
    0x08008c2a   0x08008c2a   0x00000082   Code   RO         6205    i.get_free_fall_det_config  bmi2.o
    0x08008cac   0x08008cac   0x00000058   Code   RO         6206    i.get_glance_detect_config  bmi2.o
    0x08008d04   0x08008d04   0x0000005e   Code   RO         6207    i.get_gyro_config   bmi2.o
    0x08008d62   0x08008d62   0x00000072   Code   RO         6208    i.get_gyro_cross_sense  bmi2.o
    0x08008dd4   0x08008dd4   0x0000008a   Code   RO         6209    i.get_gyro_gain_update_config  bmi2.o
    0x08008e5e   0x08008e5e   0x00000068   Code   RO         6210    i.get_gyro_gain_update_status  bmi2.o
    0x08008ec6   0x08008ec6   0x000000a4   Code   RO         6211    i.get_high_g_config  bmi2.o
    0x08008f6a   0x08008f6a   0x00000092   Code   RO         6212    i.get_low_g_config  bmi2.o
    0x08008ffc   0x08008ffc   0x0000008a   Code   RO         6214    i.get_no_motion_config  bmi2.o
    0x08009086   0x08009086   0x00000076   Code   RO         6215    i.get_nvm_error_status  bmi2.o
    0x080090fc   0x080090fc   0x000000b4   Code   RO         6216    i.get_ois_output    bmi2.o
    0x080091b0   0x080091b0   0x0000008c   Code   RO         6217    i.get_orient_config  bmi2.o
    0x0800923c   0x0800923c   0x00000056   Code   RO         6220    i.get_remapped_data  bmi2.o
    0x08009292   0x08009292   0x000000be   Code   RO         6221    i.get_sig_motion_config  bmi2.o
    0x08009350   0x08009350   0x0000008a   Code   RO         6223    i.get_step_config   bmi2.o
    0x080093da   0x080093da   0x000000aa   Code   RO         6224    i.get_step_count_params_config  bmi2.o
    0x08009484   0x08009484   0x0000006e   Code   RO         6225    i.get_step_counter_output  bmi2.o
    0x080094f2   0x080094f2   0x00000058   Code   RO         6226    i.get_tilt_config   bmi2.o
    0x0800954a   0x0800954a   0x00000058   Code   RO         6227    i.get_up_hold_to_wake_config  bmi2.o
    0x080095a2   0x080095a2   0x0000007c   Code   RO         6229    i.get_wake_up_config  bmi2.o
    0x0800961e   0x0800961e   0x00000076   Code   RO         6230    i.get_wrist_gest_config  bmi2.o
    0x08009694   0x08009694   0x0000008a   Code   RO         6231    i.get_wrist_gest_w_config  bmi2.o
    0x0800971e   0x0800971e   0x0000008e   Code   RO         6232    i.get_wrist_wear_wake_up_config  bmi2.o
    0x080097ac   0x080097ac   0x0000009c   Code   RO         6233    i.get_wrist_wear_wake_up_wh_config  bmi2.o
    0x08009848   0x08009848   0x000001d0   Code   RO         7879    i.gimbal_work       gimbal_task.o
    0x08009a18   0x08009a18   0x0000002c   Code   RO         6000    i.inVSqrt           bmi.o
    0x08009a44   0x08009a44   0x00000026   Code   RO         8835    i.int16_to_float    cap_protocol_1.o
    0x08009a6a   0x08009a6a   0x00000002   PAD
    0x08009a6c   0x08009a6c   0x00000028   Code   RO         8770    i.judge_heart       judge.o
    0x08009a94   0x08009a94   0x00000070   Code   RO         8771    i.judge_recive      judge.o
    0x08009b04   0x08009b04   0x000002b4   Code   RO         8772    i.judge_update      judge.o
    0x08009db8   0x08009db8   0x00000044   Code   RO         8000    i.key_board_status_interrupt_update  remote.o
    0x08009dfc   0x08009dfc   0x00000036   Code   RO         8001    i.key_board_status_update  remote.o
    0x08009e32   0x08009e32   0x00000026   Code   RO         6001    i.lsb_to_dps        bmi.o
    0x08009e58   0x08009e58   0x00000034   Code   RO         6002    i.lsb_to_mps2       bmi.o
    0x08009e8c   0x08009e8c   0x0000009c   Code   RO           16    i.main              main.o
    0x08009f28   0x08009f28   0x0000000c   Code   RO         5087    i.makeFreeRtosPriority  cmsis_os.o
    0x08009f34   0x08009f34   0x000003b4   Code   RO         7916    i.master_work       master_task.o
    0x0800a2e8   0x0800a2e8   0x00000024   Code   RO         5773    i.micros            drv_haltick.o
    0x0800a30c   0x0800a30c   0x00000528   Code   RO         6003    i.my_BMI_Get_EulerAngle  bmi.o
    0x0800a834   0x0800a834   0x00000018   Code   RO         6235    i.null_ptr_check    bmi2.o
    0x0800a84c   0x0800a84c   0x0000000e   Code   RO         5089    i.osDelay           cmsis_os.o
    0x0800a85a   0x0800a85a   0x0000000a   Code   RO         5092    i.osKernelStart     cmsis_os.o
    0x0800a864   0x0800a864   0x00000054   Code   RO         5126    i.osThreadCreate    cmsis_os.o
    0x0800a8b8   0x0800a8b8   0x000001c4   Code   RO         7514    i.pid_calc          dji_pid.o
    0x0800aa7c   0x0800aa7c   0x0000018c   Code   RO         7515    i.pid_calc_err      dji_pid.o
    0x0800ac08   0x0800ac08   0x000001b8   Code   RO         7516    i.pid_calc_err_9015  dji_pid.o
    0x0800adc0   0x0800adc0   0x0000000e   Code   RO         7518    i.pid_param_init    dji_pid.o
    0x0800adce   0x0800adce   0x00000006   Code   RO         7519    i.pid_reset         dji_pid.o
    0x0800add4   0x0800add4   0x00000070   Code   RO         4781    i.prvAddCurrentTaskToDelayedList  tasks.o
    0x0800ae44   0x0800ae44   0x000000d0   Code   RO         4782    i.prvAddNewTaskToReadyList  tasks.o
    0x0800af14   0x0800af14   0x00000034   Code   RO         4783    i.prvDeleteTCB      tasks.o
    0x0800af48   0x0800af48   0x0000004c   Code   RO         5454    i.prvHeapInit       heap_4.o
    0x0800af94   0x0800af94   0x00000060   Code   RO         4784    i.prvIdleTask       tasks.o
    0x0800aff4   0x0800aff4   0x00000098   Code   RO         4785    i.prvInitialiseNewTask  tasks.o
    0x0800b08c   0x0800b08c   0x0000004c   Code   RO         5455    i.prvInsertBlockIntoFreeList  heap_4.o
    0x0800b0d8   0x0800b0d8   0x00000020   Code   RO         4786    i.prvResetNextTaskUnblockTime  tasks.o
    0x0800b0f8   0x0800b0f8   0x00000028   Code   RO         5517    i.prvTaskExitError  port.o
    0x0800b120   0x0800b120   0x000000d8   Code   RO         5456    i.pvPortMalloc      heap_4.o
    0x0800b1f8   0x0800b1f8   0x0000002c   Code   RO         5518    i.pxPortInitialiseStack  port.o
    0x0800b224   0x0800b224   0x0000013c   Code   RO         8002    i.rc_base_info_update  remote.o
    0x0800b360   0x0800b360   0x00000020   Code   RO         8003    i.rc_init           remote.o
    0x0800b380   0x0800b380   0x00000036   Code   RO         8005    i.rc_wheel_status_interrupt_update  remote.o
    0x0800b3b6   0x0800b3b6   0x0000014e   Code   RO         6249    i.select_sensor     bmi2.o
    0x0800b504   0x0800b504   0x000003c4   Code   RO         6252    i.sensor_enable     bmi2.o
    0x0800b8c8   0x0800b8c8   0x00000098   Code   RO         6253    i.set_accel_config  bmi2.o
    0x0800b960   0x0800b960   0x00000056   Code   RO         6255    i.set_act_recog     bmi2.o
    0x0800b9b6   0x0800b9b6   0x0000005a   Code   RO         6256    i.set_any_motion    bmi2.o
    0x0800ba10   0x0800ba10   0x000000c6   Code   RO         6257    i.set_any_motion_config  bmi2.o
    0x0800bad6   0x0800bad6   0x00000090   Code   RO         6258    i.set_aux_config    bmi2.o
    0x0800bb66   0x0800bb66   0x00000036   Code   RO         6259    i.set_config_load   bmi2.o
    0x0800bb9c   0x0800bb9c   0x00000056   Code   RO         6260    i.set_double_tap    bmi2.o
    0x0800bbf2   0x0800bbf2   0x00000056   Code   RO         6261    i.set_ext_sens_sync  bmi2.o
    0x0800bc48   0x0800bc48   0x0000008e   Code   RO         6262    i.set_ext_sens_sync_config  bmi2.o
    0x0800bcd6   0x0800bcd6   0x00000002   PAD
    0x0800bcd8   0x0800bcd8   0x00000068   Code   RO         6263    i.set_feat_accel_self_test  bmi2.o
    0x0800bd40   0x0800bd40   0x00000056   Code   RO         6264    i.set_flat          bmi2.o
    0x0800bd96   0x0800bd96   0x000000bc   Code   RO         6265    i.set_flat_config   bmi2.o
    0x0800be52   0x0800be52   0x00000056   Code   RO         6266    i.set_free_fall_det  bmi2.o
    0x0800bea8   0x0800bea8   0x000000a8   Code   RO         6267    i.set_free_fall_det_config  bmi2.o
    0x0800bf50   0x0800bf50   0x0000008e   Code   RO         6268    i.set_glance_detect_config  bmi2.o
    0x0800bfde   0x0800bfde   0x00000056   Code   RO         6269    i.set_glance_detector  bmi2.o
    0x0800c034   0x0800c034   0x000000ac   Code   RO         6270    i.set_gyro_config   bmi2.o
    0x0800c0e0   0x0800c0e0   0x00000056   Code   RO         6271    i.set_gyro_self_offset_corr  bmi2.o
    0x0800c136   0x0800c136   0x0000005a   Code   RO         6272    i.set_gyro_user_gain  bmi2.o
    0x0800c190   0x0800c190   0x000000a2   Code   RO         6273    i.set_gyro_user_gain_config  bmi2.o
    0x0800c232   0x0800c232   0x0000005a   Code   RO         6274    i.set_high_g        bmi2.o
    0x0800c28c   0x0800c28c   0x000000da   Code   RO         6275    i.set_high_g_config  bmi2.o
    0x0800c366   0x0800c366   0x0000005a   Code   RO         6277    i.set_low_g         bmi2.o
    0x0800c3c0   0x0800c3c0   0x000000ba   Code   RO         6278    i.set_low_g_config  bmi2.o
    0x0800c47a   0x0800c47a   0x0000005a   Code   RO         6280    i.set_no_motion     bmi2.o
    0x0800c4d4   0x0800c4d4   0x000000c6   Code   RO         6281    i.set_no_motion_config  bmi2.o
    0x0800c59a   0x0800c59a   0x000000c6   Code   RO         6283    i.set_orient_config  bmi2.o
    0x0800c660   0x0800c660   0x00000056   Code   RO         6284    i.set_orientation   bmi2.o
    0x0800c6b6   0x0800c6b6   0x0000009e   Code   RO         6285    i.set_primary_ois_config  bmi2.o
    0x0800c754   0x0800c754   0x0000005a   Code   RO         6287    i.set_sig_motion    bmi2.o
    0x0800c7ae   0x0800c7ae   0x000000be   Code   RO         6288    i.set_sig_motion_config  bmi2.o
    0x0800c86c   0x0800c86c   0x00000056   Code   RO         6289    i.set_single_tap    bmi2.o
    0x0800c8c2   0x0800c8c2   0x0000005a   Code   RO         6290    i.set_step_activity  bmi2.o
    0x0800c91c   0x0800c91c   0x000000c0   Code   RO         6291    i.set_step_config   bmi2.o
    0x0800c9dc   0x0800c9dc   0x000000d4   Code   RO         6292    i.set_step_count_params_config  bmi2.o
    0x0800cab0   0x0800cab0   0x0000005a   Code   RO         6293    i.set_step_counter  bmi2.o
    0x0800cb0a   0x0800cb0a   0x0000005a   Code   RO         6294    i.set_step_detector  bmi2.o
    0x0800cb64   0x0800cb64   0x00000056   Code   RO         6295    i.set_tilt          bmi2.o
    0x0800cbba   0x0800cbba   0x0000008e   Code   RO         6296    i.set_tilt_config   bmi2.o
    0x0800cc48   0x0800cc48   0x00000056   Code   RO         6297    i.set_triple_tap    bmi2.o
    0x0800cc9e   0x0800cc9e   0x00000056   Code   RO         6298    i.set_up_hold_to_wake  bmi2.o
    0x0800ccf4   0x0800ccf4   0x0000008e   Code   RO         6299    i.set_up_hold_to_wake_config  bmi2.o
    0x0800cd82   0x0800cd82   0x00000056   Code   RO         6300    i.set_wake_up       bmi2.o
    0x0800cdd8   0x0800cdd8   0x000000bc   Code   RO         6301    i.set_wake_up_config  bmi2.o
    0x0800ce94   0x0800ce94   0x000000b6   Code   RO         6302    i.set_wrist_gest_config  bmi2.o
    0x0800cf4a   0x0800cf4a   0x000000c8   Code   RO         6303    i.set_wrist_gest_w_config  bmi2.o
    0x0800d012   0x0800d012   0x00000056   Code   RO         6304    i.set_wrist_gesture  bmi2.o
    0x0800d068   0x0800d068   0x00000056   Code   RO         6305    i.set_wrist_gesture_wh  bmi2.o
    0x0800d0be   0x0800d0be   0x00000056   Code   RO         6306    i.set_wrist_wear_wake_up  bmi2.o
    0x0800d114   0x0800d114   0x000000c8   Code   RO         6307    i.set_wrist_wear_wake_up_config  bmi2.o
    0x0800d1dc   0x0800d1dc   0x00000056   Code   RO         6308    i.set_wrist_wear_wake_up_wh  bmi2.o
    0x0800d232   0x0800d232   0x000000fa   Code   RO         6309    i.set_wrist_wear_wake_up_wh_config  bmi2.o
    0x0800d32c   0x0800d32c   0x00000334   Code   RO         8731    i.shoot_work        shoot_task.o
    0x0800d660   0x0800d660   0x0000006e   Code   RO         9212    i.sqrt              m_wm.l(sqrt.o)
    0x0800d6ce   0x0800d6ce   0x00000002   PAD
    0x0800d6d0   0x0800d6d0   0x000000f4   Code   RO         5879    i.uart_rx_idle_callback  drv_uart.o
    0x0800d7c4   0x0800d7c4   0x00000040   Code   RO         6321    i.upload_file       bmi2.o
    0x0800d804   0x0800d804   0x00000004   Code   RO         7231    i.user_delay_us     bmi2_common.o
    0x0800d808   0x0800d808   0x00000024   Code   RO         7232    i.user_i2c_reg_read  bmi2_common.o
    0x0800d82c   0x0800d82c   0x0000004c   Code   RO         7233    i.user_i2c_reg_write  bmi2_common.o
    0x0800d878   0x0800d878   0x00000026   Code   RO         4417    i.uxListRemove      list.o
    0x0800d89e   0x0800d89e   0x00000002   PAD
    0x0800d8a0   0x0800d8a0   0x00000014   Code   RO          492    i.vApplicationGetIdleTaskMemory  freertos.o
    0x0800d8b4   0x0800d8b4   0x00000016   Code   RO         4418    i.vListInitialise   list.o
    0x0800d8ca   0x0800d8ca   0x00000006   Code   RO         4419    i.vListInitialiseItem  list.o
    0x0800d8d0   0x0800d8d0   0x00000030   Code   RO         4420    i.vListInsert       list.o
    0x0800d900   0x0800d900   0x00000018   Code   RO         4421    i.vListInsertEnd    list.o
    0x0800d918   0x0800d918   0x00000040   Code   RO         5520    i.vPortEnterCritical  port.o
    0x0800d958   0x0800d958   0x00000028   Code   RO         5521    i.vPortExitCritical  port.o
    0x0800d980   0x0800d980   0x0000005c   Code   RO         5457    i.vPortFree         heap_4.o
    0x0800d9dc   0x0800d9dc   0x00000024   Code   RO         5522    i.vPortSetupTimerInterrupt  port.o
    0x0800da00   0x0800da00   0x0000004c   Code   RO         4794    i.vTaskDelay        tasks.o
    0x0800da4c   0x0800da4c   0x0000006c   Code   RO         4807    i.vTaskStartScheduler  tasks.o
    0x0800dab8   0x0800dab8   0x00000010   Code   RO         4809    i.vTaskSuspendAll   tasks.o
    0x0800dac8   0x0800dac8   0x0000005c   Code   RO         4810    i.vTaskSwitchContext  tasks.o
    0x0800db24   0x0800db24   0x00000174   Code   RO         8085    i.vision_task       vision.o
    0x0800dc98   0x0800dc98   0x000000d0   Code   RO         8545    i.work_check        check_task.o
    0x0800dd68   0x0800dd68   0x000000e4   Code   RO         6327    i.write_config_file  bmi2.o
    0x0800de4c   0x0800de4c   0x000000f4   Code   RO         5524    i.xPortStartScheduler  port.o
    0x0800df40   0x0800df40   0x0000005a   Code   RO         4812    i.xTaskCreate       tasks.o
    0x0800df9a   0x0800df9a   0x00000056   Code   RO         4813    i.xTaskCreateStatic  tasks.o
    0x0800dff0   0x0800dff0   0x000000c8   Code   RO         4820    i.xTaskIncrementTick  tasks.o
    0x0800e0b8   0x0800e0b8   0x000000c4   Code   RO         4826    i.xTaskResumeAll    tasks.o
    0x0800e17c   0x0800e17c   0x00000018   Code   RO         9144    x$fpl$basic         fz_wm.l(basic.o)
    0x0800e194   0x0800e194   0x00000062   Code   RO         8987    x$fpl$d2f           fz_wm.l(d2f.o)
    0x0800e1f6   0x0800e1f6   0x00000002   PAD
    0x0800e1f8   0x0800e1f8   0x00000150   Code   RO         8989    x$fpl$dadd          fz_wm.l(daddsub_clz.o)
    0x0800e348   0x0800e348   0x00000018   Code   RO         9266    x$fpl$dcmpinf       fz_wm.l(dcmpi.o)
    0x0800e360   0x0800e360   0x000002b0   Code   RO         8996    x$fpl$ddiv          fz_wm.l(ddiv.o)
    0x0800e610   0x0800e610   0x00000078   Code   RO         9146    x$fpl$deqf          fz_wm.l(deqf.o)
    0x0800e688   0x0800e688   0x0000005e   Code   RO         8999    x$fpl$dfix          fz_wm.l(dfix.o)
    0x0800e6e6   0x0800e6e6   0x0000002e   Code   RO         9004    x$fpl$dflt          fz_wm.l(dflt_clz.o)
    0x0800e714   0x0800e714   0x00000026   Code   RO         9003    x$fpl$dfltu         fz_wm.l(dflt_clz.o)
    0x0800e73a   0x0800e73a   0x00000002   PAD
    0x0800e73c   0x0800e73c   0x00000154   Code   RO         9009    x$fpl$dmul          fz_wm.l(dmul.o)
    0x0800e890   0x0800e890   0x0000009c   Code   RO         9148    x$fpl$dnaninf       fz_wm.l(dnaninf.o)
    0x0800e92c   0x0800e92c   0x0000000c   Code   RO         9150    x$fpl$dretinf       fz_wm.l(dretinf.o)
    0x0800e938   0x0800e938   0x00000016   Code   RO         8990    x$fpl$drsb          fz_wm.l(daddsub_clz.o)
    0x0800e94e   0x0800e94e   0x00000002   PAD
    0x0800e950   0x0800e950   0x00000198   Code   RO         9270    x$fpl$dsqrt         fz_wm.l(dsqrt_umaal.o)
    0x0800eae8   0x0800eae8   0x000001d4   Code   RO         8991    x$fpl$dsub          fz_wm.l(daddsub_clz.o)
    0x0800ecbc   0x0800ecbc   0x00000056   Code   RO         9011    x$fpl$f2d           fz_wm.l(f2d.o)
    0x0800ed12   0x0800ed12   0x0000008c   Code   RO         9152    x$fpl$fnaninf       fz_wm.l(fnaninf.o)
    0x0800ed9e   0x0800ed9e   0x0000000a   Code   RO         9272    x$fpl$fpinit        fz_wm.l(fpinit.o)
    0x0800eda8   0x0800eda8   0x0000000a   Code   RO         9154    x$fpl$fretinf       fz_wm.l(fretinf.o)
    0x0800edb2   0x0800edb2   0x00000000   Code   RO         9156    x$fpl$usenofp       fz_wm.l(usenofp.o)
    0x0800edb2   0x0800edb2   0x00000002   PAD
    0x0800edb4   0x0800edb4   0x000000e0   Data   RO          494    .constdata          freertos.o
    0x0800ee94   0x0800ee94   0x00000008   Data   RO         1877    .constdata          stm32f4xx_hal_dma.o
    0x0800ee9c   0x0800ee9c   0x00000010   Data   RO         4280    .constdata          system_stm32f4xx.o
    0x0800eeac   0x0800eeac   0x00000008   Data   RO         4281    .constdata          system_stm32f4xx.o
    0x0800eeb4   0x0800eeb4   0x00000006   Data   RO         6329    .constdata          bmi2.o
    0x0800eeba   0x0800eeba   0x00002045   Data   RO         7379    .constdata          bmi270.o
    0x08010eff   0x08010eff   0x00000001   PAD
    0x08010f00   0x08010f00   0x00000300   Data   RO         8160    .constdata          crc.o
    0x08011200   0x08011200   0x00000050   Data   RO         9016    .constdata          m_wm.l(asin.o)
    0x08011250   0x08011250   0x00000098   Data   RO         9160    .constdata          m_wm.l(atan.o)
    0x080112e8   0x080112e8   0x00000030   Data   RO         9172    .constdata          m_wm.l(cos_i.o)
    0x08011318   0x08011318   0x00000008   Data   RO         9198    .constdata          m_wm.l(qnan.o)
    0x08011320   0x08011320   0x000000c8   Data   RO         9201    .constdata          m_wm.l(rred.o)
    0x080113e8   0x080113e8   0x00000028   Data   RO         9205    .constdata          m_wm.l(sin_i.o)
    0x08011410   0x08011410   0x00000064   Data   RO          495    .conststring        freertos.o
    0x08011474   0x08011474   0x00000020   Data   RO         9363    Region$$Table       anon$$obj.o


    Execution Region RW_IRAM1 (Exec base: 0x20000000, Load base: 0x08011494, Size: 0x00005e18, Max: 0x0001c000, ABSOLUTE, COMPRESSED[0x0000006c])

    Exec Addr    Load Addr    Size         Type   Attr      Idx    E Section Name        Object

    0x20000000   COMPRESSED   0x00000002   Data   RW           29    .data               main.o
    0x20000002   COMPRESSED   0x00000002   Data   RW           30    .data               main.o
    0x20000004   COMPRESSED   0x00000002   Data   RW           31    .data               main.o
    0x20000006   COMPRESSED   0x00000002   Data   RW           32    .data               main.o
    0x20000008   COMPRESSED   0x00000002   Data   RW           33    .data               main.o
    0x2000000a   COMPRESSED   0x00000002   Data   RW           34    .data               main.o
    0x2000000c   COMPRESSED   0x00000008   Data   RW           35    .data               main.o
    0x20000014   COMPRESSED   0x00000003   Data   RW           36    .data               main.o
    0x20000017   COMPRESSED   0x00000006   Data   RW           37    .data               main.o
    0x2000001d   COMPRESSED   0x00000003   Data   RW           38    .data               main.o
    0x20000020   COMPRESSED   0x00000003   Data   RW           39    .data               main.o
    0x20000023   COMPRESSED   0x00000003   Data   RW           40    .data               main.o
    0x20000026   COMPRESSED   0x00000003   Data   RW           41    .data               main.o
    0x20000029   COMPRESSED   0x00000002   Data   RW           42    .data               main.o
    0x2000002b   COMPRESSED   0x00000001   PAD
    0x2000002c   COMPRESSED   0x00000020   Data   RW          496    .data               freertos.o
    0x2000004c   COMPRESSED   0x00000004   Data   RW          626    .data               can.o
    0x20000050   COMPRESSED   0x0000000c   Data   RW         2304    .data               stm32f4xx_hal.o
    0x2000005c   COMPRESSED   0x00000004   Data   RW         4282    .data               system_stm32f4xx.o
    0x20000060   COMPRESSED   0x0000003c   Data   RW         4829    .data               tasks.o
    0x2000009c   COMPRESSED   0x00000018   Data   RW         5462    .data               heap_4.o
    0x200000b4   COMPRESSED   0x0000000c   Data   RW         5525    .data               port.o
    0x200000c0   COMPRESSED   0x00000001   Data   RW         5689    .data               drv_can.o
    0x200000c1   COMPRESSED   0x00000003   PAD
    0x200000c4   COMPRESSED   0x00000004   Data   RW         5774    .data               drv_haltick.o
    0x200000c8   COMPRESSED   0x00000074   Data   RW         6006    .data               bmi.o
    0x2000013c   COMPRESSED   0x00000002   Data   RW         7236    .data               bmi2_common.o
    0x2000013e   COMPRESSED   0x00000002   Data   RW         7525    .data               dji_pid.o
    0x20000140   COMPRESSED   0x00000054   Data   RW         7622    .data               rp_chassis.o
    0x20000194   COMPRESSED   0x0000001c   Data   RW         7709    .data               chassic_task.o
    0x200001b0   COMPRESSED   0x0000000c   Data   RW         7763    .data               rp_gimbal.o
    0x200001bc   COMPRESSED   0x00000014   Data   RW         7880    .data               gimbal_task.o
    0x200001d0   COMPRESSED   0x0000000a   Data   RW         7917    .data               master_task.o
    0x200001da   COMPRESSED   0x00000002   Data   RW         8161    .data               crc.o
    0x200001dc   COMPRESSED   0x00000003   Data   RW         8613    .data               car.o
    0x200001df   COMPRESSED   0x00000006   Data   RW         8670    .data               rp_shoot.o
    0x200001e5   COMPRESSED   0x00000003   PAD
    0x200001e8   COMPRESSED   0x0000000c   Data   RW         8733    .data               shoot_task.o
    0x200001f4   COMPRESSED   0x0000002c   Data   RW         8775    .data               judge.o
    0x20000220   COMPRESSED   0x00000002   Data   RW         8776    .data               judge.o
    0x20000222   COMPRESSED   0x00000002   PAD
    0x20000224   COMPRESSED   0x00000038   Data   RW         8777    .data               judge.o
    0x2000025c   COMPRESSED   0x00000006   Data   RW         8778    .data               judge.o
    0x20000262   COMPRESSED   0x00000006   Data   RW         8779    .data               judge.o
    0x20000268   COMPRESSED   0x00000010   Data   RW         8837    .data               cap_protocol_1.o
    0x20000278   COMPRESSED   0x00000002   Data   RW         8886    .data               cap.o
    0x2000027a   COMPRESSED   0x00000002   PAD
    0x2000027c        -       0x00000144   Zero   RW           17    .bss                main.o
    0x200003c0        -       0x00000018   Zero   RW           18    .bss                main.o
    0x200003d8        -       0x0000000c   Zero   RW           19    .bss                main.o
    0x200003e4        -       0x0000000e   Zero   RW           20    .bss                main.o
    0x200003f2   COMPRESSED   0x00000002   PAD
    0x200003f4        -       0x0000000c   Zero   RW           21    .bss                main.o
    0x20000400        -       0x0000000e   Zero   RW           22    .bss                main.o
    0x2000040e   COMPRESSED   0x00000002   PAD
    0x20000410        -       0x0000000c   Zero   RW           23    .bss                main.o
    0x2000041c        -       0x0000000e   Zero   RW           24    .bss                main.o
    0x2000042a   COMPRESSED   0x00000002   PAD
    0x2000042c        -       0x0000000c   Zero   RW           25    .bss                main.o
    0x20000438        -       0x0000000e   Zero   RW           26    .bss                main.o
    0x20000446   COMPRESSED   0x00000002   PAD
    0x20000448        -       0x000001b0   Zero   RW           27    .bss                main.o
    0x200005f8        -       0x0000006c   Zero   RW           28    .bss                main.o
    0x20000664        -       0x00000254   Zero   RW          493    .bss                freertos.o
    0x200008b8        -       0x00000048   Zero   RW          582    .bss                adc.o
    0x20000900        -       0x00000050   Zero   RW          625    .bss                can.o
    0x20000950        -       0x00000014   Zero   RW          673    .bss                dac.o
    0x20000964        -       0x0000000c   Zero   RW          740    .bss                iwdg.o
    0x20000970        -       0x00000080   Zero   RW          774    .bss                tim.o
    0x200009f0        -       0x000003e0   Zero   RW          830    .bss                usart.o
    0x20000dd0        -       0x00000040   Zero   RW         1092    .bss                stm32f4xx_hal_timebase_tim.o
    0x20000e10        -       0x000000f0   Zero   RW         4828    .bss                tasks.o
    0x20000f00        -       0x00003c00   Zero   RW         5461    .bss                heap_4.o
    0x20004b00        -       0x00000088   Zero   RW         5688    .bss                drv_can.o
    0x20004b88        -       0x0000047c   Zero   RW         5880    .bss                drv_uart.o
    0x20005004   COMPRESSED   0x00000004   PAD
    0x20005008        -       0x00000068   Zero   RW         6005    .bss                bmi.o
    0x20005070        -       0x0000002a   Zero   RW         7948    .bss                can_protocol.o
    0x2000509a   COMPRESSED   0x00000002   PAD
    0x2000509c        -       0x00000083   Zero   RW         8086    .bss                vision.o
    0x2000511f   COMPRESSED   0x00000001   PAD
    0x20005120        -       0x00000083   Zero   RW         8221    .bss                navigation.o
    0x200051a3   COMPRESSED   0x00000001   PAD
    0x200051a4        -       0x00000144   Zero   RW         8294    .bss                9015_motor.o
    0x200052e8        -       0x00000428   Zero   RW         8669    .bss                rp_shoot.o
    0x20005710        -       0x00000098   Zero   RW         8774    .bss                judge.o
    0x200057a8        -       0x0000000c   Zero   RW         8836    .bss                cap_protocol_1.o
    0x200057b4        -       0x00000060   Zero   RW         9225    .bss                c_w.l(libspace.o)
    0x20005814   COMPRESSED   0x00000004   PAD
    0x20005818        -       0x00000200   Zero   RW            2    HEAP                startup_stm32f407xx.o
    0x20005a18        -       0x00000400   Zero   RW            1    STACK               startup_stm32f407xx.o


    Execution Region RW_IRAM2 (Exec base: 0x2001c000, Load base: 0x08011500, Size: 0x00000000, Max: 0x00004000, ABSOLUTE)

    **** No section assigned to this execution region ****


==============================================================================

Image component sizes


      Code (inc. data)   RO Data    RW Data    ZI Data      Debug   Object Name

       210          6          0          0          0       3548   2006_motor.o
       326         18          0          0          0       6407   3508_motor.o
       870        120          0          0        324       8303   9015_motor.o
       196         24          0          0         72       1745   adc.o
      2042        106          0        116        104      48682   bmi.o
     15630        116          6          0          0     113462   bmi2.o
       120         10       8261          0          0       1574   bmi270.o
       354         30          0          2          0       5398   bmi2_common.o
       396         46          0          4         80       2542   can.o
       366          6          0          0         42       4825   can_protocol.o
         0          0          0          2          0        614   cap.o
       290         44          0         16         12       4061   cap_protocol_1.o
       516         46          0          3          0      38282   car.o
      1908        120          0         28          0       2548   chassic_task.o
       324         38          0          0          0       4423   check_task.o
       120          0          0          0          0      23249   cmsis_os.o
       250         22        768          2          0       5024   crc.o
       156         20          0          0         20       1711   dac.o
      1374         40          0          2          0       7669   dji_pid.o
       156          4          0          0          0        886   dma.o
        46          0          0          0          0        554   driver.o
        14          4          0          0          0        946   drv_adda.o
       710         98          0          1        136       7946   drv_can.o
        60          6          0          4          0       1772   drv_haltick.o
        80         20          0          0          0       1546   drv_tim.o
      1322        112          0          0       1148       9647   drv_uart.o
         0          0          0          0          0      15792   event_groups.o
       222         12        324         32        596      34793   freertos.o
       560         54          0         20          0       2128   gimbal_task.o
       304         20          0          0          0     711499   gpio.o
       460         24          0         24      15360       7415   heap_4.o
        44          8          0          0         12        747   iwdg.o
       848         30          0        114        152      11668   judge.o
       138          0          0          0          0       3622   list.o
       312         26          0         43        992     722681   main.o
       948         48          0         10          0       1570   master_task.o
       140          4          0          0        131       4217   navigation.o
       702         72          0         12          0      11220   port.o
       858          4          0          0          0       7350   remote.o
      1330        150          0         84          0      12485   rp_chassis.o
       546         50          0         12          0      14885   rp_gimbal.o
        18          0          0          0          0        638   rp_math.o
       754         38          0          6       1064       7777   rp_shoot.o
       820        106          0         12          0       5322   shoot_task.o
       544         62          0          0          0       4215   soft_iic.o
        64         26        392          0       1536        856   startup_stm32f407xx.o
       128         24          0         12          0       9372   stm32f4xx_hal.o
       712         28          0          0          0       2931   stm32f4xx_hal_adc.o
      1658          6          0          0          0      14527   stm32f4xx_hal_can.o
       158         14          0          0          0      33222   stm32f4xx_hal_cortex.o
       214          0          0          0          0       2767   stm32f4xx_hal_dac.o
       938         16          8          0          0       6566   stm32f4xx_hal_dma.o
       464         46          0          0          0       3069   stm32f4xx_hal_gpio.o
        94          0          0          0          0       1791   stm32f4xx_hal_iwdg.o
        56          4          0          0          0        894   stm32f4xx_hal_msp.o
      1396         86          0          0          0       5973   stm32f4xx_hal_rcc.o
      1720         90          0          0          0      16814   stm32f4xx_hal_tim.o
       232         28          0          0          0       3337   stm32f4xx_hal_tim_ex.o
       116         14          0          0         64       1459   stm32f4xx_hal_timebase_tim.o
      1246         30          0          0          0      11425   stm32f4xx_hal_uart.o
       290         98          0          0          0      46278   stm32f4xx_it.o
         0          0          0          0          0        392   stream_buffer.o
        28          6         24          4          0       1191   system_stm32f4xx.o
      1516        110          0         60        240      19710   tasks.o
       572         52          0          0        128       3357   tim.o
      1220        108          0          0        992       5328   usart.o
       664         38          0          0        131       8365   vision.o

    ----------------------------------------------------------------------
     50958       2592       9816        636      23352    2087012   Object Totals
         0          0         32          0          0          0   (incl. Generated)
        88          4          1         11         16          0   (incl. Padding)

    ----------------------------------------------------------------------

      Code (inc. data)   RO Data    RW Data    ZI Data      Debug   Library Member Name

        90          0          0          0          0          0   __dczerorl2.o
         8          0          0          0          0         68   __main.o
         0          0          0          0          0          0   __rtentry.o
        12          0          0          0          0          0   __rtentry2.o
         6          0          0          0          0          0   __rtentry4.o
        52          8          0          0          0          0   __scatter.o
        28          0          0          0          0          0   __scatter_zi.o
        22          0          0          0          0        100   _rserrno.o
        10          0          0          0          0         68   defsig_exit.o
        50          0          0          0          0         88   defsig_general.o
        80         58          0          0          0         76   defsig_rtmem_inner.o
        14          0          0          0          0         80   defsig_rtmem_outer.o
        18          0          0          0          0         80   exit.o
        94          0          0          0          0         80   h1_alloc.o
        52          0          0          0          0         68   h1_extend.o
        78          0          0          0          0         80   h1_free.o
        14          0          0          0          0         84   h1_init.o
         6          0          0          0          0        152   heapauxi.o
         4          0          0          0          0        136   hguard.o
         0          0          0          0          0          0   indicate_semi.o
       138          0          0          0          0        168   init_alloc.o
         2          0          0          0          0          0   libinit.o
        14          0          0          0          0          0   libinit2.o
         2          0          0          0          0          0   libshutdown.o
         2          0          0          0          0          0   libshutdown2.o
         8          4          0          0         96         68   libspace.o
       238          0          0          0          0        100   lludivv7m.o
         0          0          0          0          0          0   maybetermalloc1.o
         8          4          0          0          0         68   rt_errno_addr_intlibspace.o
         8          4          0          0          0         68   rt_heap_descriptor_intlibspace.o
        68          0          0          0          0         68   rt_memclr.o
        78          0          0          0          0         80   rt_memclr_w.o
       138          0          0          0          0         68   rt_memcpy_v6.o
       100          0          0          0          0         80   rt_memcpy_w.o
         2          0          0          0          0          0   rtexit.o
        10          0          0          0          0          0   rtexit2.o
        12          4          0          0          0         68   sys_exit.o
        74          0          0          0          0         80   sys_stackheap_outer.o
        14          0          0          0          0         76   sys_wrch.o
         2          0          0          0          0         68   use_no_semi.o
        24          0          0          0          0        164   basic.o
        98          4          0          0          0        140   d2f.o
       826         16          0          0          0        492   daddsub_clz.o
        24          0          0          0          0        116   dcmpi.o
       688        140          0          0          0        256   ddiv.o
       120          4          0          0          0        140   deqf.o
        94          4          0          0          0        140   dfix.o
        84          0          0          0          0        232   dflt_clz.o
       340         12          0          0          0        152   dmul.o
       156          4          0          0          0        140   dnaninf.o
        12          0          0          0          0        116   dretinf.o
       408         56          0          0          0        168   dsqrt_umaal.o
        86          4          0          0          0        132   f2d.o
       140          4          0          0          0        132   fnaninf.o
        10          0          0          0          0        116   fpinit.o
        10          0          0          0          0        116   fretinf.o
         0          0          0          0          0          0   usenofp.o
       864         94         80          0          0        280   asin.o
       744        106        152          0          0        352   atan.o
       512         64          0          0          0        208   atan2.o
       200         20          0          0          0        164   cos.o
       368         46         48          0          0        200   cos_i.o
       104         16          0          0          0        496   dunder.o
        24          0          0          0          0        124   fabs.o
        48          0          0          0          0        124   fpclassify.o
       248          0          0          0          0        152   poly.o
         0          0          8          0          0          0   qnan.o
      1080        142        200          0          0        188   rred.o
       200         20          0          0          0        164   sin.o
       304         24         40          0          0        208   sin_i.o
       110          0          0          0          0        148   sqrt.o

    ----------------------------------------------------------------------
      9502        862        528          0        100       7780   Library Totals
        20          0          0          0          4          0   (incl. Padding)

    ----------------------------------------------------------------------

      Code (inc. data)   RO Data    RW Data    ZI Data      Debug   Library Name

      1556         82          0          0         96       2220   c_w.l
      3120        248          0          0          0       2752   fz_wm.l
      4806        532        528          0          0       2808   m_wm.l

    ----------------------------------------------------------------------
      9502        862        528          0        100       7780   Library Totals

    ----------------------------------------------------------------------

==============================================================================


      Code (inc. data)   RO Data    RW Data    ZI Data      Debug   

     60460       3454      10344        636      23452    2047496   Grand Totals
     60460       3454      10344        108      23452    2047496   ELF Image Totals (compressed)
     60460       3454      10344        108          0          0   ROM Totals

==============================================================================

    Total RO  Size (Code + RO Data)                70804 (  69.14kB)
    Total RW  Size (RW Data + ZI Data)             24088 (  23.52kB)
    Total ROM Size (Code + RO Data + RW Data)      70912 (  69.25kB)

==============================================================================

